ARM Linker, 4.1 [Build 644] [Evaluation]

==============================================================================

Section Cross References

    adc_ctrl.o(i.ADC0IntHandler) refers to ui.o(i.UIGetTicks) for UIGetTicks
    adc_ctrl.o(i.ADC0IntHandler) refers to adc_ctrl.o(.data) for .data
    adc_ctrl.o(i.ADC0IntIdle) refers to adc_ctrl.o(.bss) for .bss
    adc_ctrl.o(i.ADC0IntIdle) refers to adc_ctrl.o(.data) for .data
    adc_ctrl.o(i.ADC0IntSine) refers to main.o(i.MainIsRunning) for MainIsRunning
    adc_ctrl.o(i.ADC0IntSine) refers to adc_ctrl.o(.bss) for .bss
    adc_ctrl.o(i.ADC0IntSine) refers to adc_ctrl.o(.data) for .data
    adc_ctrl.o(i.ADC0IntSine) refers to main.o(.data) for g_ulAngle
    adc_ctrl.o(i.ADC0IntSine) refers to pwm_ctrl.o(.data) for g_ulTrapDutyCycle
    adc_ctrl.o(i.ADC0IntSineLinear) refers to main.o(i.MainIsRunning) for MainIsRunning
    adc_ctrl.o(i.ADC0IntSineLinear) refers to adc_ctrl.o(.bss) for .bss
    adc_ctrl.o(i.ADC0IntSineLinear) refers to adc_ctrl.o(.data) for .data
    adc_ctrl.o(i.ADC0IntSineLinear) refers to ui.o(.data) for g_sParameters
    adc_ctrl.o(i.ADC0IntSineLinear) refers to main.o(.data) for g_ulAngle
    adc_ctrl.o(i.ADC0IntTrap) refers to main.o(i.MainIsReverse) for MainIsReverse
    adc_ctrl.o(i.ADC0IntTrap) refers to adc.o(i.ADCSequenceStepConfigure) for ADCSequenceStepConfigure
    adc_ctrl.o(i.ADC0IntTrap) refers to main.o(i.MainIsRunning) for MainIsRunning
    adc_ctrl.o(i.ADC0IntTrap) refers to main.o(i.MainIsStartup) for MainIsStartup
    adc_ctrl.o(i.ADC0IntTrap) refers to adc_ctrl.o(.data) for .data
    adc_ctrl.o(i.ADC0IntTrap) refers to ui.o(.data) for g_sParameters
    adc_ctrl.o(i.ADC0IntTrap) refers to adc_ctrl.o(.bss) for .bss
    adc_ctrl.o(i.ADC0IntTrap) refers to pwm_ctrl.o(.data) for g_ulTrapDutyCycle
    adc_ctrl.o(i.ADC0IntTrapLinear) refers to adc.o(i.ADCSequenceStepConfigure) for ADCSequenceStepConfigure
    adc_ctrl.o(i.ADC0IntTrapLinear) refers to main.o(i.MainIsRunning) for MainIsRunning
    adc_ctrl.o(i.ADC0IntTrapLinear) refers to trapmod.o(i.TrapModulate) for TrapModulate
    adc_ctrl.o(i.ADC0IntTrapLinear) refers to adc_ctrl.o(.data) for .data
    adc_ctrl.o(i.ADC0IntTrapLinear) refers to adc_ctrl.o(.bss) for .bss
    adc_ctrl.o(i.ADC0IntTrapLinear) refers to ui.o(.data) for g_sParameters
    adc_ctrl.o(i.ADC0IntTrapLinear) refers to pwm_ctrl.o(.data) for g_ulTrapDutyCycle
    adc_ctrl.o(i.ADCConfigure) refers to interrupt.o(i.IntDisable) for IntDisable
    adc_ctrl.o(i.ADCConfigure) refers to adc.o(i.ADCIntDisable) for ADCIntDisable
    adc_ctrl.o(i.ADCConfigure) refers to adc.o(i.ADCSequenceDisable) for ADCSequenceDisable
    adc_ctrl.o(i.ADCConfigure) refers to adc.o(i.ADCSequenceConfigure) for ADCSequenceConfigure
    adc_ctrl.o(i.ADCConfigure) refers to adc.o(i.ADCSequenceStepConfigure) for ADCSequenceStepConfigure
    adc_ctrl.o(i.ADCConfigure) refers to adc.o(i.ADCSequenceEnable) for ADCSequenceEnable
    adc_ctrl.o(i.ADCConfigure) refers to adc.o(i.ADCIntEnable) for ADCIntEnable
    adc_ctrl.o(i.ADCConfigure) refers to interrupt.o(i.IntEnable) for IntEnable
    adc_ctrl.o(i.ADCConfigure) refers to ui.o(.data) for g_sParameters
    adc_ctrl.o(i.ADCConfigure) refers to adc_ctrl.o(i.ADC0IntTrap) for ADC0IntTrap
    adc_ctrl.o(i.ADCConfigure) refers to adc_ctrl.o(.data) for .data
    adc_ctrl.o(i.ADCConfigure) refers to adc_ctrl.o(i.ADC0IntIdle) for ADC0IntIdle
    adc_ctrl.o(i.ADCConfigure) refers to adc_ctrl.o(i.ADC0IntTrapLinear) for ADC0IntTrapLinear
    adc_ctrl.o(i.ADCConfigure) refers to adc_ctrl.o(i.ADC0IntSine) for ADC0IntSine
    adc_ctrl.o(i.ADCConfigure) refers to adc_ctrl.o(i.ADC0IntSineLinear) for ADC0IntSineLinear
    adc_ctrl.o(i.ADCInit) refers to sysctl.o(i.SysCtlADCSpeedSet) for SysCtlADCSpeedSet
    adc_ctrl.o(i.ADCInit) refers to adc_ctrl.o(i.ADCConfigure) for ADCConfigure
    adc_ctrl.o(i.ADCInit) refers to adc.o(i.ADCSequenceConfigure) for ADCSequenceConfigure
    adc_ctrl.o(i.ADCInit) refers to adc.o(i.ADCSequenceStepConfigure) for ADCSequenceStepConfigure
    adc_ctrl.o(i.ADCInit) refers to adc.o(i.ADCSequenceEnable) for ADCSequenceEnable
    adc_ctrl.o(i.ADCInit) refers to adc.o(i.ADCProcessorTrigger) for ADCProcessorTrigger
    adc_ctrl.o(i.ADCReadAnalog) refers to adc.o(i.ADCProcessorTrigger) for ADCProcessorTrigger
    adc_ctrl.o(i.ADCTickHandler) refers to ui.o(i.UIGetTicks) for UIGetTicks
    adc_ctrl.o(i.ADCTickHandler) refers to adc_ctrl.o(.data) for .data
    adc_ctrl.o(.data) refers to adc_ctrl.o(i.ADC0IntIdle) for ADC0IntIdle
    brake.o(i.BrakeInit) refers to gpio.o(i.GPIOPinTypeGPIOOutputOD) for GPIOPinTypeGPIOOutputOD
    brake.o(i.BrakeInit) refers to gpio.o(i.GPIOPinWrite) for GPIOPinWrite
    brake.o(i.BrakeInit) refers to brake.o(.data) for .data
    brake.o(i.BrakeTick) refers to gpio.o(i.GPIOPinWrite) for GPIOPinWrite
    brake.o(i.BrakeTick) refers to ui.o(.data) for g_sParameters
    brake.o(i.BrakeTick) refers to adc_ctrl.o(.data) for g_ulBusVoltage
[...]
    g_pusLinearHallMax                       0x2000006c   Data           6  adc_ctrl.o(.data)
    g_pusLinearHallMin                       0x20000072   Data           6  adc_ctrl.o(.data)
    g_pusBEMFVoltageCount                    0x20000078   Data           6  adc_ctrl.o(.data)
    g_pusPhaseCurrentCount                   0x2000007e   Data           6  adc_ctrl.o(.data)
    g_pusPhaseMax                            0x2000008a   Data           6  adc_ctrl.o(.data)
    g_pusLinearHallSensor                    0x20000090   Data           6  adc_ctrl.o(.data)
    ucNextHallValue                          0x20000096   Data          12  adc_ctrl.o(.data)
    .data                                    0x200000a4   Section        4  adc_ctrl.o(.data)
    .data                                    0x200000a8   Section        8  brake.o(.data)
    g_ulBrakeState                           0x200000a8   Data           4  brake.o(.data)
    g_ulBrakeCount                           0x200000ac   Data           4  brake.o(.data)
    .data                                    0x200000b0   Section       44  cpu_usage.o(.data)
    g_ulCPUUsageTimer                        0x200000b0   Data           4  cpu_usage.o(.data)
    g_ulCPUUsageTicks                        0x200000b4   Data           4  cpu_usage.o(.data)
    g_ulCPUUsagePrevious                     0x200000b8   Data           4  cpu_usage.o(.data)
    g_pulCPUUsageTimerPeriph                 0x200000bc   Data          16  cpu_usage.o(.data)
    g_pulCPUUsageTimerBase                   0x200000cc   Data          16  cpu_usage.o(.data)
    .data                                    0x200000dc   Section       16  flash_pb.o(.data)
    g_pucFlashPBStart                        0x200000dc   Data           4  flash_pb.o(.data)
    g_pucFlashPBEnd                          0x200000e0   Data           4  flash_pb.o(.data)
    g_ulFlashPBSize                          0x200000e4   Data           4  flash_pb.o(.data)
    g_pucFlashPBCurrent                      0x200000e8   Data           4  flash_pb.o(.data)
    .data                                    0x200000ec   Section       12  hall_ctrl.o(.data)
    g_ucSkipFlag                             0x200000ec   Data           1  hall_ctrl.o(.data)
    .data                                    0x200000f8   Section      196  lwiplib.o(.data)
    netifnum                                 0x200000f8   Data           1  lwiplib.o(.data)
    mem_sem                                  0x200000f9   Data           1  lwiplib.o(.data)
    tcp_timer                                0x200000fa   Data           1  lwiplib.o(.data)
    flags                                    0x200000fb   Data           1  lwiplib.o(.data)
    recv_flags                               0x200000fc   Data           1  lwiplib.o(.data)
    etharp_cached_entry                      0x200000fd   Data           1  lwiplib.o(.data)
    port                                     0x200000fe   Data           2  lwiplib.o(.data)
    ip_id                                    0x20000100   Data           2  lwiplib.o(.data)
    tcplen                                   0x20000102   Data           2  lwiplib.o(.data)
    g_ulLocalTimer                           0x20000104   Data           4  lwiplib.o(.data)
    g_ulMDIXTimer                            0x20000108   Data           4  lwiplib.o(.data)
    g_ulTCPTimer                             0x2000010c   Data           4  lwiplib.o(.data)
    g_ulHostTimer                            0x20000110   Data           4  lwiplib.o(.data)
    g_ulARPTimer                             0x20000114   Data           4  lwiplib.o(.data)
    g_ulAutoIPTimer                          0x20000118   Data           4  lwiplib.o(.data)
    g_ulDHCPCoarseTimer                      0x2000011c   Data           4  lwiplib.o(.data)
    g_ulDHCPFineTimer                        0x20000120   Data           4  lwiplib.o(.data)
    g_ulIPMode                               0x20000124   Data           4  lwiplib.o(.data)
    xid                                      0x20000128   Data           4  lwiplib.o(.data)
    iss                                      0x2000012c   Data           4  lwiplib.o(.data)
    ram                                      0x20000130   Data           4  lwiplib.o(.data)
    ram_end                                  0x20000134   Data           4  lwiplib.o(.data)
    lfree                                    0x20000138   Data           4  lwiplib.o(.data)
    raw_pcbs                                 0x20000144   Data           4  lwiplib.o(.data)
    tcphdr                                   0x20000160   Data           4  lwiplib.o(.data)
    iphdr                                    0x20000164   Data           4  lwiplib.o(.data)
    seqno                                    0x20000168   Data           4  lwiplib.o(.data)
    ackno                                    0x2000016c   Data           4  lwiplib.o(.data)
    recv_data                                0x20000170   Data           4  lwiplib.o(.data)
    g_ulIPAddr                               0x20000184   Data           4  lwiplib.o(.data)
    g_ulNetMask                              0x20000188   Data           4  lwiplib.o(.data)
    g_ulGWAddr                               0x2000018c   Data           4  lwiplib.o(.data)
    .data                                    0x200001bc   Section      114  main.o(.data)
    g_bStartBootloader                       0x200001bd   Data           1  main.o(.data)
    g_ucLocalDecayMode                       0x200001be   Data           1  main.o(.data)
    g_ucStartupHallIndex                     0x200001bf   Data           1  main.o(.data)
    sPreviousMotorCurrent                    0x200001c0   Data           2  main.o(.data)
    g_ulSpeed                                0x200001c4   Data           4  main.o(.data)
    g_ulSpeedWhole                           0x200001c8   Data           4  main.o(.data)
    g_ulSpeedFract                           0x200001cc   Data           4  main.o(.data)
    g_ulPower                                0x200001d0   Data           4  main.o(.data)
    g_ulPowerWhole                           0x200001d4   Data           4  main.o(.data)
    g_ulPowerFract                           0x200001d8   Data           4  main.o(.data)
    g_ulDutyCycle                            0x200001dc   Data           4  main.o(.data)
    g_ulAngleDelta                           0x200001e4   Data           4  main.o(.data)
    g_ulStateCount                           0x200001e8   Data           4  main.o(.data)
    g_ulState                                0x200001ec   Data           4  main.o(.data)
    g_ulHallPrevious                         0x200001f4   Data           4  main.o(.data)
    g_ulSineTarget                           0x200001f8   Data           4  main.o(.data)
    g_ulAccelRate                            0x20000200   Data           4  main.o(.data)
    g_ulDecelRate                            0x20000204   Data           4  main.o(.data)
    g_lSpeedIntegrator                       0x20000208   Data           4  main.o(.data)
    g_lSpeedIntegratorMax                    0x2000020c   Data           4  main.o(.data)
    g_lPowerIntegrator                       0x20000210   Data           4  main.o(.data)
    g_lPowerIntegratorMax                    0x20000214   Data           4  main.o(.data)
    g_ulStartupState                         0x20000218   Data           4  main.o(.data)
    g_ulStartupPeriod                        0x2000021c   Data           4  main.o(.data)
    g_ulStartupDutyCycle                     0x20000220   Data           4  main.o(.data)
    g_ulStartupDutyCycleRamp                 0x20000224   Data           4  main.o(.data)
    ucHallSequence                           0x20000228   Data           6  main.o(.data)
    .data                                    0x20000230   Section       44  pwm_ctrl.o(.data)
    g_ulPWMFlags                             0x20000230   Data           4  pwm_ctrl.o(.data)
    g_ulPWMClock                             0x20000238   Data           4  pwm_ctrl.o(.data)
    g_ulPWMDutyCycleA                        0x20000244   Data           4  pwm_ctrl.o(.data)
    g_ulPWMDutyCycleB                        0x20000248   Data           4  pwm_ctrl.o(.data)
    g_ulPWMDutyCycleC                        0x2000024c   Data           4  pwm_ctrl.o(.data)
    g_ulMinPulseWidth                        0x20000250   Data           4  pwm_ctrl.o(.data)
    g_ulPWMPeriodCount                       0x20000254   Data           4  pwm_ctrl.o(.data)
    g_ulPWMMillisecondCount                  0x20000258   Data           4  pwm_ctrl.o(.data)
    .data                                    0x2000025c   Section       16  speed_sense.o(.data)
    g_ulSpeedFlags                           0x2000025c   Data           4  speed_sense.o(.data)
    g_ulSpeedTime                            0x20000264   Data           4  speed_sense.o(.data)
    g_ulSpeedPrevious                        0x20000268   Data           4  speed_sense.o(.data)
    .data                                    0x2000026c   Section      176  ui.o(.data)
    g_ucEncoder                              0x2000026c   Data           1  ui.o(.data)
    g_ucControlType                          0x2000026d   Data           1  ui.o(.data)
    g_ucSensorType                           0x2000026e   Data           1  ui.o(.data)
    g_ucSensorPolarity                       0x2000026f   Data           1  ui.o(.data)
    g_ucModulationType                       0x20000270   Data           1  ui.o(.data)
    g_ucDirection                            0x20000271   Data           1  ui.o(.data)
    g_ucFrequency                            0x20000272   Data           1  ui.o(.data)
    g_ucUpdateRate                           0x20000273   Data           1  ui.o(.data)
    g_ucDynamicBrake                         0x20000274   Data           1  ui.o(.data)
    g_ucDecayMode                            0x20000276   Data           1  ui.o(.data)
    g_usAnalogInputVoltage                   0x20000278   Data           2  ui.o(.data)
    g_pusBlinkRate                           0x2000027a   Data           4  ui.o(.data)
    g_ulBlinkCount                           0x20000280   Data           4  ui.o(.data)
    g_lFAdjI                                 0x20000284   Data           4  ui.o(.data)
    g_lPAdjI                                 0x20000288   Data           4  ui.o(.data)
    g_ulUIUseOnboard                         0x2000028c   Data           4  ui.o(.data)
    g_ulUITickCount                          0x20000294   Data           4  ui.o(.data)
    g_pusBlinkPeriod                         0x20000298   Data           4  ui.o(.data)
    .data                                    0x2000031c   Section        4  ui.o(.data)
    .data                                    0x20000320   Section       12  ui_can.o(.data)
    g_pucButtonMsg                           0x20000320   Data           2  ui_can.o(.data)
    g_pucHeartBeatMsg                        0x20000328   Data           4  ui_can.o(.data)
    .data                                    0x2000032c   Section        4  ui_can.o(.data)
    .data                                    0x20000330   Section       44  ui_ethernet.o(.data)
    g_bSendRealTimeData                      0x20000330   Data           1  ui_ethernet.o(.data)
    bReady                                   0x20000331   Data           1  ui_ethernet.o(.data)
    g_bEnableRealTimeData                    0x20000332   Data           1  ui_ethernet.o(.data)
    g_psTelnetPCB                            0x20000334   Data           4  ui_ethernet.o(.data)
    g_ulConnectionTimeout                    0x20000340   Data           4  ui_ethernet.o(.data)
    g_ulUIEthernetReceiveRead                0x20000350   Data           4  ui_ethernet.o(.data)
    g_ulUIEthernetReceiveWrite               0x20000354   Data           4  ui_ethernet.o(.data)
    g_pulUIRealTimeData                      0x20000358   Data           4  ui_ethernet.o(.data)
    .data                                    0x2000035c   Section       36  ui_onboard.o(.data)
    g_ulUIOnboardSwitches                    0x2000035c   Data           4  ui_onboard.o(.data)
    g_ulUIOnboardClockA                      0x20000360   Data           4  ui_onboard.o(.data)
    g_ulUIOnboardClockB                      0x20000364   Data           4  ui_onboard.o(.data)
    g_ulUIOnboardPotValue                    0x20000368   Data           4  ui_onboard.o(.data)
    g_ulUIOnboardFilteredPotValue            0x2000036c   Data           4  ui_onboard.o(.data)
    g_ulUIOnboardPotMin                      0x20000370   Data           4  ui_onboard.o(.data)
    g_ulUIOnboardPotMax                      0x20000374   Data           4  ui_onboard.o(.data)
    g_ulUIOnboardPotSum                      0x20000378   Data           4  ui_onboard.o(.data)
    g_ulUIOnboardPotCount                    0x2000037c   Data           4  ui_onboard.o(.data)
    .bss                                     0x20000380   Section       16  adc_ctrl.o(.bss)
    g_pusADC0DataRaw                         0x20000380   Data          16  adc_ctrl.o(.bss)
    .bss                                     0x20000390   Section       32  hall_ctrl.o(.bss)
    g_ulOldTime                              0x20000390   Data          32  hall_ctrl.o(.bss)
    .bss                                     0x200003b0   Section    15932  lwiplib.o(.bss)
    str                                      0x200003b0   Data          16  lwiplib.o(.bss)
    ram_heap                                 0x200003c0   Data        4116  lwiplib.o(.bss)
    memp_tab                                 0x200013d4   Data          32  lwiplib.o(.bss)
    memp_memory                              0x200013f4   Data       11159  lwiplib.o(.bss)
    inseg                                    0x20004078   Data          20  lwiplib.o(.bss)
    arp_table                                0x2000408c   Data         200  lwiplib.o(.bss)
    stellarisif_data                         0x20004154   Data          96  lwiplib.o(.bss)
    g_sNetIF                                 0x200041b4   Data          56  lwiplib.o(.bss)
    .bss                                     0x200041ec   Section       32  ui.o(.bss)
    .bss                                     0x2000420c   Section       40  ui_can.o(.bss)
    .bss                                     0x20004234   Section      192  ui_ethernet.o(.bss)
    g_pucUIEthernetReceive                   0x20004234   Data          64  ui_ethernet.o(.bss)
    g_pucUIEthernetResponse                  0x20004274   Data          64  ui_ethernet.o(.bss)
    g_pucUIEthernetData                      0x200042b4   Data          64  ui_ethernet.o(.bss)
    STACK                                    0x200042f8   Section     4096  startup_rvmdk.o(STACK)
    StackMem                                 0x200042f8   Data           0  startup_rvmdk.o(STACK)

    Global Symbols

    Symbol Name                              Value     Ov Type        Size  Object(Section)

    BuildAttributes$$THM_ISAv4$P$D$K$B$S$PE$A:L22UL41UL21$X:L11$S22US41US21$IEEE1$IW$USESV6$~STKCKD$USESV7$~SHL$OTIME$EBA8$MICROLIB$REQ8$PRES8$EABIv2 0x00000000   Number         0  anon$$obj.o ABSOLUTE
    __ARM_use_no_argv                        0x00000000   Number         0  main.o ABSOLUTE
    __Vectors                                0x00001000   Data           0  startup_rvmdk.o(RESET)
    Reset_Handler                            0x000010f1   Thumb Code     0  startup_rvmdk.o(RESET)
    __main                                   0x000010f5   Thumb Code     0  entry.o(.ARM.Collect$$$$00000000)
    _main_stk                                0x000010f5   Thumb Code     0  entry2.o(.ARM.Collect$$$$00000001)
    _main_scatterload                        0x000010f9   Thumb Code     0  entry5.o(.ARM.Collect$$$$00000004)
    __main_after_scatterload                 0x000010fd   Thumb Code     0  entry5.o(.ARM.Collect$$$$00000004)
    _main_init                               0x000010fd   Thumb Code     0  entry7.o(.ARM.Collect$$$$00000007)
    MainLongMul                              0x00001109   Thumb Code    12  main.o(.emb_text)
    SysCtlDelay                              0x00001115   Thumb Code     6  sysctl.o(.emb_text)
    CPUcpsid                                 0x0000111d   Thumb Code     8  cpu.o(.emb_text)
    CPUprimask                               0x00001125   Thumb Code     6  cpu.o(.emb_text)
    CPUcpsie                                 0x0000112b   Thumb Code     8  cpu.o(.emb_text)
    CPUwfi                                   0x00001133   Thumb Code     4  cpu.o(.emb_text)
    CPUbasepriSet                            0x00001137   Thumb Code     6  cpu.o(.emb_text)
    CPUbasepriGet                            0x0000113d   Thumb Code     6  cpu.o(.emb_text)
    __aeabi_memcpy                           0x00001143   Thumb Code    36  memcpya.o(.text)
    __aeabi_memcpy4                          0x00001143   Thumb Code     0  memcpya.o(.text)
    __aeabi_memcpy8                          0x00001143   Thumb Code     0  memcpya.o(.text)
    __aeabi_memset                           0x00001167   Thumb Code    14  memseta.o(.text)
    __aeabi_memset4                          0x00001167   Thumb Code     0  memseta.o(.text)
    __aeabi_memset8                          0x00001167   Thumb Code     0  memseta.o(.text)
    __aeabi_memclr                           0x00001175   Thumb Code     4  memseta.o(.text)
    __aeabi_memclr4                          0x00001175   Thumb Code     0  memseta.o(.text)
    __aeabi_memclr8                          0x00001175   Thumb Code     0  memseta.o(.text)
    _memset$wrapper                          0x00001179   Thumb Code    20  memseta.o(.text)
    memcmp                                   0x0000118d   Thumb Code    26  memcmp.o(.text)
    __scatterload                            0x000011a9   Thumb Code    28  init.o(.text)
    __scatterload_rt2                        0x000011a9   Thumb Code     0  init.o(.text)
    __decompress                             0x000011cd   Thumb Code     0  __dczerorl2.o(.text)
    __decompress1                            0x000011cd   Thumb Code    92  __dczerorl2.o(.text)
    ADC0IntHandler                           0x00001229   Thumb Code    24  adc_ctrl.o(i.ADC0IntHandler)
    ADCConfigure                             0x00001e55   Thumb Code   428  adc_ctrl.o(i.ADCConfigure)
    ADCInit                                  0x00002025   Thumb Code    60  adc_ctrl.o(i.ADCInit)
    ADCIntDisable                            0x00002065   Thumb Code    16  adc.o(i.ADCIntDisable)
    ADCIntEnable                             0x00002075   Thumb Code    16  adc.o(i.ADCIntEnable)
    ADCProcessorTrigger                      0x00002085   Thumb Code    26  adc.o(i.ADCProcessorTrigger)
    ADCReadAnalog                            0x000020a1   Thumb Code    32  adc_ctrl.o(i.ADCReadAnalog)
    ADCSequenceConfigure                     0x000020c5   Thumb Code    50  adc.o(i.ADCSequenceConfigure)
    ADCSequenceDisable                       0x000020f7   Thumb Code    16  adc.o(i.ADCSequenceDisable)
    ADCSequenceEnable                        0x00002107   Thumb Code    14  adc.o(i.ADCSequenceEnable)
    ADCSequenceStepConfigure                 0x00002115   Thumb Code   110  adc.o(i.ADCSequenceStepConfigure)
    ADCTickHandler                           0x00002185   Thumb Code    98  adc_ctrl.o(i.ADCTickHandler)
    BrakeInit                                0x000021f5   Thumb Code    32  brake.o(i.BrakeInit)
    BrakeTick                                0x0000221d   Thumb Code   182  brake.o(i.BrakeTick)
    CANBitRateSet                            0x000022e9   Thumb Code   150  can.o(i.CANBitRateSet)
    CANEnable                                0x00002385   Thumb Code    24  can.o(i.CANEnable)
    CANInit                                  0x0000239d   Thumb Code   150  can.o(i.CANInit)
    CANIntClear                              0x00002433   Thumb Code    78  can.o(i.CANIntClear)
    CANIntEnable                             0x00002481   Thumb Code    24  can.o(i.CANIntEnable)
    CANIntHandler                            0x00002499   Thumb Code    92  ui_can.o(i.CANIntHandler)
    CANIntStatus                             0x00002501   Thumb Code    52  can.o(i.CANIntStatus)
    CANMessageGet                            0x00002535   Thumb Code   440  can.o(i.CANMessageGet)
    CANMessageSet                            0x000026ed   Thumb Code   434  can.o(i.CANMessageSet)
    CPUUsageInit                             0x00002909   Thumb Code    84  cpu_usage.o(i.CPUUsageInit)
    CPUUsageTick                             0x00002961   Thumb Code    44  cpu_usage.o(i.CPUUsageTick)
    EthernetConfigSet                        0x00002991   Thumb Code    42  ethernet.o(i.EthernetConfigSet)
    EthernetEnable                           0x000029bb   Thumb Code    34  ethernet.o(i.EthernetEnable)
    EthernetInitExpClk                       0x000029dd   Thumb Code    12  ethernet.o(i.EthernetInitExpClk)
    EthernetIntClear                         0x000029ed   Thumb Code     4  ethernet.o(i.EthernetIntClear)
    EthernetIntDisable                       0x000029f1   Thumb Code    10  ethernet.o(i.EthernetIntDisable)
    EthernetIntEnable                        0x000029fb   Thumb Code     8  ethernet.o(i.EthernetIntEnable)
    EthernetIntStatus                        0x00002a03   Thumb Code    14  ethernet.o(i.EthernetIntStatus)
    EthernetMACAddrGet                       0x00002a11   Thumb Code    50  ethernet.o(i.EthernetMACAddrGet)
    EthernetMACAddrSet                       0x00002a43   Thumb Code    54  ethernet.o(i.EthernetMACAddrSet)
    EthernetPHYRead                          0x00002a79   Thumb Code    34  ethernet.o(i.EthernetPHYRead)
    FaultISR                                 0x00002a9b   Thumb Code    18  main.o(i.FaultISR)
    FlashErase                               0x00002aad   Thumb Code    34  flash.o(i.FlashErase)
    FlashPBGet                               0x00002ad9   Thumb Code     6  flash_pb.o(i.FlashPBGet)
    FlashPBInit                              0x00002ae5   Thumb Code   114  flash_pb.o(i.FlashPBInit)
    FlashPBSave                              0x00002b61   Thumb Code   150  flash_pb.o(i.FlashPBSave)
    FlashProgram                             0x00002bfd   Thumb Code   142  flash.o(i.FlashProgram)
    FlashUsecSet                             0x00002c99   Thumb Code     8  flash.o(i.FlashUsecSet)
    FlashUserGet                             0x00002ca5   Thumb Code    48  flash.o(i.FlashUserGet)
    GPIOBIntHandler                          0x00002cdd   Thumb Code   182  hall_ctrl.o(i.GPIOBIntHandler)
    GPIOCIntHandler                          0x00002dad   Thumb Code   116  speed_sense.o(i.GPIOCIntHandler)
    GPIODirModeSet                           0x00002e39   Thumb Code    40  gpio.o(i.GPIODirModeSet)
    GPIOIntTypeSet                           0x00002e61   Thumb Code    58  gpio.o(i.GPIOIntTypeSet)
    GPIOPadConfigSet                         0x00002e9b   Thumb Code   176  gpio.o(i.GPIOPadConfigSet)
    GPIOPinIntClear                          0x00002f4b   Thumb Code     6  gpio.o(i.GPIOPinIntClear)
    GPIOPinIntDisable                        0x00002f51   Thumb Code    14  gpio.o(i.GPIOPinIntDisable)
    GPIOPinIntEnable                         0x00002f5f   Thumb Code    12  gpio.o(i.GPIOPinIntEnable)
    GPIOPinRead                              0x00002f6b   Thumb Code     6  gpio.o(i.GPIOPinRead)
    GPIOPinTypeCAN                           0x00002f71   Thumb Code    28  gpio.o(i.GPIOPinTypeCAN)
    GPIOPinTypeEthernetLED                   0x00002f8d   Thumb Code    28  gpio.o(i.GPIOPinTypeEthernetLED)
    GPIOPinTypeGPIOInput                     0x00002fa9   Thumb Code    28  gpio.o(i.GPIOPinTypeGPIOInput)
    GPIOPinTypeGPIOOutput                    0x00002fc5   Thumb Code    28  gpio.o(i.GPIOPinTypeGPIOOutput)
    GPIOPinTypeGPIOOutputOD                  0x00002fe1   Thumb Code    28  gpio.o(i.GPIOPinTypeGPIOOutputOD)
    GPIOPinTypePWM                           0x00002ffd   Thumb Code    28  gpio.o(i.GPIOPinTypePWM)
    GPIOPinTypeQEI                           0x00003019   Thumb Code    28  gpio.o(i.GPIOPinTypeQEI)
    GPIOPinTypeUART                          0x00003035   Thumb Code    28  gpio.o(i.GPIOPinTypeUART)
    GPIOPinWrite                             0x00003051   Thumb Code     6  gpio.o(i.GPIOPinWrite)
    HallConfigure                            0x00003059   Thumb Code    82  hall_ctrl.o(i.HallConfigure)
    HallInit                                 0x000030b9   Thumb Code    26  hall_ctrl.o(i.HallInit)
    HallTickHandler                          0x000030d9   Thumb Code    22  hall_ctrl.o(i.HallTickHandler)
    IntDefaultHandler                        0x000030f5   Thumb Code    18  main.o(i.IntDefaultHandler)
    IntDisable                               0x00003107   Thumb Code   104  interrupt.o(i.IntDisable)
    IntEnable                                0x0000316f   Thumb Code   104  interrupt.o(i.IntEnable)
    IntMasterDisable                         0x000031d7   Thumb Code    10  interrupt.o(i.IntMasterDisable)
    IntMasterEnable                          0x000031e1   Thumb Code    10  interrupt.o(i.IntMasterEnable)
    IntPrioritySet                           0x000031ed   Thumb Code    36  interrupt.o(i.IntPrioritySet)
    MainClearFaults                          0x000032b5   Thumb Code    12  main.o(i.MainClearFaults)
    MainEmergencyStop                        0x000032c5   Thumb Code   116  main.o(i.MainEmergencyStop)
    MainIsFaulted                            0x00003341   Thumb Code    12  main.o(i.MainIsFaulted)
    MainIsReverse                            0x00003351   Thumb Code    16  main.o(i.MainIsReverse)
    MainIsRunning                            0x00003365   Thumb Code    12  main.o(i.MainIsRunning)
    MainIsStartup                            0x00003375   Thumb Code    14  main.o(i.MainIsStartup)
    MainMillisecondTick                      0x00003389   Thumb Code   306  main.o(i.MainMillisecondTick)
    MainPowerController                      0x000034e1   Thumb Code    76  main.o(i.MainPowerController)
    MainPunchWatchdog                        0x00003731   Thumb Code     8  main.o(i.MainPunchWatchdog)
    MainRun                                  0x0000373d   Thumb Code   152  main.o(i.MainRun)
    MainSetDirection                         0x000037e5   Thumb Code    88  main.o(i.MainSetDirection)
    MainSetFault                             0x00003845   Thumb Code    16  main.o(i.MainSetFault)
    MainSetPWMFrequency                      0x00003859   Thumb Code    66  main.o(i.MainSetPWMFrequency)
    MainSetPower                             0x000038a9   Thumb Code    24  main.o(i.MainSetPower)
    MainSetSpeed                             0x000038c5   Thumb Code    40  main.o(i.MainSetSpeed)
    MainSpeedController                      0x000038f1   Thumb Code    74  main.o(i.MainSpeedController)
    MainStop                                 0x00003d0d   Thumb Code    90  main.o(i.MainStop)
    MainUpdateFAdjI                          0x00003d71   Thumb Code    52  main.o(i.MainUpdateFAdjI)
    MainUpdatePAdjI                          0x00003dad   Thumb Code    52  main.o(i.MainUpdatePAdjI)
    MainUpgrade                              0x00003de9   Thumb Code     8  main.o(i.MainUpgrade)
    MainWaveformTick                         0x00003df5   Thumb Code   224  main.o(i.MainWaveformTick)
    NmiSR                                    0x00003ee5   Thumb Code    18  main.o(i.NmiSR)
    PWM0IntHandler                           0x00003ef9   Thumb Code   328  pwm_ctrl.o(i.PWM0IntHandler)
    PWMClearDeadBand                         0x00004051   Thumb Code    36  pwm_ctrl.o(i.PWMClearDeadBand)
    PWMDeadBandDisable                       0x00004079   Thumb Code    12  pwm.o(i.PWMDeadBandDisable)
    PWMDeadBandEnable                        0x00004085   Thumb Code    16  pwm.o(i.PWMDeadBandEnable)
    PWMGenConfigure                          0x00004095   Thumb Code    38  pwm.o(i.PWMGenConfigure)
    PWMGenEnable                             0x000040bb   Thumb Code    10  pwm.o(i.PWMGenEnable)
    PWMGenIntClear                           0x000040c5   Thumb Code     6  pwm.o(i.PWMGenIntClear)
    PWMGenIntTrigEnable                      0x000040cb   Thumb Code    10  pwm.o(i.PWMGenIntTrigEnable)
    PWMGenPeriodSet                          0x000040d5   Thumb Code    18  pwm.o(i.PWMGenPeriodSet)
    PWMGetPeriodCount                        0x000040e9   Thumb Code     6  pwm_ctrl.o(i.PWMGetPeriodCount)
    PWMInit                                  0x000040f5   Thumb Code   250  pwm_ctrl.o(i.PWMInit)
    PWMIntEnable                             0x00004205   Thumb Code     8  pwm.o(i.PWMIntEnable)
    PWMOutputFault                           0x0000420d   Thumb Code    16  pwm.o(i.PWMOutputFault)
    PWMOutputInvert                          0x0000421d   Thumb Code    16  pwm.o(i.PWMOutputInvert)
    PWMOutputOff                             0x0000422d   Thumb Code    72  pwm_ctrl.o(i.PWMOutputOff)
    PWMOutputOn                              0x0000427d   Thumb Code    30  pwm_ctrl.o(i.PWMOutputOn)
    PWMOutputPrecharge                       0x000042a1   Thumb Code   190  pwm_ctrl.o(i.PWMOutputPrecharge)
    PWMOutputState                           0x00004371   Thumb Code    16  pwm.o(i.PWMOutputState)
    PWMOutputTrapezoid                       0x00004381   Thumb Code    66  pwm_ctrl.o(i.PWMOutputTrapezoid)
    PWMPulseWidthSet                         0x000043c9   Thumb Code    32  pwm.o(i.PWMPulseWidthSet)
    PWMReducePeriodCount                     0x000043e9   Thumb Code    28  pwm_ctrl.o(i.PWMReducePeriodCount)
    PWMSetDeadBand                           0x00004409   Thumb Code    50  pwm_ctrl.o(i.PWMSetDeadBand)
    PWMSetDutyCycle                          0x00004445   Thumb Code    56  pwm_ctrl.o(i.PWMSetDutyCycle)
    PWMSetFrequency                          0x00004485   Thumb Code   176  pwm_ctrl.o(i.PWMSetFrequency)
    PWMSetMinPulseWidth                      0x00004541   Thumb Code    48  pwm_ctrl.o(i.PWMSetMinPulseWidth)
    PWMSetUpdateRate                         0x00004579   Thumb Code    24  pwm_ctrl.o(i.PWMSetUpdateRate)
    PWMSyncTimeBase                          0x00004595   Thumb Code     4  pwm.o(i.PWMSyncTimeBase)
    PWMSyncUpdate                            0x00004599   Thumb Code     4  pwm.o(i.PWMSyncUpdate)
    QEIConfigure                             0x000046c1   Thumb Code    14  qei.o(i.QEIConfigure)
    QEIEnable                                0x000046cf   Thumb Code    10  qei.o(i.QEIEnable)
    QEIIntClear                              0x000046d9   Thumb Code     4  qei.o(i.QEIIntClear)
    QEIIntEnable                             0x000046dd   Thumb Code     8  qei.o(i.QEIIntEnable)
    QEIIntHandler                            0x000046e5   Thumb Code   158  speed_sense.o(i.QEIIntHandler)
    QEIVelocityConfigure                     0x00004799   Thumb Code    16  qei.o(i.QEIVelocityConfigure)
    QEIVelocityEnable                        0x000047a9   Thumb Code    10  qei.o(i.QEIVelocityEnable)
    QEIVelocityGet                           0x000047b3   Thumb Code     4  qei.o(i.QEIVelocityGet)
    SineModulate                             0x000047b7   Thumb Code    90  sinemod.o(i.SineModulate)
    SpeedSenseInit                           0x00004841   Thumb Code   104  speed_sense.o(i.SpeedSenseInit)
    SysCtlADCSpeedSet                        0x000048b9   Thumb Code    28  sysctl.o(i.SysCtlADCSpeedSet)
    SysCtlClockGet                           0x000048d9   Thumb Code   438  sysctl.o(i.SysCtlClockGet)
    SysCtlClockSet                           0x00004abd   Thumb Code   288  sysctl.o(i.SysCtlClockSet)
    SysCtlLDOSet                             0x00004bf5   Thumb Code     6  sysctl.o(i.SysCtlLDOSet)
    SysCtlPeripheralClockGating              0x00004c01   Thumb Code    20  sysctl.o(i.SysCtlPeripheralClockGating)
    SysCtlPeripheralEnable                   0x00004c19   Thumb Code    26  sysctl.o(i.SysCtlPeripheralEnable)
    SysCtlPeripheralSleepDisable             0x00004c39   Thumb Code    28  sysctl.o(i.SysCtlPeripheralSleepDisable)
    SysCtlPeripheralSleepEnable              0x00004c59   Thumb Code    26  sysctl.o(i.SysCtlPeripheralSleepEnable)
    SysCtlSleep                              0x00004c79   Thumb Code     4  sysctl.o(i.SysCtlSleep)
    SysTickEnable                            0x00004c7d   Thumb Code    14  systick.o(i.SysTickEnable)
    SysTickIntDisable                        0x00004c8b   Thumb Code    14  systick.o(i.SysTickIntDisable)
    SysTickIntEnable                         0x00004c99   Thumb Code    14  systick.o(i.SysTickIntEnable)
    SysTickIntHandler                        0x00004ca9   Thumb Code   258  ui.o(i.SysTickIntHandler)
    SysTickPeriodSet                         0x00004dc1   Thumb Code    10  systick.o(i.SysTickPeriodSet)
    Timer0AIntHandler                        0x00004dcd   Thumb Code   114  main.o(i.Timer0AIntHandler)
    Timer1AIntHandler                        0x00004e55   Thumb Code    22  ui.o(i.Timer1AIntHandler)
    TimerConfigure                           0x00004e79   Thumb Code    28  timer.o(i.TimerConfigure)
    TimerEnable                              0x00004e95   Thumb Code    14  timer.o(i.TimerEnable)
    TimerIntClear                            0x00004ea3   Thumb Code     4  timer.o(i.TimerIntClear)
    TimerIntEnable                           0x00004ea7   Thumb Code     8  timer.o(i.TimerIntEnable)
    TimerLoadSet                             0x00004eaf   Thumb Code    18  timer.o(i.TimerLoadSet)
    TimerValueGet                            0x00004ec1   Thumb Code    10  timer.o(i.TimerValueGet)
    TrapModulate                             0x00004ecd   Thumb Code   108  trapmod.o(i.TrapModulate)
    UIButtonPress                            0x00004f49   Thumb Code    38  ui.o(i.UIButtonPress)
    UICANInit                                0x00004fcd   Thumb Code    56  ui_can.o(i.UICANInit)
    UIEmergencyStop                          0x000050bd   Thumb Code    16  ui.o(i.UIEmergencyStop)
    UIEthernetInit                           0x000051e9   Thumb Code   152  ui_ethernet.o(i.UIEthernetInit)
    UIEthernetSendRealTimeData               0x00005879   Thumb Code   134  ui_ethernet.o(i.UIEthernetSendRealTimeData)
    UIEthernetTick                           0x0000591d   Thumb Code     4  ui_ethernet.o(i.UIEthernetTick)
    UIFaultLEDBlink                          0x00005981   Thumb Code    10  ui.o(i.UIFaultLEDBlink)
    UIGetTicks                               0x0000598d   Thumb Code    42  ui.o(i.UIGetTicks)
    UIInit                                   0x000059c5   Thumb Code   240  ui.o(i.UIInit)
    UIOnboardInit                            0x00005b45   Thumb Code    24  ui_onboard.o(i.UIOnboardInit)
    UIOnboardSwitchDebouncer                 0x00005b61   Thumb Code   208  ui_onboard.o(i.UIOnboardSwitchDebouncer)
    UIParamLoad                              0x00005ce5   Thumb Code   320  ui.o(i.UIParamLoad)
    UIParamSave                              0x00005e35   Thumb Code    22  ui.o(i.UIParamSave)
    UIRun                                    0x00005e51   Thumb Code     4  ui.o(i.UIRun)
    UIRunLEDBlink                            0x00005e55   Thumb Code    10  ui.o(i.UIRunLEDBlink)
    UIStop                                   0x00005ee9   Thumb Code     4  ui.o(i.UIStop)
    UIUpgrade                                0x00005ef9   Thumb Code     4  ui.o(i.UIUpgrade)
    WatchdogEnable                           0x00005efd   Thumb Code    10  watchdog.o(i.WatchdogEnable)
    WatchdogIntClear                         0x00005f07   Thumb Code     6  watchdog.o(i.WatchdogIntClear)
    WatchdogIntHandler                       0x00005f0d   Thumb Code    34  main.o(i.WatchdogIntHandler)
    WatchdogReloadSet                        0x00005f35   Thumb Code     4  watchdog.o(i.WatchdogReloadSet)
    WatchdogResetDisable                     0x00005f39   Thumb Code    10  watchdog.o(i.WatchdogResetDisable)
    WatchdogResetEnable                      0x00005f43   Thumb Code    10  watchdog.o(i.WatchdogResetEnable)
    __scatterload_copy                       0x00005f4d   Thumb Code    14  handlers.o(i.__scatterload_copy)
    __scatterload_null                       0x00005f5b   Thumb Code     2  handlers.o(i.__scatterload_null)
    __scatterload_zeroinit                   0x00005f5d   Thumb Code    14  handlers.o(i.__scatterload_zeroinit)
    autoip_arp_reply                         0x00005f95   Thumb Code   154  lwiplib.o(i.autoip_arp_reply)
    autoip_start                             0x00006031   Thumb Code   132  lwiplib.o(i.autoip_start)
    autoip_stop                              0x00006105   Thumb Code    16  lwiplib.o(i.autoip_stop)
    autoip_tmr                               0x00006115   Thumb Code   264  lwiplib.o(i.autoip_tmr)
    dhcp_arp_reply                           0x0000625b   Thumb Code    30  lwiplib.o(i.dhcp_arp_reply)
    dhcp_coarse_tmr                          0x00006381   Thumb Code    90  lwiplib.o(i.dhcp_coarse_tmr)
    dhcp_fine_tmr                            0x00006649   Thumb Code    46  lwiplib.o(i.dhcp_fine_tmr)
    dhcp_release                             0x00006b2d   Thumb Code   174  lwiplib.o(i.dhcp_release)
    dhcp_renew                               0x00006be1   Thumb Code   142  lwiplib.o(i.dhcp_renew)
    dhcp_start                               0x00006d65   Thumb Code   146  lwiplib.o(i.dhcp_start)
    dhcp_stop                                0x00006e01   Thumb Code    64  lwiplib.o(i.dhcp_stop)
    etharp_arp_input                         0x00006f35   Thumb Code   294  lwiplib.o(i.etharp_arp_input)
    etharp_ip_input                          0x00007065   Thumb Code    42  lwiplib.o(i.etharp_ip_input)
    etharp_output                            0x00007091   Thumb Code   170  lwiplib.o(i.etharp_output)
    etharp_query                             0x00007145   Thumb Code   292  lwiplib.o(i.etharp_query)
    etharp_raw                               0x00007271   Thumb Code   188  lwiplib.o(i.etharp_raw)
    etharp_request                           0x00007335   Thumb Code    32  lwiplib.o(i.etharp_request)
    etharp_tmr                               0x00007381   Thumb Code    78  lwiplib.o(i.etharp_tmr)
    ethernet_input                           0x000073d5   Thumb Code    96  lwiplib.o(i.ethernet_input)
    icmp_dest_unreach                        0x0000758f   Thumb Code     8  lwiplib.o(i.icmp_dest_unreach)
    icmp_input                               0x00007599   Thumb Code   386  lwiplib.o(i.icmp_input)
    inet_chksum                              0x00007791   Thumb Code    12  lwiplib.o(i.inet_chksum)
    inet_chksum_pbuf                         0x0000779d   Thumb Code    72  lwiplib.o(i.inet_chksum_pbuf)
    inet_chksum_pseudo                       0x000077e5   Thumb Code   130  lwiplib.o(i.inet_chksum_pseudo)
    ip_addr_isbroadcast                      0x00007867   Thumb Code    48  lwiplib.o(i.ip_addr_isbroadcast)
    ip_input                                 0x00007899   Thumb Code   504  lwiplib.o(i.ip_input)
    ip_output                                0x00007a99   Thumb Code    60  lwiplib.o(i.ip_output)
    ip_output_if                             0x00007ad9   Thumb Code   176  lwiplib.o(i.ip_output_if)
    ip_route                                 0x00007b91   Thumb Code    66  lwiplib.o(i.ip_route)
    lwIPEthernetIntHandler                   0x00007bdd   Thumb Code    38  lwiplib.o(i.lwIPEthernetIntHandler)
    lwIPHostTimerHandler                     0x00007c0d   Thumb Code    22  ui_ethernet.o(i.lwIPHostTimerHandler)
    lwIPInit                                 0x00007c2d   Thumb Code    46  lwiplib.o(i.lwIPInit)
    lwIPTimer                                0x00007d8d   Thumb Code    20  lwiplib.o(i.lwIPTimer)
    lwip_init                                0x00007da9   Thumb Code    14  lwiplib.o(i.lwip_init)
    main                                     0x00007df1   Thumb Code   514  main.o(i.main)
    mem_free                                 0x00008025   Thumb Code    80  lwiplib.o(i.mem_free)
    mem_init                                 0x0000807d   Thumb Code    50  lwiplib.o(i.mem_init)
    mem_malloc                               0x000080bd   Thumb Code   220  lwiplib.o(i.mem_malloc)
    mem_realloc                              0x000081a1   Thumb Code   218  lwiplib.o(i.mem_realloc)
    memp_free                                0x00008285   Thumb Code    58  lwiplib.o(i.memp_free)
    memp_init                                0x000082c9   Thumb Code   106  lwiplib.o(i.memp_init)
    memp_malloc                              0x00008341   Thumb Code    86  lwiplib.o(i.memp_malloc)
    netif_add                                0x000083a1   Thumb Code    72  lwiplib.o(i.netif_add)
    netif_set_addr                           0x000083ed   Thumb Code    32  lwiplib.o(i.netif_set_addr)
    netif_set_down                           0x0000840d   Thumb Code    18  lwiplib.o(i.netif_set_down)
    netif_set_gw                             0x0000841f   Thumb Code     8  lwiplib.o(i.netif_set_gw)
    netif_set_ipaddr                         0x00008429   Thumb Code    94  lwiplib.o(i.netif_set_ipaddr)
    netif_set_netmask                        0x0000848d   Thumb Code     8  lwiplib.o(i.netif_set_netmask)
    netif_set_up                             0x00008495   Thumb Code    28  lwiplib.o(i.netif_set_up)
    pbuf_alloc                               0x000084b1   Thumb Code   280  lwiplib.o(i.pbuf_alloc)
    pbuf_cat                                 0x000085c9   Thumb Code    40  lwiplib.o(i.pbuf_cat)
    pbuf_chain                               0x000085f1   Thumb Code    18  lwiplib.o(i.pbuf_chain)
    pbuf_clen                                0x00008603   Thumb Code    18  lwiplib.o(i.pbuf_clen)
    pbuf_copy                                0x00008615   Thumb Code   144  lwiplib.o(i.pbuf_copy)
    pbuf_copy_partial                        0x000086a5   Thumb Code   104  lwiplib.o(i.pbuf_copy_partial)
    pbuf_free                                0x0000870d   Thumb Code    82  lwiplib.o(i.pbuf_free)
    pbuf_header                              0x0000875f   Thumb Code    96  lwiplib.o(i.pbuf_header)
    pbuf_realloc                             0x000087bf   Thumb Code    80  lwiplib.o(i.pbuf_realloc)
    pbuf_ref                                 0x0000880f   Thumb Code    26  lwiplib.o(i.pbuf_ref)
    raw_input                                0x0000887d   Thumb Code    94  lwiplib.o(i.raw_input)
    sine                                     0x000088e1   Thumb Code    36  sine.o(i.sine)
    stellarisif_init                         0x00008909   Thumb Code   138  lwiplib.o(i.stellarisif_init)
    stellarisif_interrupt                    0x000089a5   Thumb Code   110  lwiplib.o(i.stellarisif_interrupt)
    sys_arch_unprotect                       0x00008bdd   Thumb Code    10  lwiplib.o(i.sys_arch_unprotect)
    tcp_abandon                              0x00008be9   Thumb Code   150  lwiplib.o(i.tcp_abandon)
    tcp_accept                               0x00008c85   Thumb Code     4  lwiplib.o(i.tcp_accept)
    tcp_alloc                                0x00008c91   Thumb Code   268  lwiplib.o(i.tcp_alloc)
    tcp_arg                                  0x00008dad   Thumb Code     4  lwiplib.o(i.tcp_arg)
    tcp_bind                                 0x00008db1   Thumb Code   182  lwiplib.o(i.tcp_bind)
    tcp_close                                0x00008e6d   Thumb Code   154  lwiplib.o(i.tcp_close)
    tcp_eff_send_mss                         0x00008f0d   Thumb Code    30  lwiplib.o(i.tcp_eff_send_mss)
    tcp_enqueue                              0x00008f2d   Thumb Code   786  lwiplib.o(i.tcp_enqueue)
    tcp_err                                  0x00009245   Thumb Code     6  lwiplib.o(i.tcp_err)
    tcp_fasttmr                              0x0000924d   Thumb Code    90  lwiplib.o(i.tcp_fasttmr)
    tcp_input                                0x000092ad   Thumb Code   840  lwiplib.o(i.tcp_input)
    tcp_keepalive                            0x000095fd   Thumb Code    94  lwiplib.o(i.tcp_keepalive)
    tcp_listen_with_backlog                  0x0000974d   Thumb Code   120  lwiplib.o(i.tcp_listen_with_backlog)
    tcp_new                                  0x000097cd   Thumb Code     6  lwiplib.o(i.tcp_new)
    tcp_next_iss                             0x00009835   Thumb Code    12  lwiplib.o(i.tcp_next_iss)
    tcp_output                               0x000098c1   Thumb Code   366  lwiplib.o(i.tcp_output)
    tcp_pcb_purge                            0x00009bd1   Thumb Code    66  lwiplib.o(i.tcp_pcb_purge)
    tcp_pcb_remove                           0x00009c15   Thumb Code    94  lwiplib.o(i.tcp_pcb_remove)
    tcp_pcbs_sane                            0x00009c79   Thumb Code    26  lwiplib.o(i.tcp_pcbs_sane)
    tcp_poll                                 0x00009c99   Thumb Code    10  lwiplib.o(i.tcp_poll)
    tcp_recv                                 0x0000a5b5   Thumb Code     6  lwiplib.o(i.tcp_recv)
    tcp_recv_null                            0x0000a5bb   Thumb Code    36  lwiplib.o(i.tcp_recv_null)
    tcp_recved                               0x0000a5df   Thumb Code    58  lwiplib.o(i.tcp_recved)
    tcp_rexmit                               0x0000a619   Thumb Code    64  lwiplib.o(i.tcp_rexmit)
    tcp_rexmit_fast                          0x0000a659   Thumb Code    86  lwiplib.o(i.tcp_rexmit_fast)
    tcp_rexmit_rto                           0x0000a6af   Thumb Code    46  lwiplib.o(i.tcp_rexmit_rto)
    tcp_rst                                  0x0000a6dd   Thumb Code   154  lwiplib.o(i.tcp_rst)
    tcp_seg_copy                             0x0000a77d   Thumb Code    36  lwiplib.o(i.tcp_seg_copy)
    tcp_seg_free                             0x0000a7a1   Thumb Code    32  lwiplib.o(i.tcp_seg_free)
    tcp_segs_free                            0x0000a7c1   Thumb Code    26  lwiplib.o(i.tcp_segs_free)
    tcp_send_ctrl                            0x0000a7db   Thumb Code    22  lwiplib.o(i.tcp_send_ctrl)
    tcp_send_empty_ack                       0x0000a7f1   Thumb Code   102  lwiplib.o(i.tcp_send_empty_ack)
    tcp_sent                                 0x0000a857   Thumb Code     6  lwiplib.o(i.tcp_sent)
    tcp_setprio                              0x0000a85d   Thumb Code     4  lwiplib.o(i.tcp_setprio)
    tcp_slowtmr                              0x0000a861   Thumb Code   584  lwiplib.o(i.tcp_slowtmr)
    tcp_tmr                                  0x0000ab19   Thumb Code    28  lwiplib.o(i.tcp_tmr)
    tcp_update_rcv_ann_wnd                   0x0000ab39   Thumb Code    50  lwiplib.o(i.tcp_update_rcv_ann_wnd)
    tcp_write                                0x0000ab6b   Thumb Code    46  lwiplib.o(i.tcp_write)
    tcp_zero_window_probe                    0x0000ab99   Thumb Code   172  lwiplib.o(i.tcp_zero_window_probe)
    udp_bind                                 0x0000ac49   Thumb Code    86  lwiplib.o(i.udp_bind)
    udp_connect                              0x0000aca5   Thumb Code    72  lwiplib.o(i.udp_connect)
    udp_input                                0x0000acf1   Thumb Code   448  lwiplib.o(i.udp_input)
    udp_new                                  0x0000aeb9   Thumb Code    26  lwiplib.o(i.udp_new)
    udp_recv                                 0x0000aed3   Thumb Code     6  lwiplib.o(i.udp_recv)
    udp_remove                               0x0000aed9   Thumb Code    40  lwiplib.o(i.udp_remove)
    udp_sendto                               0x0000af05   Thumb Code    48  lwiplib.o(i.udp_sendto)
    udp_sendto_if                            0x0000af39   Thumb Code   214  lwiplib.o(i.udp_sendto_if)
    ip_addr_any                              0x0000b0b8   Data           4  lwiplib.o(.constdata)
    ip_addr_broadcast                        0x0000b0bc   Data           4  lwiplib.o(.constdata)
    ethbroadcast                             0x0000b0c0   Data           6  lwiplib.o(.constdata)
    ethzero                                  0x0000b0c6   Data           6  lwiplib.o(.constdata)
    tcp_persist_backoff                      0x0000b0cc   Data           7  lwiplib.o(.constdata)
    tcp_backoff                              0x0000b0f4   Data          13  lwiplib.o(.constdata)
    g_sUIParameters                          0x0000b274   Data        1440  ui.o(.constdata)
    g_ulUITargetType                         0x0000b814   Data           4  ui.o(.constdata)
    g_usFirmwareVersion                      0x0000b818   Data           2  ui.o(.constdata)
    g_ulUINumParameters                      0x0000b81c   Data           4  ui.o(.constdata)
    g_sUIRealTimeData                        0x0000b820   Data         160  ui.o(.constdata)
    g_ulUINumRealTimeData                    0x0000b8c0   Data           4  ui.o(.constdata)
    g_sUISwitches                            0x0000b8c4   Data          20  ui.o(.constdata)
    g_ulUINumButtons                         0x0000b8d8   Data           4  ui.o(.constdata)
    Region$$Table$$Base                      0x0000ba68   Number         0  anon$$obj.o(Region$$Table)
    Region$$Table$$Limit                     0x0000ba88   Number         0  anon$$obj.o(Region$$Table)
    g_sMotorCurrent                          0x2000000c   Data           2  adc_ctrl.o(.data)
    g_sAmbientTemp                           0x2000000e   Data           2  adc_ctrl.o(.data)
    g_ulBEMFRotorSpeed                       0x20000020   Data           4  adc_ctrl.o(.data)
    g_ulBEMFNextHall                         0x20000024   Data           4  adc_ctrl.o(.data)
    g_ulLinearHallValue                      0x20000028   Data           4  adc_ctrl.o(.data)
    g_ulLinearRotorSpeed                     0x20000030   Data           4  adc_ctrl.o(.data)
    g_ulMotorPower                           0x20000058   Data           4  adc_ctrl.o(.data)
    g_ulBusVoltage                           0x2000005c   Data           4  adc_ctrl.o(.data)
    g_ulPhaseBEMFVoltage                     0x20000060   Data           4  adc_ctrl.o(.data)
    g_psPhaseCurrent                         0x20000084   Data           6  adc_ctrl.o(.data)
    g_ulBEMFHallValue                        0x200000a4   Data           4  adc_ctrl.o(.data)
    g_ulHallRotorSpeed                       0x200000f0   Data           4  hall_ctrl.o(.data)
    g_ulHallValue                            0x200000f4   Data           4  hall_ctrl.o(.data)
    netif_list                               0x2000013c   Data           4  lwiplib.o(.data)
    netif_default                            0x20000140   Data           4  lwiplib.o(.data)
    tcp_ticks                                0x20000148   Data           4  lwiplib.o(.data)
    tcp_bound_pcbs                           0x2000014c   Data           4  lwiplib.o(.data)
    tcp_listen_pcbs                          0x20000150   Data           4  lwiplib.o(.data)
    tcp_active_pcbs                          0x20000154   Data           4  lwiplib.o(.data)
    tcp_tw_pcbs                              0x20000158   Data           4  lwiplib.o(.data)
    tcp_tmp_pcb                              0x2000015c   Data           4  lwiplib.o(.data)
    tcp_input_pcb                            0x20000174   Data           4  lwiplib.o(.data)
    udp_pcbs                                 0x20000178   Data           4  lwiplib.o(.data)
    current_netif                            0x2000017c   Data           4  lwiplib.o(.data)
    current_header                           0x20000180   Data           4  lwiplib.o(.data)
    tcp_state_str                            0x20000190   Data          44  lwiplib.o(.data)
    g_ucMotorStatus                          0x200001bc   Data           1  main.o(.data)
    g_ulAngle                                0x200001e0   Data           4  main.o(.data)
    g_ulMeasuredSpeed                        0x200001f0   Data           4  main.o(.data)
    g_ulFaultFlags                           0x200001fc   Data           4  main.o(.data)
    g_ulTrapDutyCycle                        0x20000234   Data           4  pwm_ctrl.o(.data)
    g_ulPWMWidth                             0x2000023c   Data           4  pwm_ctrl.o(.data)
    g_ulPWMFrequency                         0x20000240   Data           4  pwm_ctrl.o(.data)
    g_ulRotorSpeed                           0x20000260   Data           4  speed_sense.o(.data)
    g_ucCPUUsage                             0x20000275   Data           1  ui.o(.data)
    g_ucBoardID                              0x20000277   Data           1  ui.o(.data)
    g_ulGPIOData                             0x20000290   Data           4  ui.o(.data)
    g_sParameters                            0x2000029c   Data         128  ui.o(.data)
    g_pulUIHoldCount                         0x2000031c   Data           4  ui.o(.data)
    g_ulCANRXCount                           0x20000324   Data           4  ui_can.o(.data)
    g_ulCANTXCount                           0x2000032c   Data           4  ui_can.o(.data)
    g_ulEthernetRXCount                      0x20000338   Data           4  ui_ethernet.o(.data)
    g_ulEthernetTXCount                      0x2000033c   Data           4  ui_ethernet.o(.data)
    g_ulConnectionTimeoutParameter           0x20000344   Data           4  ui_ethernet.o(.data)
    g_ulTxOutError                           0x20000348   Data           4  ui_ethernet.o(.data)
    g_ulTxWriteError                         0x2000034c   Data           4  ui_ethernet.o(.data)
    lwip_stats                               0x20003f8c   Data         234  lwiplib.o(.bss)
    g_ulDebugInfo                            0x200041ec   Data          32  ui.o(.bss)
    g_MsgObjectHeartBeat                     0x2000420c   Data          20  ui_can.o(.bss)
    g_MsgObjectButton                        0x20004220   Data          20  ui_can.o(.bss)
    __initial_sp                             0x200052f8   Data           0  startup_rvmdk.o(STACK)



==============================================================================

Memory Map of the image

  Image Entry point : 0x000010f1

  Load Region LR_IROM (Base: 0x00001000, Size: 0x0000ae08, Max: 0x0003e000, ABSOLUTE, COMPRESSED[0x0000ab68])

    Execution Region ER_IROM (Base: 0x00001000, Size: 0x0000aa88, Max: 0x0003e000, ABSOLUTE)

    Base Addr    Size         Type   Attr      Idx    E Section Name        Object

    0x00001000   0x000000f4   Code   RO         2090  * RESET               startup_rvmdk.o
    0x000010f4   0x00000000   Code   RO         4387  * .ARM.Collect$$$$00000000  mc_w.l(entry.o)
    0x000010f4   0x00000004   Code   RO         4398    .ARM.Collect$$$$00000001  mc_w.l(entry2.o)
    0x000010f8   0x00000004   Code   RO         4401    .ARM.Collect$$$$00000004  mc_w.l(entry5.o)
    0x000010fc   0x00000008   Code   RO         4402    .ARM.Collect$$$$00000007  mc_w.l(entry7.o)
    0x00001104   0x00000004   Code   RO         4399    .ARM.Collect$$$$00002712  mc_w.l(entry2.o)
    0x00001108   0x0000000c   Code   RO         1691    .emb_text           main.o
    0x00001114   0x00000006   Code   RO         3767    .emb_text           driverlib.lib(sysctl.o)
    0x0000111a   0x00000002   PAD
    0x0000111c   0x00000026   Code   RO         4377    .emb_text           driverlib.lib(cpu.o)
    0x00001142   0x00000024   Code   RO         4390    .text               mc_w.l(memcpya.o)
    0x00001166   0x00000026   Code   RO         4392    .text               mc_w.l(memseta.o)
    0x0000118c   0x0000001a   Code   RO         4394    .text               mc_w.l(memcmp.o)
    0x000011a6   0x00000002   PAD
    0x000011a8   0x00000024   Code   RO         4403    .text               mc_w.l(init.o)
    0x000011cc   0x0000005c   Code   RO         4413    .text               mc_w.l(__dczerorl2.o)
    0x00001228   0x00000020   Code   RO            1    i.ADC0IntHandler    adc_ctrl.o
    0x00001248   0x00000094   Code   RO            2    i.ADC0IntIdle       adc_ctrl.o
    0x000012dc   0x000001c4   Code   RO            3    i.ADC0IntSine       adc_ctrl.o
    0x000014a0   0x000002f4   Code   RO            4    i.ADC0IntSineLinear  adc_ctrl.o
    0x00001794   0x00000390   Code   RO            5    i.ADC0IntTrap       adc_ctrl.o
    0x00001b24   0x00000330   Code   RO            6    i.ADC0IntTrapLinear  adc_ctrl.o
    0x00001e54   0x000001d0   Code   RO            7    i.ADCConfigure      adc_ctrl.o
    0x00002024   0x00000040   Code   RO            8    i.ADCInit           adc_ctrl.o
    0x00002064   0x00000010   Code   RO         2514    i.ADCIntDisable     driverlib.lib(adc.o)
    0x00002074   0x00000010   Code   RO         2515    i.ADCIntEnable      driverlib.lib(adc.o)
    0x00002084   0x0000001a   Code   RO         2521    i.ADCProcessorTrigger  driverlib.lib(adc.o)
    0x0000209e   0x00000002   PAD
    0x000020a0   0x00000024   Code   RO            9    i.ADCReadAnalog     adc_ctrl.o
    0x000020c4   0x00000032   Code   RO         2524    i.ADCSequenceConfigure  driverlib.lib(adc.o)
    0x000020f6   0x00000010   Code   RO         2526    i.ADCSequenceDisable  driverlib.lib(adc.o)
    0x00002106   0x0000000e   Code   RO         2527    i.ADCSequenceEnable  driverlib.lib(adc.o)
    0x00002114   0x0000006e   Code   RO         2530    i.ADCSequenceStepConfigure  driverlib.lib(adc.o)
    0x00002182   0x00000002   PAD
    0x00002184   0x00000070   Code   RO           10    i.ADCTickHandler    adc_ctrl.o
    0x000021f4   0x00000028   Code   RO          120    i.BrakeInit         brake.o
    0x0000221c   0x000000cc   Code   RO          121    i.BrakeTick         brake.o
    0x000022e8   0x0000009c   Code   RO         2720    i.CANBitRateSet     driverlib.lib(can.o)
    0x00002384   0x00000018   Code   RO         2724    i.CANEnable         driverlib.lib(can.o)
    0x0000239c   0x00000096   Code   RO         2726    i.CANInit           driverlib.lib(can.o)
    0x00002432   0x0000004e   Code   RO         2727    i.CANIntClear       driverlib.lib(can.o)
    0x00002480   0x00000018   Code   RO         2729    i.CANIntEnable      driverlib.lib(can.o)
    0x00002498   0x00000068   Code   RO         2300    i.CANIntHandler     ui_can.o
    0x00002500   0x00000034   Code   RO         2731    i.CANIntStatus      driverlib.lib(can.o)
    0x00002534   0x000001b8   Code   RO         2734    i.CANMessageGet     driverlib.lib(can.o)
    0x000026ec   0x000001b2   Code   RO         2735    i.CANMessageSet     driverlib.lib(can.o)
    0x0000289e   0x00000002   PAD
    0x000028a0   0x00000068   Code   RO         2736    i.CANRegRead        driverlib.lib(can.o)
    0x00002908   0x00000058   Code   RO          150    i.CPUUsageInit      cpu_usage.o
    0x00002960   0x00000030   Code   RO          151    i.CPUUsageTick      cpu_usage.o
    0x00002990   0x0000002a   Code   RO         2857    i.EthernetConfigSet  driverlib.lib(ethernet.o)
    0x000029ba   0x00000022   Code   RO         2859    i.EthernetEnable    driverlib.lib(ethernet.o)
    0x000029dc   0x00000010   Code   RO         2860    i.EthernetInitExpClk  driverlib.lib(ethernet.o)
    0x000029ec   0x00000004   Code   RO         2861    i.EthernetIntClear  driverlib.lib(ethernet.o)
    0x000029f0   0x0000000a   Code   RO         2862    i.EthernetIntDisable  driverlib.lib(ethernet.o)
    0x000029fa   0x00000008   Code   RO         2863    i.EthernetIntEnable  driverlib.lib(ethernet.o)
    0x00002a02   0x0000000e   Code   RO         2865    i.EthernetIntStatus  driverlib.lib(ethernet.o)
    0x00002a10   0x00000032   Code   RO         2867    i.EthernetMACAddrGet  driverlib.lib(ethernet.o)
    0x00002a42   0x00000036   Code   RO         2868    i.EthernetMACAddrSet  driverlib.lib(ethernet.o)
    0x00002a78   0x00000022   Code   RO         2871    i.EthernetPHYRead   driverlib.lib(ethernet.o)
    0x00002a9a   0x00000012   Code   RO         1692    i.FaultISR          main.o
    0x00002aac   0x0000002c   Code   RO         3018    i.FlashErase        driverlib.lib(flash.o)
    0x00002ad8   0x0000000c   Code   RO          182    i.FlashPBGet        flash_pb.o
    0x00002ae4   0x0000007c   Code   RO          183    i.FlashPBInit       flash_pb.o
    0x00002b60   0x0000009c   Code   RO          184    i.FlashPBSave       flash_pb.o
    0x00002bfc   0x0000009c   Code   RO         3025    i.FlashProgram      driverlib.lib(flash.o)
    0x00002c98   0x0000000c   Code   RO         3030    i.FlashUsecSet      driverlib.lib(flash.o)
    0x00002ca4   0x00000038   Code   RO         3031    i.FlashUserGet      driverlib.lib(flash.o)
    0x00002cdc   0x000000d0   Code   RO          217    i.GPIOBIntHandler   hall_ctrl.o
    0x00002dac   0x0000008c   Code   RO         2047    i.GPIOCIntHandler   speed_sense.o
    0x00002e38   0x00000028   Code   RO         3132    i.GPIODirModeSet    driverlib.lib(gpio.o)
    0x00002e60   0x0000003a   Code   RO         3135    i.GPIOIntTypeSet    driverlib.lib(gpio.o)
    0x00002e9a   0x000000b0   Code   RO         3137    i.GPIOPadConfigSet  driverlib.lib(gpio.o)
    0x00002f4a   0x00000006   Code   RO         3139    i.GPIOPinIntClear   driverlib.lib(gpio.o)
    0x00002f50   0x0000000e   Code   RO         3140    i.GPIOPinIntDisable  driverlib.lib(gpio.o)
    0x00002f5e   0x0000000c   Code   RO         3141    i.GPIOPinIntEnable  driverlib.lib(gpio.o)
    0x00002f6a   0x00000006   Code   RO         3143    i.GPIOPinRead       driverlib.lib(gpio.o)
    0x00002f70   0x0000001c   Code   RO         3145    i.GPIOPinTypeCAN    driverlib.lib(gpio.o)
    0x00002f8c   0x0000001c   Code   RO         3148    i.GPIOPinTypeEthernetLED  driverlib.lib(gpio.o)
    0x00002fa8   0x0000001c   Code   RO         3149    i.GPIOPinTypeGPIOInput  driverlib.lib(gpio.o)
    0x00002fc4   0x0000001c   Code   RO         3150    i.GPIOPinTypeGPIOOutput  driverlib.lib(gpio.o)
    0x00002fe0   0x0000001c   Code   RO         3151    i.GPIOPinTypeGPIOOutputOD  driverlib.lib(gpio.o)
    0x00002ffc   0x0000001c   Code   RO         3154    i.GPIOPinTypePWM    driverlib.lib(gpio.o)
    0x00003018   0x0000001c   Code   RO         3155    i.GPIOPinTypeQEI    driverlib.lib(gpio.o)
    0x00003034   0x0000001c   Code   RO         3158    i.GPIOPinTypeUART   driverlib.lib(gpio.o)
    0x00003050   0x00000006   Code   RO         3161    i.GPIOPinWrite      driverlib.lib(gpio.o)
    0x00003056   0x00000002   PAD
    0x00003058   0x00000060   Code   RO          218    i.HallConfigure     hall_ctrl.o
    0x000030b8   0x00000020   Code   RO          219    i.HallInit          hall_ctrl.o
    0x000030d8   0x0000001c   Code   RO          220    i.HallTickHandler   hall_ctrl.o
    0x000030f4   0x00000012   Code   RO         1693    i.IntDefaultHandler  main.o
    0x00003106   0x00000068   Code   RO         3343    i.IntDisable        driverlib.lib(interrupt.o)
    0x0000316e   0x00000068   Code   RO         3344    i.IntEnable         driverlib.lib(interrupt.o)
    0x000031d6   0x0000000a   Code   RO         3345    i.IntMasterDisable  driverlib.lib(interrupt.o)
    0x000031e0   0x0000000a   Code   RO         3346    i.IntMasterEnable   driverlib.lib(interrupt.o)
    0x000031ea   0x00000002   PAD
    0x000031ec   0x00000028   Code   RO         3354    i.IntPrioritySet    driverlib.lib(interrupt.o)
    0x00003214   0x000000a0   Code   RO         1694    i.MainCheckFaults   main.o
    0x000032b4   0x00000010   Code   RO         1695    i.MainClearFaults   main.o
    0x000032c4   0x0000007c   Code   RO         1696    i.MainEmergencyStop  main.o
    0x00003340   0x00000010   Code   RO         1697    i.MainIsFaulted     main.o
    0x00003350   0x00000014   Code   RO         1698    i.MainIsReverse     main.o
    0x00003364   0x00000010   Code   RO         1699    i.MainIsRunning     main.o
    0x00003374   0x00000014   Code   RO         1700    i.MainIsStartup     main.o
    0x00003388   0x00000158   Code   RO         1701    i.MainMillisecondTick  main.o
    0x000034e0   0x00000058   Code   RO         1702    i.MainPowerController  main.o
    0x00003538   0x00000184   Code   RO         1703    i.MainPowerHandler  main.o
    0x000036bc   0x00000074   Code   RO         1704    i.MainPrechargeHandler  main.o
    0x00003730   0x0000000c   Code   RO         1705    i.MainPunchWatchdog  main.o
    0x0000373c   0x000000a8   Code   RO         1706    i.MainRun           main.o
    0x000037e4   0x00000060   Code   RO         1707    i.MainSetDirection  main.o
    0x00003844   0x00000014   Code   RO         1708    i.MainSetFault      main.o
    0x00003858   0x00000050   Code   RO         1709    i.MainSetPWMFrequency  main.o
    0x000038a8   0x0000001c   Code   RO         1710    i.MainSetPower      main.o
    0x000038c4   0x0000002c   Code   RO         1711    i.MainSetSpeed      main.o
    0x000038f0   0x00000054   Code   RO         1712    i.MainSpeedController  main.o
    0x00003944   0x0000019c   Code   RO         1713    i.MainSpeedHandler  main.o
    0x00003ae0   0x0000022c   Code   RO         1714    i.MainStartupHandler  main.o
    0x00003d0c   0x00000064   Code   RO         1715    i.MainStop          main.o
    0x00003d70   0x0000003c   Code   RO         1716    i.MainUpdateFAdjI   main.o
    0x00003dac   0x0000003c   Code   RO         1717    i.MainUpdatePAdjI   main.o
    0x00003de8   0x0000000c   Code   RO         1718    i.MainUpgrade       main.o
    0x00003df4   0x000000f0   Code   RO         1719    i.MainWaveformTick  main.o
    0x00003ee4   0x00000012   Code   RO         1720    i.NmiSR             main.o
    0x00003ef6   0x00000002   PAD
    0x00003ef8   0x00000158   Code   RO         1916    i.PWM0IntHandler    pwm_ctrl.o
    0x00004050   0x00000028   Code   RO         1917    i.PWMClearDeadBand  pwm_ctrl.o
    0x00004078   0x0000000c   Code   RO         3443    i.PWMDeadBandDisable  driverlib.lib(pwm.o)
    0x00004084   0x00000010   Code   RO         3444    i.PWMDeadBandEnable  driverlib.lib(pwm.o)
    0x00004094   0x00000026   Code   RO         3449    i.PWMGenConfigure   driverlib.lib(pwm.o)
    0x000040ba   0x0000000a   Code   RO         3451    i.PWMGenEnable      driverlib.lib(pwm.o)
    0x000040c4   0x00000006   Code   RO         3457    i.PWMGenIntClear    driverlib.lib(pwm.o)
    0x000040ca   0x0000000a   Code   RO         3461    i.PWMGenIntTrigEnable  driverlib.lib(pwm.o)
    0x000040d4   0x00000012   Code   RO         3464    i.PWMGenPeriodSet   driverlib.lib(pwm.o)
    0x000040e6   0x00000002   PAD
    0x000040e8   0x0000000c   Code   RO         1918    i.PWMGetPeriodCount  pwm_ctrl.o
    0x000040f4   0x00000110   Code   RO         1919    i.PWMInit           pwm_ctrl.o
    0x00004204   0x00000008   Code   RO         3466    i.PWMIntEnable      driverlib.lib(pwm.o)
    0x0000420c   0x00000010   Code   RO         3468    i.PWMOutputFault    driverlib.lib(pwm.o)
    0x0000421c   0x00000010   Code   RO         3470    i.PWMOutputInvert   driverlib.lib(pwm.o)
    0x0000422c   0x00000050   Code   RO         1920    i.PWMOutputOff      pwm_ctrl.o
    0x0000427c   0x00000024   Code   RO         1921    i.PWMOutputOn       pwm_ctrl.o
    0x000042a0   0x000000d0   Code   RO         1922    i.PWMOutputPrecharge  pwm_ctrl.o
    0x00004370   0x00000010   Code   RO         3471    i.PWMOutputState    driverlib.lib(pwm.o)
    0x00004380   0x00000048   Code   RO         1923    i.PWMOutputTrapezoid  pwm_ctrl.o
    0x000043c8   0x00000020   Code   RO         3473    i.PWMPulseWidthSet  driverlib.lib(pwm.o)
    0x000043e8   0x00000020   Code   RO         1924    i.PWMReducePeriodCount  pwm_ctrl.o
    0x00004408   0x0000003c   Code   RO         1925    i.PWMSetDeadBand    pwm_ctrl.o
    0x00004444   0x00000040   Code   RO         1926    i.PWMSetDutyCycle   pwm_ctrl.o
    0x00004484   0x000000bc   Code   RO         1927    i.PWMSetFrequency   pwm_ctrl.o
    0x00004540   0x00000038   Code   RO         1928    i.PWMSetMinPulseWidth  pwm_ctrl.o
    0x00004578   0x0000001c   Code   RO         1929    i.PWMSetUpdateRate  pwm_ctrl.o
    0x00004594   0x00000004   Code   RO         3474    i.PWMSyncTimeBase   driverlib.lib(pwm.o)
    0x00004598   0x00000004   Code   RO         3475    i.PWMSyncUpdate     driverlib.lib(pwm.o)
    0x0000459c   0x00000124   Code   RO         1930    i.PWMUpdateDutyCycle  pwm_ctrl.o
    0x000046c0   0x0000000e   Code   RO         3653    i.QEIConfigure      driverlib.lib(qei.o)
    0x000046ce   0x0000000a   Code   RO         3656    i.QEIEnable         driverlib.lib(qei.o)
    0x000046d8   0x00000004   Code   RO         3658    i.QEIIntClear       driverlib.lib(qei.o)
    0x000046dc   0x00000008   Code   RO         3660    i.QEIIntEnable      driverlib.lib(qei.o)
    0x000046e4   0x000000b4   Code   RO         2048    i.QEIIntHandler     speed_sense.o
    0x00004798   0x00000010   Code   RO         3666    i.QEIVelocityConfigure  driverlib.lib(qei.o)
    0x000047a8   0x0000000a   Code   RO         3668    i.QEIVelocityEnable  driverlib.lib(qei.o)
    0x000047b2   0x00000004   Code   RO         3669    i.QEIVelocityGet    driverlib.lib(qei.o)
    0x000047b6   0x0000005a   Code   RO         2035    i.SineModulate      sinemod.o
    0x00004810   0x00000030   Code   RO         2049    i.SpeedNewValue     speed_sense.o
    0x00004840   0x00000078   Code   RO         2050    i.SpeedSenseInit    speed_sense.o
    0x000048b8   0x00000020   Code   RO         3769    i.SysCtlADCSpeedSet  driverlib.lib(sysctl.o)
    0x000048d8   0x000001e4   Code   RO         3772    i.SysCtlClockGet    driverlib.lib(sysctl.o)
    0x00004abc   0x00000138   Code   RO         3773    i.SysCtlClockSet    driverlib.lib(sysctl.o)
    0x00004bf4   0x0000000c   Code   RO         3788    i.SysCtlLDOSet      driverlib.lib(sysctl.o)
    0x00004c00   0x00000018   Code   RO         3793    i.SysCtlPeripheralClockGating  driverlib.lib(sysctl.o)
    0x00004c18   0x00000020   Code   RO         3797    i.SysCtlPeripheralEnable  driverlib.lib(sysctl.o)
    0x00004c38   0x00000020   Code   RO         3800    i.SysCtlPeripheralSleepDisable  driverlib.lib(sysctl.o)
    0x00004c58   0x00000020   Code   RO         3801    i.SysCtlPeripheralSleepEnable  driverlib.lib(sysctl.o)
    0x00004c78   0x00000004   Code   RO         3807    i.SysCtlSleep       driverlib.lib(sysctl.o)
    0x00004c7c   0x0000000e   Code   RO         4033    i.SysTickEnable     driverlib.lib(systick.o)
    0x00004c8a   0x0000000e   Code   RO         4034    i.SysTickIntDisable  driverlib.lib(systick.o)
    0x00004c98   0x0000000e   Code   RO         4035    i.SysTickIntEnable  driverlib.lib(systick.o)
    0x00004ca6   0x00000002   PAD
    0x00004ca8   0x00000118   Code   RO         2110    i.SysTickIntHandler  ui.o
    0x00004dc0   0x0000000a   Code   RO         4039    i.SysTickPeriodSet  driverlib.lib(systick.o)
    0x00004dca   0x00000002   PAD
    0x00004dcc   0x00000088   Code   RO         1721    i.Timer0AIntHandler  main.o
    0x00004e54   0x00000024   Code   RO         2111    i.Timer1AIntHandler  ui.o
    0x00004e78   0x0000001c   Code   RO         4095    i.TimerConfigure    driverlib.lib(timer.o)
    0x00004e94   0x0000000e   Code   RO         4102    i.TimerEnable       driverlib.lib(timer.o)
    0x00004ea2   0x00000004   Code   RO         4103    i.TimerIntClear     driverlib.lib(timer.o)
    0x00004ea6   0x00000008   Code   RO         4105    i.TimerIntEnable    driverlib.lib(timer.o)
    0x00004eae   0x00000012   Code   RO         4110    i.TimerLoadSet      driverlib.lib(timer.o)
    0x00004ec0   0x0000000a   Code   RO         4120    i.TimerValueGet     driverlib.lib(timer.o)
    0x00004eca   0x00000002   PAD
    0x00004ecc   0x00000078   Code   RO         2096    i.TrapModulate      trapmod.o
    0x00004f44   0x00000002   Code   RO         2112    i.UIButtonHold      ui.o
    0x00004f46   0x00000002   PAD
    0x00004f48   0x0000002c   Code   RO         2113    i.UIButtonPress     ui.o
    0x00004f74   0x00000058   Code   RO         2301    i.UICANConfigureNetwork  ui_can.o
    0x00004fcc   0x00000044   Code   RO         2302    i.UICANInit         ui_can.o
    0x00005010   0x00000014   Code   RO         2114    i.UIConnectionTimeout  ui.o
    0x00005024   0x00000024   Code   RO         2115    i.UIControlType     ui.o
    0x00005048   0x00000024   Code   RO         2116    i.UIDecayMode       ui.o
    0x0000506c   0x0000002c   Code   RO         2117    i.UIDirectionSet    ui.o
    0x00005098   0x00000024   Code   RO         2118    i.UIDynamicBrake    ui.o
    0x000050bc   0x00000010   Code   RO         2119    i.UIEmergencyStop   ui.o
    0x000050cc   0x00000034   Code   RO         2120    i.UIEncoderPresent  ui.o
    0x00005100   0x0000006c   Code   RO         2345    i.UIEthernetAccept  ui_ethernet.o
    0x0000516c   0x00000040   Code   RO         2346    i.UIEthernetClose   ui_ethernet.o
    0x000051ac   0x0000000c   Code   RO         2347    i.UIEthernetError   ui_ethernet.o
    0x000051b8   0x00000030   Code   RO         2348    i.UIEthernetFindParameter  ui_ethernet.o
    0x000051e8   0x000000b4   Code   RO         2350    i.UIEthernetInit    ui_ethernet.o
    0x0000529c   0x00000028   Code   RO         2351    i.UIEthernetPoll    ui_ethernet.o
    0x000052c4   0x000000c0   Code   RO         2352    i.UIEthernetRangeCheck  ui_ethernet.o
    0x00005384   0x00000080   Code   RO         2353    i.UIEthernetReceive  ui_ethernet.o
    0x00005404   0x000000b4   Code   RO         2354    i.UIEthernetReceiveUDP  ui_ethernet.o
    0x000054b8   0x000003c0   Code   RO         2355    i.UIEthernetScanReceive  ui_ethernet.o
    0x00005878   0x00000098   Code   RO         2356    i.UIEthernetSendRealTimeData  ui_ethernet.o
    0x00005910   0x0000000c   Code   RO         2357    i.UIEthernetSent    ui_ethernet.o
    0x0000591c   0x00000004   Code   RO         2358    i.UIEthernetTick    ui_ethernet.o
    0x00005920   0x00000054   Code   RO         2359    i.UIEthernetTransmit  ui_ethernet.o
    0x00005974   0x0000000c   Code   RO         2121    i.UIFAdjI           ui.o
    0x00005980   0x0000000a   Code   RO         2122    i.UIFaultLEDBlink   ui.o
    0x0000598a   0x00000002   PAD
    0x0000598c   0x00000038   Code   RO         2123    i.UIGetTicks        ui.o
    0x000059c4   0x00000110   Code   RO         2124    i.UIInit            ui.o
    0x00005ad4   0x00000048   Code   RO         2125    i.UILEDBlink        ui.o
    0x00005b1c   0x00000028   Code   RO         2126    i.UIModulationType  ui.o
    0x00005b44   0x0000001c   Code   RO         2475    i.UIOnboardInit     ui_onboard.o
    0x00005b60   0x000000e0   Code   RO         2477    i.UIOnboardSwitchDebouncer  ui_onboard.o
    0x00005c40   0x0000000c   Code   RO         2127    i.UIPAdjI           ui.o
    0x00005c4c   0x00000098   Code   RO         2128    i.UIPWMFrequencySet  ui.o
    0x00005ce4   0x00000150   Code   RO         2129    i.UIParamLoad       ui.o
    0x00005e34   0x0000001c   Code   RO         2130    i.UIParamSave       ui.o
    0x00005e50   0x00000004   Code   RO         2131    i.UIRun             ui.o
    0x00005e54   0x0000000a   Code   RO         2132    i.UIRunLEDBlink     ui.o
    0x00005e5e   0x00000002   PAD
    0x00005e60   0x00000034   Code   RO         2133    i.UISensorPolarity  ui.o
    0x00005e94   0x00000054   Code   RO         2134    i.UISensorType      ui.o
    0x00005ee8   0x00000004   Code   RO         2135    i.UIStop            ui.o
    0x00005eec   0x0000000c   Code   RO         2136    i.UIUpdateRate      ui.o
    0x00005ef8   0x00000004   Code   RO         2137    i.UIUpgrade         ui.o
    0x00005efc   0x0000000a   Code   RO         4263    i.WatchdogEnable    driverlib.lib(watchdog.o)
    0x00005f06   0x00000006   Code   RO         4264    i.WatchdogIntClear  driverlib.lib(watchdog.o)
    0x00005f0c   0x00000028   Code   RO         1722    i.WatchdogIntHandler  main.o
    0x00005f34   0x00000004   Code   RO         4272    i.WatchdogReloadSet  driverlib.lib(watchdog.o)
    0x00005f38   0x0000000a   Code   RO         4273    i.WatchdogResetDisable  driverlib.lib(watchdog.o)
    0x00005f42   0x0000000a   Code   RO         4274    i.WatchdogResetEnable  driverlib.lib(watchdog.o)
    0x00005f4c   0x0000000e   Code   RO         4407    i.__scatterload_copy  mc_w.l(handlers.o)
    0x00005f5a   0x00000002   Code   RO         4408    i.__scatterload_null  mc_w.l(handlers.o)
    0x00005f5c   0x0000000e   Code   RO         4409    i.__scatterload_zeroinit  mc_w.l(handlers.o)
    0x00005f6a   0x00000002   PAD
    0x00005f6c   0x00000028   Code   RO          254    i.autoip_arp_announce  lwiplib.o
    0x00005f94   0x0000009a   Code   RO          255    i.autoip_arp_reply  lwiplib.o
    0x0000602e   0x00000002   PAD
    0x00006030   0x00000090   Code   RO          258    i.autoip_start      lwiplib.o
    0x000060c0   0x00000044   Code   RO          259    i.autoip_start_probing  lwiplib.o
    0x00006104   0x00000010   Code   RO          260    i.autoip_stop       lwiplib.o
    0x00006114   0x00000114   Code   RO          261    i.autoip_tmr        lwiplib.o
    0x00006228   0x00000032   Code   RO          262    i.dequeue_packet    lwiplib.o
    0x0000625a   0x0000001e   Code   RO          263    i.dhcp_arp_reply    lwiplib.o
    0x00006278   0x000000e0   Code   RO          264    i.dhcp_bind         lwiplib.o
    0x00006358   0x00000026   Code   RO          265    i.dhcp_check        lwiplib.o
    0x0000637e   0x00000002   PAD
    0x00006380   0x00000060   Code   RO          266    i.dhcp_coarse_tmr   lwiplib.o
    0x000063e0   0x000000fc   Code   RO          267    i.dhcp_create_request  lwiplib.o
    0x000064dc   0x00000078   Code   RO          268    i.dhcp_decline      lwiplib.o
    0x00006554   0x0000001c   Code   RO          269    i.dhcp_delete_request  lwiplib.o
    0x00006570   0x000000d8   Code   RO          270    i.dhcp_discover     lwiplib.o
    0x00006648   0x00000034   Code   RO          271    i.dhcp_fine_tmr     lwiplib.o
    0x0000667c   0x00000020   Code   RO          272    i.dhcp_free_reply   lwiplib.o
    0x0000669c   0x00000016   Code   RO          273    i.dhcp_get_option_long  lwiplib.o
    0x000066b2   0x00000080   Code   RO          274    i.dhcp_get_option_ptr  lwiplib.o
    0x00006732   0x000000d4   Code   RO          275    i.dhcp_handle_ack   lwiplib.o
    0x00006806   0x00000020   Code   RO          278    i.dhcp_option       lwiplib.o
    0x00006826   0x00000010   Code   RO          279    i.dhcp_option_byte  lwiplib.o
    0x00006836   0x00000042   Code   RO          280    i.dhcp_option_long  lwiplib.o
    0x00006878   0x00000022   Code   RO          281    i.dhcp_option_short  lwiplib.o
    0x0000689a   0x00000030   Code   RO          282    i.dhcp_option_trailer  lwiplib.o
    0x000068ca   0x00000002   PAD
    0x000068cc   0x00000090   Code   RO          283    i.dhcp_rebind       lwiplib.o
    0x0000695c   0x000000a8   Code   RO          284    i.dhcp_reboot       lwiplib.o
    0x00006a04   0x00000128   Code   RO          285    i.dhcp_recv         lwiplib.o
    0x00006b2c   0x000000b4   Code   RO          286    i.dhcp_release      lwiplib.o
    0x00006be0   0x0000008e   Code   RO          287    i.dhcp_renew        lwiplib.o
    0x00006c6e   0x00000002   PAD
    0x00006c70   0x000000e4   Code   RO          288    i.dhcp_select       lwiplib.o
    0x00006d54   0x0000000e   Code   RO          289    i.dhcp_set_state    lwiplib.o
    0x00006d62   0x00000002   PAD
    0x00006d64   0x0000009c   Code   RO          290    i.dhcp_start        lwiplib.o
    0x00006e00   0x00000040   Code   RO          291    i.dhcp_stop         lwiplib.o
    0x00006e40   0x00000088   Code   RO          292    i.dhcp_timeout      lwiplib.o
    0x00006ec8   0x0000006a   Code   RO          293    i.dhcp_unfold_reply  lwiplib.o
    0x00006f32   0x00000002   PAD
    0x00006f34   0x00000130   Code   RO          294    i.etharp_arp_input  lwiplib.o
    0x00007064   0x0000002a   Code   RO          296    i.etharp_ip_input   lwiplib.o
    0x0000708e   0x00000002   PAD
    0x00007090   0x000000b4   Code   RO          297    i.etharp_output     lwiplib.o
    0x00007144   0x0000012c   Code   RO          298    i.etharp_query      lwiplib.o
    0x00007270   0x000000c4   Code   RO          299    i.etharp_raw        lwiplib.o
    0x00007334   0x00000024   Code   RO          300    i.etharp_request    lwiplib.o
    0x00007358   0x00000028   Code   RO          301    i.etharp_send_ip    lwiplib.o
    0x00007380   0x00000054   Code   RO          302    i.etharp_tmr        lwiplib.o
    0x000073d4   0x00000064   Code   RO          303    i.ethernet_input    lwiplib.o
    0x00007438   0x00000138   Code   RO          304    i.find_entry        lwiplib.o
    0x00007570   0x0000001e   Code   RO          305    i.free_etharp_q     lwiplib.o
    0x0000758e   0x00000008   Code   RO          308    i.icmp_dest_unreach  lwiplib.o
    0x00007596   0x00000002   PAD
    0x00007598   0x00000188   Code   RO          309    i.icmp_input        lwiplib.o
    0x00007720   0x00000070   Code   RO          310    i.icmp_send_response  lwiplib.o
    0x00007790   0x0000000c   Code   RO          313    i.inet_chksum       lwiplib.o
    0x0000779c   0x00000048   Code   RO          314    i.inet_chksum_pbuf  lwiplib.o
    0x000077e4   0x00000082   Code   RO          315    i.inet_chksum_pseudo  lwiplib.o
    0x00007866   0x00000030   Code   RO          317    i.ip_addr_isbroadcast  lwiplib.o
    0x00007896   0x00000002   PAD
    0x00007898   0x00000200   Code   RO          318    i.ip_input          lwiplib.o
    0x00007a98   0x00000040   Code   RO          319    i.ip_output         lwiplib.o
    0x00007ad8   0x000000b8   Code   RO          320    i.ip_output_if      lwiplib.o
    0x00007b90   0x0000004c   Code   RO          321    i.ip_route          lwiplib.o
    0x00007bdc   0x00000030   Code   RO          322    i.lwIPEthernetIntHandler  lwiplib.o
    0x00007c0c   0x00000020   Code   RO         2360    i.lwIPHostTimerHandler  ui_ethernet.o
    0x00007c2c   0x0000003c   Code   RO          323    i.lwIPInit          lwiplib.o
    0x00007c68   0x0000007c   Code   RO          329    i.lwIPPrivateInit   lwiplib.o
    0x00007ce4   0x000000a8   Code   RO          331    i.lwIPServiceTimers  lwiplib.o
    0x00007d8c   0x0000001c   Code   RO          332    i.lwIPTimer         lwiplib.o
    0x00007da8   0x0000000e   Code   RO          333    i.lwip_init         lwiplib.o
    0x00007db6   0x00000038   Code   RO          334    i.lwip_standard_chksum  lwiplib.o
    0x00007dee   0x00000002   PAD
    0x00007df0   0x00000234   Code   RO         1723    i.main              main.o
    0x00008024   0x00000058   Code   RO          336    i.mem_free          lwiplib.o
    0x0000807c   0x00000040   Code   RO          337    i.mem_init          lwiplib.o
    0x000080bc   0x000000e4   Code   RO          338    i.mem_malloc        lwiplib.o
    0x000081a0   0x000000e4   Code   RO          339    i.mem_realloc       lwiplib.o
    0x00008284   0x00000044   Code   RO          340    i.memp_free         lwiplib.o
    0x000082c8   0x00000078   Code   RO          341    i.memp_init         lwiplib.o
    0x00008340   0x00000060   Code   RO          342    i.memp_malloc       lwiplib.o
    0x000083a0   0x0000004c   Code   RO          343    i.netif_add         lwiplib.o
    0x000083ec   0x00000020   Code   RO          347    i.netif_set_addr    lwiplib.o
    0x0000840c   0x00000012   Code   RO          349    i.netif_set_down    lwiplib.o
    0x0000841e   0x00000008   Code   RO          350    i.netif_set_gw      lwiplib.o
    0x00008426   0x00000002   PAD
    0x00008428   0x00000064   Code   RO          351    i.netif_set_ipaddr  lwiplib.o
    0x0000848c   0x00000008   Code   RO          352    i.netif_set_netmask  lwiplib.o
    0x00008494   0x0000001c   Code   RO          353    i.netif_set_up      lwiplib.o
    0x000084b0   0x00000118   Code   RO          356    i.pbuf_alloc        lwiplib.o
    0x000085c8   0x00000028   Code   RO          357    i.pbuf_cat          lwiplib.o
    0x000085f0   0x00000012   Code   RO          358    i.pbuf_chain        lwiplib.o
    0x00008602   0x00000012   Code   RO          359    i.pbuf_clen         lwiplib.o
    0x00008614   0x00000090   Code   RO          361    i.pbuf_copy         lwiplib.o
    0x000086a4   0x00000068   Code   RO          362    i.pbuf_copy_partial  lwiplib.o
    0x0000870c   0x00000052   Code   RO          364    i.pbuf_free         lwiplib.o
    0x0000875e   0x00000060   Code   RO          365    i.pbuf_header       lwiplib.o
    0x000087be   0x00000050   Code   RO          366    i.pbuf_realloc      lwiplib.o
    0x0000880e   0x0000001a   Code   RO          367    i.pbuf_ref          lwiplib.o
    0x00008828   0x00000054   Code   RO          370    i.plug_holes        lwiplib.o
    0x0000887c   0x00000064   Code   RO          373    i.raw_input         lwiplib.o
    0x000088e0   0x00000028   Code   RO         2018    i.sine              sine.o
    0x00008908   0x0000009c   Code   RO          379    i.stellarisif_init  lwiplib.o
    0x000089a4   0x00000078   Code   RO          380    i.stellarisif_interrupt  lwiplib.o
    0x00008a1c   0x00000090   Code   RO          381    i.stellarisif_output  lwiplib.o
    0x00008aac   0x0000007c   Code   RO          382    i.stellarisif_receive  lwiplib.o
    0x00008b28   0x000000b4   Code   RO          383    i.stellarisif_transmit  lwiplib.o
    0x00008bdc   0x0000000a   Code   RO          385    i.sys_arch_unprotect  lwiplib.o
    0x00008be6   0x00000002   PAD
    0x00008be8   0x0000009c   Code   RO          386    i.tcp_abandon       lwiplib.o
    0x00008c84   0x00000004   Code   RO          387    i.tcp_accept        lwiplib.o
    0x00008c88   0x00000006   Code   RO          388    i.tcp_accept_null   lwiplib.o
    0x00008c8e   0x00000002   PAD
    0x00008c90   0x0000011c   Code   RO          389    i.tcp_alloc         lwiplib.o
    0x00008dac   0x00000004   Code   RO          390    i.tcp_arg           lwiplib.o
    0x00008db0   0x000000bc   Code   RO          391    i.tcp_bind          lwiplib.o
    0x00008e6c   0x000000a0   Code   RO          392    i.tcp_close         lwiplib.o
    0x00008f0c   0x0000001e   Code   RO          399    i.tcp_eff_send_mss  lwiplib.o
    0x00008f2a   0x00000002   PAD
    0x00008f2c   0x00000318   Code   RO          400    i.tcp_enqueue       lwiplib.o
    0x00009244   0x00000006   Code   RO          401    i.tcp_err           lwiplib.o
    0x0000924a   0x00000002   PAD
    0x0000924c   0x00000060   Code   RO          402    i.tcp_fasttmr       lwiplib.o
    0x000092ac   0x00000350   Code   RO          403    i.tcp_input         lwiplib.o
    0x000095fc   0x00000064   Code   RO          404    i.tcp_keepalive     lwiplib.o
    0x00009660   0x000000ec   Code   RO          405    i.tcp_listen_input  lwiplib.o
    0x0000974c   0x00000080   Code   RO          406    i.tcp_listen_with_backlog  lwiplib.o
    0x000097cc   0x00000006   Code   RO          407    i.tcp_new           lwiplib.o
    0x000097d2   0x00000002   PAD
    0x000097d4   0x00000060   Code   RO          408    i.tcp_new_port      lwiplib.o
    0x00009834   0x00000010   Code   RO          409    i.tcp_next_iss      lwiplib.o
    0x00009844   0x0000007c   Code   RO          410    i.tcp_oos_insert_segment  lwiplib.o
    0x000098c0   0x00000174   Code   RO          411    i.tcp_output        lwiplib.o
    0x00009a34   0x000000cc   Code   RO          412    i.tcp_output_segment  lwiplib.o
    0x00009b00   0x0000005e   Code   RO          413    i.tcp_output_set_header  lwiplib.o
    0x00009b5e   0x00000002   PAD
    0x00009b60   0x00000070   Code   RO          414    i.tcp_parseopt      lwiplib.o
    0x00009bd0   0x00000042   Code   RO          415    i.tcp_pcb_purge     lwiplib.o
    0x00009c12   0x00000002   PAD
    0x00009c14   0x00000064   Code   RO          416    i.tcp_pcb_remove    lwiplib.o
    0x00009c78   0x00000020   Code   RO          417    i.tcp_pcbs_sane     lwiplib.o
    0x00009c98   0x0000000a   Code   RO          418    i.tcp_poll          lwiplib.o
    0x00009ca2   0x00000002   PAD
    0x00009ca4   0x00000318   Code   RO          419    i.tcp_process       lwiplib.o
    0x00009fbc   0x000005f8   Code   RO          420    i.tcp_receive       lwiplib.o
    0x0000a5b4   0x00000006   Code   RO          421    i.tcp_recv          lwiplib.o
    0x0000a5ba   0x00000024   Code   RO          422    i.tcp_recv_null     lwiplib.o
    0x0000a5de   0x0000003a   Code   RO          423    i.tcp_recved        lwiplib.o
    0x0000a618   0x00000040   Code   RO          424    i.tcp_rexmit        lwiplib.o
    0x0000a658   0x00000056   Code   RO          425    i.tcp_rexmit_fast   lwiplib.o
    0x0000a6ae   0x0000002e   Code   RO          426    i.tcp_rexmit_rto    lwiplib.o
    0x0000a6dc   0x000000a0   Code   RO          427    i.tcp_rst           lwiplib.o
    0x0000a77c   0x00000024   Code   RO          428    i.tcp_seg_copy      lwiplib.o
    0x0000a7a0   0x00000020   Code   RO          429    i.tcp_seg_free      lwiplib.o
    0x0000a7c0   0x0000001a   Code   RO          430    i.tcp_segs_free     lwiplib.o
    0x0000a7da   0x00000016   Code   RO          431    i.tcp_send_ctrl     lwiplib.o
    0x0000a7f0   0x00000066   Code   RO          432    i.tcp_send_empty_ack  lwiplib.o
    0x0000a856   0x00000006   Code   RO          433    i.tcp_sent          lwiplib.o
    0x0000a85c   0x00000004   Code   RO          434    i.tcp_setprio       lwiplib.o
    0x0000a860   0x00000254   Code   RO          435    i.tcp_slowtmr       lwiplib.o
    0x0000aab4   0x00000064   Code   RO          436    i.tcp_timewait_input  lwiplib.o
    0x0000ab18   0x00000020   Code   RO          437    i.tcp_tmr           lwiplib.o
    0x0000ab38   0x00000032   Code   RO          438    i.tcp_update_rcv_ann_wnd  lwiplib.o
    0x0000ab6a   0x0000002e   Code   RO          439    i.tcp_write         lwiplib.o
    0x0000ab98   0x000000b0   Code   RO          440    i.tcp_zero_window_probe  lwiplib.o
    0x0000ac48   0x0000005c   Code   RO          441    i.udp_bind          lwiplib.o
    0x0000aca4   0x0000004c   Code   RO          442    i.udp_connect       lwiplib.o
    0x0000acf0   0x000001c8   Code   RO          444    i.udp_input         lwiplib.o
    0x0000aeb8   0x0000001a   Code   RO          445    i.udp_new           lwiplib.o
    0x0000aed2   0x00000006   Code   RO          446    i.udp_recv          lwiplib.o
    0x0000aed8   0x0000002c   Code   RO          447    i.udp_remove        lwiplib.o
    0x0000af04   0x00000034   Code   RO          449    i.udp_sendto        lwiplib.o
    0x0000af38   0x000000dc   Code   RO          450    i.udp_sendto_if     lwiplib.o
    0x0000b014   0x000000a4   Code   RO          451    i.update_arp_entry  lwiplib.o
    0x0000b0b8   0x00000049   Data   RO          453    .constdata          lwiplib.o
    0x0000b101   0x00000003   PAD
    0x0000b104   0x00000020   Data   RO         1724    .constdata          main.o
    0x0000b124   0x00000102   Data   RO         2019    .constdata          sine.o
    0x0000b226   0x00000002   PAD
    0x0000b228   0x00000040   Data   RO         2097    .constdata          trapmod.o
    0x0000b268   0x000005ac   Data   RO         2139    .constdata          ui.o
    0x0000b814   0x00000004   Data   RO         2140    .constdata          ui.o
    0x0000b818   0x00000002   Data   RO         2141    .constdata          ui.o
    0x0000b81a   0x00000002   PAD
    0x0000b81c   0x00000004   Data   RO         2142    .constdata          ui.o
    0x0000b820   0x000000a0   Data   RO         2143    .constdata          ui.o
    0x0000b8c0   0x00000004   Data   RO         2144    .constdata          ui.o
    0x0000b8c4   0x00000014   Data   RO         2145    .constdata          ui.o
    0x0000b8d8   0x00000004   Data   RO         2146    .constdata          ui.o
    0x0000b8dc   0x00000020   Data   RO         2740    .constdata          driverlib.lib(can.o)
    0x0000b8fc   0x00000068   Data   RO         3357    .constdata          driverlib.lib(interrupt.o)
    0x0000b964   0x0000009c   Data   RO         3810    .constdata          driverlib.lib(sysctl.o)
    0x0000ba00   0x00000068   Data   RO          454    .conststring        lwiplib.o
    0x0000ba68   0x00000020   Data   RO         4405    Region$$Table       anon$$obj.o


    Execution Region RW_IRAM (Base: 0x20000000, Size: 0x000052f8, Max: 0x00010000, ABSOLUTE, COMPRESSED[0x000000e0])

    Base Addr    Size         Type   Attr      Idx    E Section Name        Object

    0x20000000   0x000000a2   Data   RW           12    .data               adc_ctrl.o
    0x200000a2   0x00000002   PAD
    0x200000a4   0x00000004   Data   RW           13    .data               adc_ctrl.o
    0x200000a8   0x00000008   Data   RW          122    .data               brake.o
    0x200000b0   0x0000002c   Data   RW          152    .data               cpu_usage.o
    0x200000dc   0x00000010   Data   RW          185    .data               flash_pb.o
    0x200000ec   0x0000000c   Data   RW          222    .data               hall_ctrl.o
    0x200000f8   0x000000c4   Data   RW          455    .data               lwiplib.o
    0x200001bc   0x00000072   Data   RW         1725    .data               main.o
    0x2000022e   0x00000002   PAD
    0x20000230   0x0000002c   Data   RW         1931    .data               pwm_ctrl.o
    0x2000025c   0x00000010   Data   RW         2051    .data               speed_sense.o
    0x2000026c   0x000000b0   Data   RW         2147    .data               ui.o
    0x2000031c   0x00000004   Data   RW         2148    .data               ui.o
    0x20000320   0x0000000c   Data   RW         2305    .data               ui_can.o
    0x2000032c   0x00000004   Data   RW         2306    .data               ui_can.o
    0x20000330   0x0000002c   Data   RW         2362    .data               ui_ethernet.o
    0x2000035c   0x00000024   Data   RW         2478    .data               ui_onboard.o
    0x20000380   0x00000010   Zero   RW           11    .bss                adc_ctrl.o
    0x20000390   0x00000020   Zero   RW          221    .bss                hall_ctrl.o
    0x200003b0   0x00003e3c   Zero   RW          452    .bss                lwiplib.o
    0x200041ec   0x00000020   Zero   RW         2138    .bss                ui.o
    0x2000420c   0x00000028   Zero   RW         2304    .bss                ui_can.o
    0x20004234   0x000000c0   Zero   RW         2361    .bss                ui_ethernet.o
    0x200042f4   0x00000004   PAD
    0x200042f8   0x00001000   Zero   RW         2088    STACK               startup_rvmdk.o

