ARM Linker, 4.1 [Build 644] [Evaluation]

==============================================================================

Section Cross References

    adc_ctrl.o(i.ADC0IntHandler) refers to adc.o(i.ADCIntClear) for ADCIntClear
    adc_ctrl.o(i.ADC0IntHandler) refers to main.o(i.MainIsRunning) for MainIsRunning
    adc_ctrl.o(i.ADC0IntHandler) refers to adc_ctrl.o(.bss) for .bss
    adc_ctrl.o(i.ADC0IntHandler) refers to adc_ctrl.o(.data) for .data
    adc_ctrl.o(i.ADC0IntHandler) refers to main.o(.data) for g_ulAngle
    adc_ctrl.o(i.ADC0IntHandler) refers to ui.o(.data) for g_sParameters
    adc_ctrl.o(i.ADCInit) refers to sysctl.o(i.SysCtlADCSpeedSet) for SysCtlADCSpeedSet
    adc_ctrl.o(i.ADCInit) refers to adc.o(i.ADCSequenceConfigure) for ADCSequenceConfigure
    adc_ctrl.o(i.ADCInit) refers to adc.o(i.ADCSequenceStepConfigure) for ADCSequenceStepConfigure
    adc_ctrl.o(i.ADCInit) refers to adc.o(i.ADCSequenceEnable) for ADCSequenceEnable
    adc_ctrl.o(i.ADCInit) refers to adc.o(i.ADCIntEnable) for ADCIntEnable
    adc_ctrl.o(i.ADCInit) refers to interrupt.o(i.IntEnable) for IntEnable
    brake.o(i.BrakeInit) refers to gpio.o(i.GPIODirModeSet) for GPIODirModeSet
    brake.o(i.BrakeInit) refers to gpio.o(i.GPIOPinWrite) for GPIOPinWrite
    brake.o(i.BrakeInit) refers to brake.o(.data) for .data
    brake.o(i.BrakeTick) refers to gpio.o(i.GPIOPinWrite) for GPIOPinWrite
    brake.o(i.BrakeTick) refers to ui.o(i.UIStatus1LEDBlink) for UIStatus1LEDBlink
    brake.o(i.BrakeTick) refers to ui.o(.data) for g_sParameters
    brake.o(i.BrakeTick) refers to adc_ctrl.o(.data) for g_usBusVoltage
    brake.o(i.BrakeTick) refers to brake.o(.data) for .data
    cpu_usage.o(i.CPUUsageInit) refers to sysctl.o(i.SysCtlPeripheralClockGating) for SysCtlPeripheralClockGating
    cpu_usage.o(i.CPUUsageInit) refers to sysctl.o(i.SysCtlPeripheralEnable) for SysCtlPeripheralEnable
    cpu_usage.o(i.CPUUsageInit) refers to sysctl.o(i.SysCtlPeripheralSleepDisable) for SysCtlPeripheralSleepDisable
    cpu_usage.o(i.CPUUsageInit) refers to timer.o(i.TimerConfigure) for TimerConfigure
    cpu_usage.o(i.CPUUsageInit) refers to timer.o(i.TimerLoadSet) for TimerLoadSet
    cpu_usage.o(i.CPUUsageInit) refers to timer.o(i.TimerEnable) for TimerEnable
    cpu_usage.o(i.CPUUsageInit) refers to cpu_usage.o(.data) for .data
    cpu_usage.o(i.CPUUsageTick) refers to timer.o(i.TimerValueGet) for TimerValueGet
    cpu_usage.o(i.CPUUsageTick) refers to cpu_usage.o(.data) for .data
    flash_pb.o(i.FlashPBGet) refers to flash_pb.o(.data) for .data
    flash_pb.o(i.FlashPBInit) refers to sysctl.o(i.SysCtlClockGet) for SysCtlClockGet
    flash_pb.o(i.FlashPBInit) refers to flash.o(i.FlashUsecSet) for FlashUsecSet
    flash_pb.o(i.FlashPBInit) refers to flash_pb.o(.data) for .data
    flash_pb.o(i.FlashPBSave) refers to flash.o(i.FlashErase) for FlashErase
    flash_pb.o(i.FlashPBSave) refers to flash.o(i.FlashProgram) for FlashProgram
    flash_pb.o(i.FlashPBSave) refers to flash_pb.o(.data) for .data
    inrush.o(i.InRushDelay) refers to ui.o(i.UIFaultLEDBlink) for UIFaultLEDBlink
    inrush.o(i.InRushDelay) refers to timer.o(i.TimerConfigure) for TimerConfigure
    inrush.o(i.InRushDelay) refers to timer.o(i.TimerLoadSet) for TimerLoadSet
    inrush.o(i.InRushDelay) refers to timer.o(i.TimerMatchSet) for TimerMatchSet
    inrush.o(i.InRushDelay) refers to timer.o(i.TimerEnable) for TimerEnable
    inrush.o(i.InRushDelay) refers to gpio.o(i.GPIODirModeSet) for GPIODirModeSet
    inrush.o(i.InRushDelay) refers to gpio.o(i.GPIOPinWrite) for GPIOPinWrite
    inrush.o(i.InRushDelay) refers to sysctl.o(i.SysCtlSleep) for SysCtlSleep
    inrush.o(i.InRushDelay) refers to adc_ctrl.o(.data) for g_usBusVoltage
    inrush.o(i.InRushDelay) refers to ui.o(.data) for g_sParameters
    inrush.o(i.InRushRelayAdjust) refers to timer.o(i.TimerDisable) for TimerDisable
    inrush.o(i.InRushRelayAdjust) refers to timer.o(i.TimerLoadSet) for TimerLoadSet
    inrush.o(i.InRushRelayAdjust) refers to timer.o(i.TimerMatchSet) for TimerMatchSet
    inrush.o(i.InRushRelayAdjust) refers to timer.o(i.TimerEnable) for TimerEnable
    main.o(i.FaultISR) refers to interrupt.o(i.IntMasterDisable) for IntMasterDisable
    main.o(i.FaultISR) refers to pwm_ctrl.o(i.PWMOutputOff) for PWMOutputOff
    main.o(i.FaultISR) refers to ui.o(i.UIFaultLEDBlink) for UIFaultLEDBlink
    main.o(i.IntDefaultHandler) refers to interrupt.o(i.IntMasterDisable) for IntMasterDisable
    main.o(i.IntDefaultHandler) refers to pwm_ctrl.o(i.PWMOutputOff) for PWMOutputOff
    main.o(i.IntDefaultHandler) refers to ui.o(i.UIFaultLEDBlink) for UIFaultLEDBlink
    main.o(i.MainCheckFaults) refers to main.o(i.MainEmergencyStop) for MainEmergencyStop
    main.o(i.MainCheckFaults) refers to main.o(i.MainSetFault) for MainSetFault
    main.o(i.MainCheckFaults) refers to ui.o(.data) for g_sParameters
    main.o(i.MainCheckFaults) refers to adc_ctrl.o(.data) for g_sAmbientTemp
[...]
    gpio.o(i.GPIOPortIntRegister) refers to gpio.o(i.GPIOGetIntNumber) for GPIOGetIntNumber
    gpio.o(i.GPIOPortIntRegister) refers to interrupt.o(i.IntRegister) for IntRegister
    gpio.o(i.GPIOPortIntRegister) refers to interrupt.o(i.IntEnable) for IntEnable
    gpio.o(i.GPIOPortIntUnregister) refers to gpio.o(i.GPIOGetIntNumber) for GPIOGetIntNumber
    gpio.o(i.GPIOPortIntUnregister) refers to interrupt.o(i.IntDisable) for IntDisable
    gpio.o(i.GPIOPortIntUnregister) refers to interrupt.o(i.IntUnregister) for IntUnregister
    interrupt.o(i.IntMasterDisable) refers to cpu.o(.emb_text) for CPUcpsid
    interrupt.o(i.IntMasterEnable) refers to cpu.o(.emb_text) for CPUcpsie
    interrupt.o(i.IntPriorityGet) refers to interrupt.o(.constdata) for .constdata
    interrupt.o(i.IntPriorityGroupingGet) refers to interrupt.o(.constdata) for .constdata
    interrupt.o(i.IntPriorityGroupingSet) refers to interrupt.o(.constdata) for .constdata
    interrupt.o(i.IntPriorityMaskGet) refers to cpu.o(.emb_text) for CPUbasepriGet
    interrupt.o(i.IntPriorityMaskSet) refers to cpu.o(.emb_text) for CPUbasepriSet
    interrupt.o(i.IntPrioritySet) refers to interrupt.o(.constdata) for .constdata
    interrupt.o(i.IntRegister) refers to interrupt.o(vtable) for vtable
    interrupt.o(i.IntUnregister) refers to interrupt.o(i.IntDefaultHandler) for IntDefaultHandler
    interrupt.o(i.IntUnregister) refers to interrupt.o(vtable) for vtable
    pwm.o(i.PWMFaultIntRegister) refers to interrupt.o(i.IntRegister) for IntRegister
    pwm.o(i.PWMFaultIntRegister) refers to interrupt.o(i.IntEnable) for IntEnable
    pwm.o(i.PWMFaultIntUnregister) refers to interrupt.o(i.IntDisable) for IntDisable
    pwm.o(i.PWMFaultIntUnregister) refers to interrupt.o(i.IntUnregister) for IntUnregister
    pwm.o(i.PWMGenIntRegister) refers to interrupt.o(i.IntRegister) for IntRegister
    pwm.o(i.PWMGenIntRegister) refers to interrupt.o(i.IntEnable) for IntEnable
    pwm.o(i.PWMGenIntUnregister) refers to interrupt.o(i.IntDisable) for IntDisable
    pwm.o(i.PWMGenIntUnregister) refers to interrupt.o(i.IntUnregister) for IntUnregister
    qei.o(i.QEIIntRegister) refers to interrupt.o(i.IntRegister) for IntRegister
    qei.o(i.QEIIntRegister) refers to interrupt.o(i.IntEnable) for IntEnable
    qei.o(i.QEIIntUnregister) refers to interrupt.o(i.IntDisable) for IntDisable
    qei.o(i.QEIIntUnregister) refers to interrupt.o(i.IntUnregister) for IntUnregister
    sysctl.o(i.SysCtlClockGet) refers to sysctl.o(.constdata) for .constdata
    sysctl.o(i.SysCtlClockSet) refers to sysctl.o(.emb_text) for SysCtlDelay
    sysctl.o(i.SysCtlDeepSleep) refers to cpu.o(.emb_text) for CPUwfi
    sysctl.o(i.SysCtlI2SMClkSet) refers to sysctl.o(.constdata) for .constdata
    sysctl.o(i.SysCtlIntRegister) refers to interrupt.o(i.IntRegister) for IntRegister
    sysctl.o(i.SysCtlIntRegister) refers to interrupt.o(i.IntEnable) for IntEnable
    sysctl.o(i.SysCtlIntUnregister) refers to interrupt.o(i.IntDisable) for IntDisable
    sysctl.o(i.SysCtlIntUnregister) refers to interrupt.o(i.IntUnregister) for IntUnregister
    sysctl.o(i.SysCtlPeripheralDeepSleepDisable) refers to sysctl.o(.constdata) for .constdata
    sysctl.o(i.SysCtlPeripheralDeepSleepEnable) refers to sysctl.o(.constdata) for .constdata
    sysctl.o(i.SysCtlPeripheralDisable) refers to sysctl.o(.constdata) for .constdata
    sysctl.o(i.SysCtlPeripheralEnable) refers to sysctl.o(.constdata) for .constdata
    sysctl.o(i.SysCtlPeripheralPresent) refers to sysctl.o(.constdata) for .constdata
    sysctl.o(i.SysCtlPeripheralReset) refers to sysctl.o(.constdata) for .constdata
    sysctl.o(i.SysCtlPeripheralSleepDisable) refers to sysctl.o(.constdata) for .constdata
    sysctl.o(i.SysCtlPeripheralSleepEnable) refers to sysctl.o(.constdata) for .constdata
    sysctl.o(i.SysCtlSleep) refers to cpu.o(.emb_text) for CPUwfi
    systick.o(i.SysTickIntRegister) refers to interrupt.o(i.IntRegister) for IntRegister
    systick.o(i.SysTickIntUnregister) refers to interrupt.o(i.IntUnregister) for IntUnregister
    timer.o(i.TimerIntRegister) refers to interrupt.o(i.IntRegister) for IntRegister
    timer.o(i.TimerIntRegister) refers to interrupt.o(i.IntEnable) for IntEnable
    timer.o(i.TimerIntUnregister) refers to interrupt.o(i.IntDisable) for IntDisable
    timer.o(i.TimerIntUnregister) refers to interrupt.o(i.IntUnregister) for IntUnregister
    timer.o(i.TimerQuiesce) refers to interrupt.o(i.IntDisable) for IntDisable
    timer.o(i.TimerQuiesce) refers to interrupt.o(i.IntUnregister) for IntUnregister
    uart.o(i.UARTIntRegister) refers to interrupt.o(i.IntRegister) for IntRegister
    uart.o(i.UARTIntRegister) refers to interrupt.o(i.IntEnable) for IntEnable
    uart.o(i.UARTIntUnregister) refers to interrupt.o(i.IntDisable) for IntDisable
    uart.o(i.UARTIntUnregister) refers to interrupt.o(i.IntUnregister) for IntUnregister
    entry.o(.ARM.Collect$$$$00000000) refers (Special) to entry7.o(.ARM.Collect$$$$00000007) for _main_init
    entry.o(.ARM.Collect$$$$00000000) refers (Special) to entry5.o(.ARM.Collect$$$$00000004) for _main_scatterload
    entry.o(.ARM.Collect$$$$00000000) refers (Special) to entry2.o(.ARM.Collect$$$$00000001) for _main_stk
    entry2.o(.ARM.Collect$$$$00000001) refers to entry2.o(.ARM.Collect$$$$00002712) for __lit__00000000
    entry2.o(.ARM.Collect$$$$00002712) refers to startup_rvmdk.o(STACK) for __initial_sp
    entry2.o(__vectab_stack_and_reset_area) refers to startup_rvmdk.o(STACK) for __initial_sp
    entry2.o(__vectab_stack_and_reset_area) refers to entry.o(.ARM.Collect$$$$00000000) for __main
    entry5.o(.ARM.Collect$$$$00000004) refers to init.o(.text) for __scatterload
    entry7.o(.ARM.Collect$$$$00000007) refers to main.o(i.main) for main
    init.o(.text) refers to entry5.o(.ARM.Collect$$$$00000004) for __main_after_scatterload


==============================================================================

Removing Unused input sections from the image.

    Removing pwm_ctrl.o(i.PWMFaultHandler), (28 bytes).
    Removing startup_rvmdk.o(HEAP), (0 bytes).
    Removing startup_rvmdk.o(.text), (0 bytes).
    Removing adc.o(i.ADCComparatorConfigure), (10 bytes).
    Removing adc.o(i.ADCComparatorIntClear), (4 bytes).
    Removing adc.o(i.ADCComparatorIntDisable), (18 bytes).
    Removing adc.o(i.ADCComparatorIntEnable), (16 bytes).
    Removing adc.o(i.ADCComparatorIntStatus), (4 bytes).
    Removing adc.o(i.ADCComparatorRegionSet), (14 bytes).
    Removing adc.o(i.ADCComparatorReset), (40 bytes).
    Removing adc.o(i.ADCHardwareOversampleConfigure), (14 bytes).
    Removing adc.o(i.ADCIntDisable), (16 bytes).
    Removing adc.o(i.ADCIntRegister), (38 bytes).
    Removing adc.o(i.ADCIntStatus), (52 bytes).
    Removing adc.o(i.ADCIntUnregister), (36 bytes).
    Removing adc.o(i.ADCPhaseDelayGet), (4 bytes).
    Removing adc.o(i.ADCPhaseDelaySet), (4 bytes).
    Removing adc.o(i.ADCProcessorTrigger), (26 bytes).
    Removing adc.o(i.ADCReferenceGet), (8 bytes).
    Removing adc.o(i.ADCReferenceSet), (12 bytes).
    Removing adc.o(i.ADCSequenceDataGet), (36 bytes).
    Removing adc.o(i.ADCSequenceDisable), (16 bytes).
    Removing adc.o(i.ADCSequenceOverflow), (12 bytes).
    Removing adc.o(i.ADCSequenceOverflowClear), (10 bytes).
    Removing adc.o(i.ADCSequenceUnderflow), (12 bytes).
    Removing adc.o(i.ADCSequenceUnderflowClear), (10 bytes).
    Removing adc.o(i.ADCSoftwareOversampleConfigure), (24 bytes).
    Removing adc.o(i.ADCSoftwareOversampleDataGet), (72 bytes).
    Removing adc.o(i.ADCSoftwareOversampleStepConfigure), (112 bytes).
    Removing adc.o(.data), (3 bytes).
    Removing flash.o(i.FlashIntClear), (12 bytes).
    Removing flash.o(i.FlashIntDisable), (16 bytes).
    Removing flash.o(i.FlashIntEnable), (16 bytes).
    Removing flash.o(i.FlashIntRegister), (20 bytes).
    Removing flash.o(i.FlashIntStatus), (16 bytes).
    Removing flash.o(i.FlashIntUnregister), (18 bytes).
    Removing flash.o(i.FlashProtectGet), (144 bytes).
    Removing flash.o(i.FlashProtectSave), (80 bytes).
    Removing flash.o(i.FlashProtectSet), (252 bytes).
    Removing flash.o(i.FlashUsecGet), (16 bytes).
    Removing flash.o(i.FlashUserGet), (56 bytes).
    Removing flash.o(i.FlashUserSave), (88 bytes).
    Removing flash.o(i.FlashUserSet), (52 bytes).
    Removing flash.o(.constdata), (32 bytes).
    Removing gpio.o(i.GPIODirModeGet), (34 bytes).
    Removing gpio.o(i.GPIOGetIntNumber), (156 bytes).
    Removing gpio.o(i.GPIOIntTypeGet), (48 bytes).
    Removing gpio.o(i.GPIOPadConfigGet), (140 bytes).
    Removing gpio.o(i.GPIOPinConfigure), (72 bytes).
    Removing gpio.o(i.GPIOPinIntDisable), (14 bytes).
    Removing gpio.o(i.GPIOPinIntStatus), (14 bytes).
    Removing gpio.o(i.GPIOPinTypeADC), (28 bytes).
    Removing gpio.o(i.GPIOPinTypeCAN), (28 bytes).
    Removing gpio.o(i.GPIOPinTypeComparator), (28 bytes).
    Removing gpio.o(i.GPIOPinTypeEPI), (28 bytes).
    Removing gpio.o(i.GPIOPinTypeEthernetLED), (28 bytes).
    Removing gpio.o(i.GPIOPinTypeGPIOInput), (28 bytes).
    Removing gpio.o(i.GPIOPinTypeGPIOOutput), (28 bytes).
    Removing gpio.o(i.GPIOPinTypeGPIOOutputOD), (28 bytes).
    Removing gpio.o(i.GPIOPinTypeI2C), (28 bytes).
    Removing gpio.o(i.GPIOPinTypeI2S), (28 bytes).
    Removing gpio.o(i.GPIOPinTypeSSI), (28 bytes).
    Removing gpio.o(i.GPIOPinTypeTimer), (28 bytes).
    Removing gpio.o(i.GPIOPinTypeUSBAnalog), (28 bytes).
    Removing gpio.o(i.GPIOPinTypeUSBDigital), (28 bytes).
    Removing gpio.o(i.GPIOPortIntRegister), (26 bytes).
    Removing gpio.o(i.GPIOPortIntUnregister), (22 bytes).
    Removing gpio.o(.constdata), (72 bytes).
    Removing interrupt.o(i.IntDefaultHandler), (2 bytes).
    Removing interrupt.o(i.IntMasterEnable), (10 bytes).
    Removing interrupt.o(i.IntPendClear), (72 bytes).
    Removing interrupt.o(i.IntPendSet), (90 bytes).
    Removing interrupt.o(i.IntPriorityGet), (28 bytes).
    Removing interrupt.o(i.IntPriorityGroupingGet), (40 bytes).
    Removing interrupt.o(i.IntPriorityGroupingSet), (28 bytes).
    Removing interrupt.o(i.IntPriorityMaskGet), (4 bytes).
    Removing interrupt.o(i.IntPriorityMaskSet), (4 bytes).
    Removing interrupt.o(i.IntRegister), (56 bytes).
    Removing interrupt.o(i.IntUnregister), (20 bytes).
    Removing interrupt.o(vtable), (284 bytes).
    Removing pwm.o(i.PWMDeadBandDisable), (12 bytes).
    Removing pwm.o(i.PWMFaultIntClear), (8 bytes).
    Removing pwm.o(i.PWMFaultIntClearExt), (4 bytes).
    Removing pwm.o(i.PWMFaultIntRegister), (18 bytes).
    Removing pwm.o(i.PWMFaultIntUnregister), (18 bytes).
    Removing pwm.o(i.PWMGenDisable), (10 bytes).
    Removing pwm.o(i.PWMGenFaultClear), (18 bytes).
    Removing pwm.o(i.PWMGenFaultConfigure), (18 bytes).
    Removing pwm.o(i.PWMGenFaultStatus), (18 bytes).
    Removing pwm.o(i.PWMGenFaultTriggerGet), (12 bytes).
    Removing pwm.o(i.PWMGenFaultTriggerSet), (12 bytes).
    Removing pwm.o(i.PWMGenIntRegister), (34 bytes).
    Removing pwm.o(i.PWMGenIntStatus), (12 bytes).
    Removing pwm.o(i.PWMGenIntTrigDisable), (10 bytes).
    Removing pwm.o(i.PWMGenIntUnregister), (32 bytes).
    Removing pwm.o(i.PWMGenPeriodGet), (18 bytes).
    Removing pwm.o(i.PWMIntDisable), (10 bytes).
    Removing pwm.o(i.PWMIntEnable), (8 bytes).
    Removing pwm.o(i.PWMIntStatus), (10 bytes).
    Removing pwm.o(i.PWMOutputFaultLevel), (16 bytes).
    Removing pwm.o(i.PWMOutputInvert), (16 bytes).
    Removing pwm.o(i.PWMPulseWidthGet), (32 bytes).
    Removing qei.o(i.QEIDirectionGet), (16 bytes).
    Removing qei.o(i.QEIDisable), (10 bytes).
    Removing qei.o(i.QEIErrorGet), (8 bytes).
    Removing qei.o(i.QEIIntDisable), (10 bytes).
    Removing qei.o(i.QEIIntRegister), (32 bytes).
    Removing qei.o(i.QEIIntStatus), (10 bytes).
    Removing qei.o(i.QEIIntUnregister), (32 bytes).
    Removing qei.o(i.QEIPositionGet), (4 bytes).
    Removing qei.o(i.QEIPositionSet), (4 bytes).
    Removing qei.o(i.QEIVelocityDisable), (10 bytes).
    Removing sysctl.o(i.SysCtlADCSpeedGet), (16 bytes).
    Removing sysctl.o(i.SysCtlBrownOutConfigSet), (16 bytes).
    Removing sysctl.o(i.SysCtlClkVerificationClear), (20 bytes).
    Removing sysctl.o(i.SysCtlDeepSleep), (32 bytes).
    Removing sysctl.o(i.SysCtlFlashSizeGet), (20 bytes).
    Removing sysctl.o(i.SysCtlGPIOAHBDisable), (20 bytes).
    Removing sysctl.o(i.SysCtlGPIOAHBEnable), (16 bytes).
    Removing sysctl.o(i.SysCtlI2SMClkSet), (216 bytes).
    Removing sysctl.o(i.SysCtlIOSCVerificationSet), (24 bytes).
    Removing sysctl.o(i.SysCtlIntClear), (12 bytes).
    Removing sysctl.o(i.SysCtlIntDisable), (16 bytes).
    Removing sysctl.o(i.SysCtlIntEnable), (16 bytes).
    Removing sysctl.o(i.SysCtlIntRegister), (20 bytes).
    Removing sysctl.o(i.SysCtlIntStatus), (16 bytes).
    Removing sysctl.o(i.SysCtlIntUnregister), (18 bytes).
    Removing sysctl.o(i.SysCtlLDOConfigSet), (12 bytes).
    Removing sysctl.o(i.SysCtlLDOGet), (12 bytes).
    Removing sysctl.o(i.SysCtlLDOSet), (12 bytes).
    Removing sysctl.o(i.SysCtlMOSCVerificationSet), (24 bytes).
    Removing sysctl.o(i.SysCtlPLLVerificationSet), (24 bytes).
    Removing sysctl.o(i.SysCtlPWMClockGet), (24 bytes).
    Removing sysctl.o(i.SysCtlPWMClockSet), (20 bytes).
    Removing sysctl.o(i.SysCtlPeripheralDeepSleepDisable), (32 bytes).
    Removing sysctl.o(i.SysCtlPeripheralDeepSleepEnable), (32 bytes).
    Removing sysctl.o(i.SysCtlPeripheralDisable), (32 bytes).
    Removing sysctl.o(i.SysCtlPeripheralPresent), (64 bytes).
    Removing sysctl.o(i.SysCtlPeripheralReset), (56 bytes).
    Removing sysctl.o(i.SysCtlPinPresent), (16 bytes).
    Removing sysctl.o(i.SysCtlReset), (16 bytes).
    Removing sysctl.o(i.SysCtlResetCauseClear), (16 bytes).
    Removing sysctl.o(i.SysCtlResetCauseGet), (12 bytes).
    Removing sysctl.o(i.SysCtlSRAMSizeGet), (20 bytes).
    Removing sysctl.o(i.SysCtlUSBPLLDisable), (16 bytes).
    Removing sysctl.o(i.SysCtlUSBPLLEnable), (16 bytes).
    Removing systick.o(i.SysTickDisable), (14 bytes).
    Removing systick.o(i.SysTickIntRegister), (24 bytes).
    Removing systick.o(i.SysTickIntUnregister), (18 bytes).
    Removing systick.o(i.SysTickPeriodGet), (10 bytes).
    Removing timer.o(i.TimerControlEvent), (24 bytes).
    Removing timer.o(i.TimerControlLevel), (22 bytes).
    Removing timer.o(i.TimerControlStall), (22 bytes).
    Removing timer.o(i.TimerControlTrigger), (22 bytes).
    Removing timer.o(i.TimerControlWaitOnTrigger), (48 bytes).
    Removing timer.o(i.TimerIntClear), (4 bytes).
    Removing timer.o(i.TimerIntDisable), (10 bytes).
    Removing timer.o(i.TimerIntEnable), (8 bytes).
    Removing timer.o(i.TimerIntRegister), (94 bytes).
    Removing timer.o(i.TimerIntStatus), (10 bytes).
    Removing timer.o(i.TimerIntUnregister), (88 bytes).
    Removing timer.o(i.TimerLoadGet), (10 bytes).
    Removing timer.o(i.TimerMatchGet), (10 bytes).
    Removing timer.o(i.TimerPrescaleGet), (10 bytes).
    Removing timer.o(i.TimerPrescaleMatchGet), (10 bytes).
    Removing timer.o(i.TimerPrescaleMatchSet), (18 bytes).
    Removing timer.o(i.TimerPrescaleSet), (18 bytes).
    Removing timer.o(i.TimerQuiesce), (126 bytes).
    Removing timer.o(i.TimerRTCDisable), (10 bytes).
    Removing timer.o(i.TimerRTCEnable), (10 bytes).
    Removing uart.o(i.UARTBreakCtl), (18 bytes).
    Removing uart.o(i.UARTBusy), (8 bytes).
    Removing uart.o(i.UARTCharGetNonBlocking), (16 bytes).
    Removing uart.o(i.UARTCharPutNonBlocking), (18 bytes).
    Removing uart.o(i.UARTConfigGetExpClk), (46 bytes).
    Removing uart.o(i.UARTDMADisable), (10 bytes).
    Removing uart.o(i.UARTDMAEnable), (8 bytes).
    Removing uart.o(i.UARTDisable), (30 bytes).
    Removing uart.o(i.UARTDisableSIR), (10 bytes).
    Removing uart.o(i.UARTEnable), (20 bytes).
    Removing uart.o(i.UARTEnableSIR), (18 bytes).
    Removing uart.o(i.UARTFIFODisable), (10 bytes).
    Removing uart.o(i.UARTFIFOEnable), (10 bytes).
    Removing uart.o(i.UARTFIFOLevelGet), (16 bytes).
    Removing uart.o(i.UARTFIFOLevelSet), (6 bytes).
    Removing uart.o(i.UARTFlowControlGet), (8 bytes).
    Removing uart.o(i.UARTFlowControlSet), (12 bytes).
    Removing uart.o(i.UARTIntDisable), (10 bytes).
    Removing uart.o(i.UARTIntRegister), (46 bytes).
    Removing uart.o(i.UARTIntUnregister), (46 bytes).
    Removing uart.o(i.UARTModemControlClear), (14 bytes).
    Removing uart.o(i.UARTModemControlGet), (8 bytes).
    Removing uart.o(i.UARTModemControlSet), (12 bytes).
    Removing uart.o(i.UARTModemStatusGet), (10 bytes).
    Removing uart.o(i.UARTParityModeGet), (8 bytes).
    Removing uart.o(i.UARTParityModeSet), (12 bytes).
    Removing uart.o(i.UARTRxErrorClear), (6 bytes).
    Removing uart.o(i.UARTRxErrorGet), (8 bytes).
    Removing uart.o(i.UARTSmartCardDisable), (10 bytes).
    Removing uart.o(i.UARTSmartCardEnable), (22 bytes).
    Removing uart.o(i.UARTTxIntModeGet), (8 bytes).
    Removing uart.o(i.UARTTxIntModeSet), (12 bytes).

202 unused section(s) (total 5649 bytes) removed from the image.

==============================================================================

Image Symbol Table

    Local Symbols

    Symbol Name                              Value     Ov Type        Size  Object(Section)

    ../../../cmprslib/zerorunl2.c            0x00000000   Number         0  __dczerorl2.o ABSOLUTE
    ../../microlib/init/entry.s              0x00000000   Number         0  entry.o ABSOLUTE
    ../../microlib/init/entry.s              0x00000000   Number         0  entry2.o ABSOLUTE
    ../../microlib/init/entry.s              0x00000000   Number         0  entry5.o ABSOLUTE
    ../../microlib/init/entry.s              0x00000000   Number         0  entry7.o ABSOLUTE
    ..\..\..\utils\cpu_usage.c               0x00000000   Number         0  cpu_usage.o ABSOLUTE
    ..\..\..\utils\flash_pb.c                0x00000000   Number         0  flash_pb.o ABSOLUTE
    ..\..\..\utils\sine.c                    0x00000000   Number         0  sine.o ABSOLUTE
    adc.c                                    0x00000000   Number         0  adc.o ABSOLUTE
    adc_ctrl.c                               0x00000000   Number         0  adc_ctrl.o ABSOLUTE
    brake.c                                  0x00000000   Number         0  brake.o ABSOLUTE
    cpu.c                                    0x00000000   Number         0  cpu.o ABSOLUTE
    cpu.c                                    0x00000000   Number         0  cpu.o ABSOLUTE
    dc.s                                     0x00000000   Number         0  dc.o ABSOLUTE
    flash.c                                  0x00000000   Number         0  flash.o ABSOLUTE
    gpio.c                                   0x00000000   Number         0  gpio.o ABSOLUTE
    handlers.s                               0x00000000   Number         0  handlers.o ABSOLUTE
    init.s                                   0x00000000   Number         0  init.o ABSOLUTE
    inrush.c                                 0x00000000   Number         0  inrush.o ABSOLUTE
    interrupt.c                              0x00000000   Number         0  interrupt.o ABSOLUTE
    main.c                                   0x00000000   Number         0  main.o ABSOLUTE
    main.c                                   0x00000000   Number         0  main.o ABSOLUTE
    pwm.c                                    0x00000000   Number         0  pwm.o ABSOLUTE
    pwm_ctrl.c                               0x00000000   Number         0  pwm_ctrl.o ABSOLUTE
    qei.c                                    0x00000000   Number         0  qei.o ABSOLUTE
    sinemod.c                                0x00000000   Number         0  sinemod.o ABSOLUTE
    speed_sense.c                            0x00000000   Number         0  speed_sense.o ABSOLUTE
    startup_rvmdk.S                          0x00000000   Number         0  startup_rvmdk.o ABSOLUTE
    svm.c                                    0x00000000   Number         0  svm.o ABSOLUTE
    sysctl.c                                 0x00000000   Number         0  sysctl.o ABSOLUTE
    sysctl.c                                 0x00000000   Number         0  sysctl.o ABSOLUTE
    systick.c                                0x00000000   Number         0  systick.o ABSOLUTE
    timer.c                                  0x00000000   Number         0  timer.o ABSOLUTE
    uart.c                                   0x00000000   Number         0  uart.o ABSOLUTE
    ui.c                                     0x00000000   Number         0  ui.o ABSOLUTE
    ui_onboard.c                             0x00000000   Number         0  ui_onboard.o ABSOLUTE
    ui_serial.c                              0x00000000   Number         0  ui_serial.o ABSOLUTE
    vf.c                                     0x00000000   Number         0  vf.o ABSOLUTE
    RESET                                    0x00000800   Section      188  startup_rvmdk.o(RESET)
    .ARM.Collect$$$$00000000                 0x000008bc   Section        0  entry.o(.ARM.Collect$$$$00000000)
    .ARM.Collect$$$$00000001                 0x000008bc   Section        4  entry2.o(.ARM.Collect$$$$00000001)
    .ARM.Collect$$$$00000004                 0x000008c0   Section        4  entry5.o(.ARM.Collect$$$$00000004)
    .ARM.Collect$$$$00000007                 0x000008c4   Section        8  entry7.o(.ARM.Collect$$$$00000007)
    .ARM.Collect$$$$00002712                 0x000008cc   Section        4  entry2.o(.ARM.Collect$$$$00002712)
    __lit__00000000                          0x000008cc   Data           4  entry2.o(.ARM.Collect$$$$00002712)
    .emb_text                                0x000008d0   Section       12  main.o(.emb_text)
    .emb_text                                0x000008dc   Section        6  sysctl.o(.emb_text)
    .emb_text                                0x000008e4   Section       38  cpu.o(.emb_text)
    .text                                    0x0000090c   Section       36  init.o(.text)
    .text                                    0x00000930   Section        0  __dczerorl2.o(.text)
    i.ADC0IntHandler                         0x0000098c   Section        0  adc_ctrl.o(i.ADC0IntHandler)
    i.ADCInit                                0x00000af0   Section        0  adc_ctrl.o(i.ADCInit)
    i.ADCIntClear                            0x00000b64   Section        0  adc.o(i.ADCIntClear)
    i.ADCIntEnable                           0x00000b6e   Section        0  adc.o(i.ADCIntEnable)
    i.ADCSequenceConfigure                   0x00000b7e   Section        0  adc.o(i.ADCSequenceConfigure)
    i.ADCSequenceEnable                      0x00000bb0   Section        0  adc.o(i.ADCSequenceEnable)
    i.ADCSequenceStepConfigure               0x00000bbe   Section        0  adc.o(i.ADCSequenceStepConfigure)
    i.BrakeInit                              0x00000c2c   Section        0  brake.o(i.BrakeInit)
    i.BrakeTick                              0x00000c58   Section        0  brake.o(i.BrakeTick)
    i.CPUUsageInit                           0x00000d44   Section        0  cpu_usage.o(i.CPUUsageInit)
    i.CPUUsageTick                           0x00000d9c   Section        0  cpu_usage.o(i.CPUUsageTick)
    i.FaultISR                               0x00000dcc   Section        0  main.o(i.FaultISR)
    i.FlashErase                             0x00000de0   Section        0  flash.o(i.FlashErase)
    i.FlashPBGet                             0x00000e0c   Section        0  flash_pb.o(i.FlashPBGet)
    i.FlashPBInit                            0x00000e18   Section        0  flash_pb.o(i.FlashPBInit)
    i.FlashPBSave                            0x00000e94   Section        0  flash_pb.o(i.FlashPBSave)
    i.FlashProgram                           0x00000f30   Section        0  flash.o(i.FlashProgram)
    i.FlashUsecSet                           0x00000fcc   Section        0  flash.o(i.FlashUsecSet)
    i.GPIOBIntHandler                        0x00000fd8   Section        0  pwm_ctrl.o(i.GPIOBIntHandler)
    i.GPIOCIntHandler                        0x00000ff4   Section        0  speed_sense.o(i.GPIOCIntHandler)
    i.GPIODIntHandler                        0x00001080   Section        0  ui.o(i.GPIODIntHandler)
    i.GPIODirModeSet                         0x000010b0   Section        0  gpio.o(i.GPIODirModeSet)
    i.GPIOIntTypeSet                         0x000010d8   Section        0  gpio.o(i.GPIOIntTypeSet)
    i.GPIOPadConfigSet                       0x00001112   Section        0  gpio.o(i.GPIOPadConfigSet)
    i.GPIOPinIntClear                        0x000011c2   Section        0  gpio.o(i.GPIOPinIntClear)
    i.GPIOPinIntEnable                       0x000011c8   Section        0  gpio.o(i.GPIOPinIntEnable)
    i.GPIOPinRead                            0x000011d4   Section        0  gpio.o(i.GPIOPinRead)
    i.GPIOPinTypePWM                         0x000011da   Section        0  gpio.o(i.GPIOPinTypePWM)
    i.GPIOPinTypeQEI                         0x000011f6   Section        0  gpio.o(i.GPIOPinTypeQEI)
    i.GPIOPinTypeUART                        0x00001212   Section        0  gpio.o(i.GPIOPinTypeUART)
    i.GPIOPinWrite                           0x0000122e   Section        0  gpio.o(i.GPIOPinWrite)
    i.InRushDelay                            0x00001234   Section        0  inrush.o(i.InRushDelay)
    i.InRushRelayAdjust                      0x000012c8   Section        0  inrush.o(i.InRushRelayAdjust)
    i.IntDefaultHandler                      0x000012fc   Section        0  main.o(i.IntDefaultHandler)
    i.IntDisable                             0x0000130e   Section        0  interrupt.o(i.IntDisable)
    i.IntEnable                              0x00001376   Section        0  interrupt.o(i.IntEnable)
    i.IntMasterDisable                       0x000013de   Section        0  interrupt.o(i.IntMasterDisable)
    i.IntPrioritySet                         0x000013e8   Section        0  interrupt.o(i.IntPrioritySet)
    i.MainCheckFaults                        0x00001410   Section        0  main.o(i.MainCheckFaults)
    MainCheckFaults                          0x00001411   Thumb Code   142  main.o(i.MainCheckFaults)
    i.MainClearFaults                        0x000014b8   Section        0  main.o(i.MainClearFaults)
    i.MainEmergencyStop                      0x000014c8   Section        0  main.o(i.MainEmergencyStop)
    i.MainFrequencyController                0x00001508   Section        0  main.o(i.MainFrequencyController)
    i.MainFrequencyHandler                   0x00001570   Section        0  main.o(i.MainFrequencyHandler)
    MainFrequencyHandler                     0x00001571   Thumb Code   474  main.o(i.MainFrequencyHandler)
    i.MainIsFaulted                          0x00001764   Section        0  main.o(i.MainIsFaulted)
    i.MainIsRunning                          0x00001774   Section        0  main.o(i.MainIsRunning)
    i.MainMillisecondTick                    0x00001784   Section        0  main.o(i.MainMillisecondTick)
    i.MainPrechargeHandler                   0x00001818   Section        0  main.o(i.MainPrechargeHandler)
    MainPrechargeHandler                     0x00001819   Thumb Code    48  main.o(i.MainPrechargeHandler)
    i.MainRun                                0x00001850   Section        0  main.o(i.MainRun)
    i.MainSetDirection                       0x000018d0   Section        0  main.o(i.MainSetDirection)
    i.MainSetFault                           0x00001930   Section        0  main.o(i.MainSetFault)
    i.MainSetFrequency                       0x00001944   Section        0  main.o(i.MainSetFrequency)
    i.MainSetLoopMode                        0x00001978   Section        0  main.o(i.MainSetLoopMode)
    i.MainSetPWMFrequency                    0x000019cc   Section        0  main.o(i.MainSetPWMFrequency)
    i.MainStop                               0x00001a08   Section        0  main.o(i.MainStop)
    i.MainUpdateFAdjI                        0x00001a54   Section        0  main.o(i.MainUpdateFAdjI)
    i.MainWaveformTick                       0x00001a9c   Section        0  main.o(i.MainWaveformTick)
    i.NmiSR                                  0x00001b88   Section        0  main.o(i.NmiSR)
    i.PWM0IntHandler                         0x00001b9c   Section        0  pwm_ctrl.o(i.PWM0IntHandler)
    i.PWMDeadBandEnable                      0x00001c60   Section        0  pwm.o(i.PWMDeadBandEnable)
    i.PWMGenConfigure                        0x00001c70   Section        0  pwm.o(i.PWMGenConfigure)
    i.PWMGenEnable                           0x00001c96   Section        0  pwm.o(i.PWMGenEnable)
    i.PWMGenIntClear                         0x00001ca0   Section        0  pwm.o(i.PWMGenIntClear)
    i.PWMGenIntTrigEnable                    0x00001ca6   Section        0  pwm.o(i.PWMGenIntTrigEnable)
    i.PWMGenPeriodSet                        0x00001cb0   Section        0  pwm.o(i.PWMGenPeriodSet)
    i.PWMGetPeriodCount                      0x00001cc4   Section        0  pwm_ctrl.o(i.PWMGetPeriodCount)
    i.PWMInit                                0x00001cd0   Section        0  pwm_ctrl.o(i.PWMInit)
    i.PWMOutputDCBrake                       0x00001df8   Section        0  pwm_ctrl.o(i.PWMOutputDCBrake)
    i.PWMOutputFault                         0x00001e3c   Section        0  pwm.o(i.PWMOutputFault)
    i.PWMOutputOff                           0x00001e4c   Section        0  pwm_ctrl.o(i.PWMOutputOff)
    i.PWMOutputOn                            0x00001e98   Section        0  pwm_ctrl.o(i.PWMOutputOn)
    i.PWMOutputPrecharge                     0x00001ea8   Section        0  pwm_ctrl.o(i.PWMOutputPrecharge)
    i.PWMOutputState                         0x00001efc   Section        0  pwm.o(i.PWMOutputState)
    i.PWMPulseWidthSet                       0x00001f0c   Section        0  pwm.o(i.PWMPulseWidthSet)
    i.PWMReducePeriodCount                   0x00001f2c   Section        0  pwm_ctrl.o(i.PWMReducePeriodCount)
    i.PWMSetDeadBand                         0x00001f4c   Section        0  pwm_ctrl.o(i.PWMSetDeadBand)
    i.PWMSetDutyCycle                        0x00001f88   Section        0  pwm_ctrl.o(i.PWMSetDutyCycle)
    i.PWMSetFrequency                        0x00001fc8   Section        0  pwm_ctrl.o(i.PWMSetFrequency)
    i.PWMSetMinPulseWidth                    0x0000203c   Section        0  pwm_ctrl.o(i.PWMSetMinPulseWidth)
    i.PWMSetUpdateRate                       0x00002074   Section        0  pwm_ctrl.o(i.PWMSetUpdateRate)
    i.PWMSyncTimeBase                        0x00002090   Section        0  pwm.o(i.PWMSyncTimeBase)
    i.PWMSyncUpdate                          0x00002094   Section        0  pwm.o(i.PWMSyncUpdate)
    i.PWMUpdateDutyCycle                     0x00002098   Section        0  pwm_ctrl.o(i.PWMUpdateDutyCycle)
    PWMUpdateDutyCycle                       0x00002099   Thumb Code   114  pwm_ctrl.o(i.PWMUpdateDutyCycle)
    i.QEIConfigure                           0x00002114   Section        0  qei.o(i.QEIConfigure)
    i.QEIEnable                              0x00002122   Section        0  qei.o(i.QEIEnable)
    i.QEIIntClear                            0x0000212c   Section        0  qei.o(i.QEIIntClear)
    i.QEIIntEnable                           0x00002130   Section        0  qei.o(i.QEIIntEnable)
    i.QEIIntHandler                          0x00002138   Section        0  speed_sense.o(i.QEIIntHandler)
    i.QEIVelocityConfigure                   0x000021e0   Section        0  qei.o(i.QEIVelocityConfigure)
    i.QEIVelocityEnable                      0x000021f0   Section        0  qei.o(i.QEIVelocityEnable)
    i.QEIVelocityGet                         0x000021fa   Section        0  qei.o(i.QEIVelocityGet)
    i.SineModulate                           0x00002200   Section        0  sinemod.o(i.SineModulate)
    i.SpaceVectorModulate                    0x000022c4   Section        0  svm.o(i.SpaceVectorModulate)
    i.SpeedNewValue                          0x00002364   Section        0  speed_sense.o(i.SpeedNewValue)
    SpeedNewValue                            0x00002365   Thumb Code    32  speed_sense.o(i.SpeedNewValue)
    i.SpeedSenseInit                         0x00002388   Section        0  speed_sense.o(i.SpeedSenseInit)
    i.SysCtlADCSpeedSet                      0x000023ec   Section        0  sysctl.o(i.SysCtlADCSpeedSet)
    i.SysCtlClockGet                         0x0000240c   Section        0  sysctl.o(i.SysCtlClockGet)
    i.SysCtlClockSet                         0x000025f0   Section        0  sysctl.o(i.SysCtlClockSet)
    i.SysCtlPeripheralClockGating            0x00002728   Section        0  sysctl.o(i.SysCtlPeripheralClockGating)
    i.SysCtlPeripheralEnable                 0x00002740   Section        0  sysctl.o(i.SysCtlPeripheralEnable)
    i.SysCtlPeripheralSleepDisable           0x00002760   Section        0  sysctl.o(i.SysCtlPeripheralSleepDisable)
    i.SysCtlPeripheralSleepEnable            0x00002780   Section        0  sysctl.o(i.SysCtlPeripheralSleepEnable)
    i.SysCtlSleep                            0x000027a0   Section        0  sysctl.o(i.SysCtlSleep)
    i.SysTickEnable                          0x000027a4   Section        0  systick.o(i.SysTickEnable)
    i.SysTickIntDisable                      0x000027b2   Section        0  systick.o(i.SysTickIntDisable)
    i.SysTickIntEnable                       0x000027c0   Section        0  systick.o(i.SysTickIntEnable)
    i.SysTickIntHandler                      0x000027d0   Section        0  ui.o(i.SysTickIntHandler)
    i.SysTickPeriodSet                       0x000028a0   Section        0  systick.o(i.SysTickPeriodSet)
    i.SysTickValueGet                        0x000028aa   Section        0  systick.o(i.SysTickValueGet)
    i.TimerConfigure                         0x000028b2   Section        0  timer.o(i.TimerConfigure)
    i.TimerDisable                           0x000028ce   Section        0  timer.o(i.TimerDisable)
    i.TimerEnable                            0x000028de   Section        0  timer.o(i.TimerEnable)
    i.TimerLoadSet                           0x000028ec   Section        0  timer.o(i.TimerLoadSet)
    i.TimerMatchSet                          0x000028fe   Section        0  timer.o(i.TimerMatchSet)
    i.TimerValueGet                          0x00002910   Section        0  timer.o(i.TimerValueGet)
    i.UART0IntHandler                        0x0000291c   Section        0  ui_serial.o(i.UART0IntHandler)
    i.UARTCharGet                            0x000029b0   Section        0  uart.o(i.UARTCharGet)
    i.UARTCharPut                            0x000029bc   Section        0  uart.o(i.UARTCharPut)
    i.UARTCharsAvail                         0x000029c8   Section        0  uart.o(i.UARTCharsAvail)
    i.UARTConfigSetExpClk                    0x000029d2   Section        0  uart.o(i.UARTConfigSetExpClk)
    i.UARTIntClear                           0x00002a40   Section        0  uart.o(i.UARTIntClear)
    i.UARTIntEnable                          0x00002a44   Section        0  uart.o(i.UARTIntEnable)
    i.UARTIntStatus                          0x00002a4c   Section        0  uart.o(i.UARTIntStatus)
    i.UARTSpaceAvail                         0x00002a56   Section        0  uart.o(i.UARTSpaceAvail)
    i.UIBusComp                              0x00002a60   Section        0  ui.o(i.UIBusComp)
    UIBusComp                                0x00002a61   Thumb Code    26  ui.o(i.UIBusComp)
    i.UIButtonHold                           0x00002a84   Section        0  ui.o(i.UIButtonHold)
    UIButtonHold                             0x00002a85   Thumb Code    14  ui.o(i.UIButtonHold)
    i.UIButtonPress                          0x00002a98   Section        0  ui.o(i.UIButtonPress)
    UIButtonPress                            0x00002a99   Thumb Code    38  ui.o(i.UIButtonPress)
    i.UIDCBrake                              0x00002ac4   Section        0  ui.o(i.UIDCBrake)
    UIDCBrake                                0x00002ac5   Thumb Code    26  ui.o(i.UIDCBrake)
    i.UIDirectionSet                         0x00002ae8   Section        0  ui.o(i.UIDirectionSet)
    UIDirectionSet                           0x00002ae9   Thumb Code    46  ui.o(i.UIDirectionSet)
    i.UIDynamicBrake                         0x00002b20   Section        0  ui.o(i.UIDynamicBrake)
    UIDynamicBrake                           0x00002b21   Thumb Code    26  ui.o(i.UIDynamicBrake)
    i.UIEmergencyStop                        0x00002b44   Section        0  ui.o(i.UIEmergencyStop)
    i.UIEncoderPresent                       0x00002b54   Section        0  ui.o(i.UIEncoderPresent)
    UIEncoderPresent                         0x00002b55   Thumb Code    28  ui.o(i.UIEncoderPresent)
    i.UIFAdjI                                0x00002b78   Section        0  ui.o(i.UIFAdjI)
    UIFAdjI                                  0x00002b79   Thumb Code     8  ui.o(i.UIFAdjI)
    i.UIFaultLEDBlink                        0x00002b84   Section        0  ui.o(i.UIFaultLEDBlink)
    i.UIInit                                 0x00002b90   Section        0  ui.o(i.UIInit)
    i.UILEDBlink                             0x00002c54   Section        0  ui.o(i.UILEDBlink)
    UILEDBlink                               0x00002c55   Thumb Code    62  ui.o(i.UILEDBlink)
    i.UILoopMode                             0x00002c9c   Section        0  ui.o(i.UILoopMode)
    UILoopMode                               0x00002c9d   Thumb Code    36  ui.o(i.UILoopMode)
    i.UIModulationType                       0x00002cc8   Section        0  ui.o(i.UIModulationType)
    UIModulationType                         0x00002cc9   Thumb Code    72  ui.o(i.UIModulationType)
    i.UIMotorType                            0x00002d18   Section        0  ui.o(i.UIMotorType)
    UIMotorType                              0x00002d19   Thumb Code    56  ui.o(i.UIMotorType)
    i.UIOnboardInit                          0x00002d58   Section        0  ui_onboard.o(i.UIOnboardInit)
    i.UIOnboardPotentiometerFilter           0x00002d74   Section        0  ui_onboard.o(i.UIOnboardPotentiometerFilter)
    i.UIOnboardSwitchDebouncer               0x00002dec   Section        0  ui_onboard.o(i.UIOnboardSwitchDebouncer)
    i.UIPWMFrequencySet                      0x00002ecc   Section        0  ui.o(i.UIPWMFrequencySet)
    UIPWMFrequencySet                        0x00002ecd   Thumb Code    42  ui.o(i.UIPWMFrequencySet)
    i.UIParamLoad                            0x00002efc   Section        0  ui.o(i.UIParamLoad)
    i.UIParamSave                            0x00002fd0   Section        0  ui.o(i.UIParamSave)
    i.UIRun                                  0x00002fec   Section        0  ui.o(i.UIRun)
    i.UIRunLEDBlink                          0x00002ff0   Section        0  ui.o(i.UIRunLEDBlink)
    i.UISerialFindParameter                  0x00002ffc   Section        0  ui_serial.o(i.UISerialFindParameter)
    UISerialFindParameter                    0x00002ffd   Thumb Code    38  ui_serial.o(i.UISerialFindParameter)
    i.UISerialInit                           0x0000302c   Section        0  ui_serial.o(i.UISerialInit)
    i.UISerialRangeCheck                     0x00003078   Section        0  ui_serial.o(i.UISerialRangeCheck)
    UISerialRangeCheck                       0x00003079   Thumb Code   188  ui_serial.o(i.UISerialRangeCheck)
    i.UISerialScanReceive                    0x00003138   Section        0  ui_serial.o(i.UISerialScanReceive)
    UISerialScanReceive                      0x00003139   Thumb Code   876  ui_serial.o(i.UISerialScanReceive)
    i.UISerialSendRealTimeData               0x000034c0   Section        0  ui_serial.o(i.UISerialSendRealTimeData)
    i.UISerialTransmit                       0x00003554   Section        0  ui_serial.o(i.UISerialTransmit)
    UISerialTransmit                         0x00003555   Thumb Code   110  ui_serial.o(i.UISerialTransmit)
    i.UIStatus1LEDBlink                      0x000035d0   Section        0  ui.o(i.UIStatus1LEDBlink)
    i.UIStatus2LEDBlink                      0x000035da   Section        0  ui.o(i.UIStatus2LEDBlink)
    i.UIStop                                 0x000035e4   Section        0  ui.o(i.UIStop)
    i.UIUpdateRate                           0x000035e8   Section        0  ui.o(i.UIUpdateRate)
    UIUpdateRate                             0x000035e9   Thumb Code     8  ui.o(i.UIUpdateRate)
    i.UIUpgrade                              0x000035f4   Section        0  ui.o(i.UIUpgrade)
    i.UIVfRange                              0x00003654   Section        0  ui.o(i.UIVfRange)
    UIVfRange                                0x00003655   Thumb Code    26  ui.o(i.UIVfRange)
    i.VFGetAmplitude                         0x00003678   Section        0  vf.o(i.VFGetAmplitude)
    i.__scatterload_copy                     0x000036d4   Section       14  handlers.o(i.__scatterload_copy)
    i.__scatterload_null                     0x000036e2   Section        2  handlers.o(i.__scatterload_null)
    i.__scatterload_zeroinit                 0x000036e4   Section       14  handlers.o(i.__scatterload_zeroinit)
    i.main                                   0x000036f4   Section        0  main.o(i.main)
    i.sine                                   0x00003864   Section        0  sine.o(i.sine)
    .constdata                               0x0000388c   Section      258  sine.o(.constdata)
    g_pusFixedSineTable                      0x0000388c   Data         258  sine.o(.constdata)
    .constdata                               0x00003990   Section     1028  ui.o(.constdata)
    g_pucLEDPin                              0x00003990   Data           4  ui.o(.constdata)
    g_pulLEDBase                             0x00003994   Data          16  ui.o(.constdata)
    .constdata                               0x00003d94   Section        4  ui.o(.constdata)
    .constdata                               0x00003d98   Section        2  ui.o(.constdata)
    .constdata                               0x00003d9c   Section        4  ui.o(.constdata)
    .constdata                               0x00003da0   Section       88  ui.o(.constdata)
    .constdata                               0x00003df8   Section        4  ui.o(.constdata)
    .constdata                               0x00003dfc   Section       20  ui.o(.constdata)
    .constdata                               0x00003e10   Section        4  ui.o(.constdata)
    .constdata                               0x00003e14   Section      104  interrupt.o(.constdata)
    g_pulPriority                            0x00003e14   Data          32  interrupt.o(.constdata)
    g_pulRegs                                0x00003e34   Data          72  interrupt.o(.constdata)
    .constdata                               0x00003e7c   Section      156  sysctl.o(.constdata)
    g_pulDCRegs                              0x00003e7c   Data          16  sysctl.o(.constdata)
    g_pulSRCRRegs                            0x00003e8c   Data          12  sysctl.o(.constdata)
    g_pulRCGCRegs                            0x00003e98   Data          12  sysctl.o(.constdata)
    g_pulSCGCRegs                            0x00003ea4   Data          12  sysctl.o(.constdata)
    g_pulDCGCRegs                            0x00003eb0   Data          12  sysctl.o(.constdata)
    g_pulXtals                               0x00003ebc   Data          92  sysctl.o(.constdata)
    .data                                    0x20000000   Section       24  adc_ctrl.o(.data)
    g_ulPrevAngle                            0x20000008   Data           4  adc_ctrl.o(.data)
    g_pusPhaseMax                            0x2000000c   Data           6  adc_ctrl.o(.data)
    .data                                    0x20000018   Section        8  brake.o(.data)
    g_ulBrakeState                           0x20000018   Data           4  brake.o(.data)
    g_ulBrakeCount                           0x2000001c   Data           4  brake.o(.data)
    .data                                    0x20000020   Section       44  cpu_usage.o(.data)
    g_ulCPUUsageTimer                        0x20000020   Data           4  cpu_usage.o(.data)
    g_ulCPUUsageTicks                        0x20000024   Data           4  cpu_usage.o(.data)
    g_ulCPUUsagePrevious                     0x20000028   Data           4  cpu_usage.o(.data)
    g_pulCPUUsageTimerPeriph                 0x2000002c   Data          16  cpu_usage.o(.data)
    g_pulCPUUsageTimerBase                   0x2000003c   Data          16  cpu_usage.o(.data)
    .data                                    0x2000004c   Section       16  flash_pb.o(.data)
    g_pucFlashPBStart                        0x2000004c   Data           4  flash_pb.o(.data)
    g_pucFlashPBEnd                          0x20000050   Data           4  flash_pb.o(.data)
    g_ulFlashPBSize                          0x20000054   Data           4  flash_pb.o(.data)
    g_pucFlashPBCurrent                      0x20000058   Data           4  flash_pb.o(.data)
    .data                                    0x2000005c   Section       56  main.o(.data)
    g_ulFrequency                            0x20000060   Data           4  main.o(.data)
    g_ulFrequencyWhole                       0x20000064   Data           4  main.o(.data)
    g_ulFrequencyFract                       0x20000068   Data           4  main.o(.data)
    g_ulTargetFrequency                      0x2000006c   Data           4  main.o(.data)
    g_ulAngleDelta                           0x20000074   Data           4  main.o(.data)
    g_ulStateCount                           0x20000078   Data           4  main.o(.data)
    g_ulState                                0x2000007c   Data           4  main.o(.data)
    g_ulAccelRate                            0x20000084   Data           4  main.o(.data)
    g_ulDecelRate                            0x20000088   Data           4  main.o(.data)
    g_lFrequencyIntegrator                   0x2000008c   Data           4  main.o(.data)
    g_lFrequencyIntegratorMax                0x20000090   Data           4  main.o(.data)
    .data                                    0x20000094   Section       36  pwm_ctrl.o(.data)
    g_ulPWMFlags                             0x20000094   Data           4  pwm_ctrl.o(.data)
    g_ulPWMClock                             0x20000098   Data           4  pwm_ctrl.o(.data)
    g_ulPWMDutyCycleU                        0x200000a0   Data           4  pwm_ctrl.o(.data)
    g_ulPWMDutyCycleV                        0x200000a4   Data           4  pwm_ctrl.o(.data)
    g_ulPWMDutyCycleW                        0x200000a8   Data           4  pwm_ctrl.o(.data)
    g_ulMinPulseWidth                        0x200000ac   Data           4  pwm_ctrl.o(.data)
    g_ulPWMPeriodCount                       0x200000b0   Data           4  pwm_ctrl.o(.data)
    g_ulPWMMillisecondCount                  0x200000b4   Data           4  pwm_ctrl.o(.data)
    .data                                    0x200000b8   Section       16  speed_sense.o(.data)
    g_ulSpeedFlags                           0x200000bc   Data           4  speed_sense.o(.data)
    g_ulSpeedTime                            0x200000c0   Data           4  speed_sense.o(.data)
    g_ulSpeedPrevious                        0x200000c4   Data           4  speed_sense.o(.data)
    .data                                    0x200000c8   Section      180  ui.o(.data)
    g_ucLoop                                 0x200000c9   Data           1  ui.o(.data)
    g_ucEncoder                              0x200000ca   Data           1  ui.o(.data)
    g_ucModulation                           0x200000cb   Data           1  ui.o(.data)
    g_ucDirection                            0x200000cc   Data           1  ui.o(.data)
    g_ucFrequency                            0x200000cd   Data           1  ui.o(.data)
    g_ucUpdateRate                           0x200000ce   Data           1  ui.o(.data)
    g_ucType                                 0x200000cf   Data           1  ui.o(.data)
    g_ucBusComp                              0x200000d0   Data           1  ui.o(.data)
    g_ucVfRange                              0x200000d1   Data           1  ui.o(.data)
    g_ucDynamicBrake                         0x200000d2   Data           1  ui.o(.data)
    g_ucDCBrake                              0x200000d3   Data           1  ui.o(.data)
    g_ulBlinkCount                           0x200000d8   Data           4  ui.o(.data)
    g_ulUIUseOnboard                         0x200000dc   Data           4  ui.o(.data)
    g_ulUIPotEdgeTime                        0x200000e0   Data           4  ui.o(.data)
    g_lFAdjI                                 0x200000e4   Data           4  ui.o(.data)
    g_ulUIPotPreviousTime                    0x200000e8   Data           4  ui.o(.data)
    g_pusBlinkRate                           0x200000ec   Data           8  ui.o(.data)
    g_pusBlinkPeriod                         0x200000f4   Data           8  ui.o(.data)
    .data                                    0x2000017c   Section        2  ui.o(.data)
    .data                                    0x20000180   Section        4  ui.o(.data)
    .data                                    0x20000184   Section       36  ui_onboard.o(.data)
    g_ulUIOnboardSwitches                    0x20000184   Data           4  ui_onboard.o(.data)
    g_ulUIOnboardClockA                      0x20000188   Data           4  ui_onboard.o(.data)
    g_ulUIOnboardClockB                      0x2000018c   Data           4  ui_onboard.o(.data)
    g_ulUIOnboardPotValue                    0x20000190   Data           4  ui_onboard.o(.data)
    g_ulUIOnboardFilteredPotValue            0x20000194   Data           4  ui_onboard.o(.data)
    g_ulUIOnboardPotMin                      0x20000198   Data           4  ui_onboard.o(.data)
    g_ulUIOnboardPotMax                      0x2000019c   Data           4  ui_onboard.o(.data)
    g_ulUIOnboardPotSum                      0x200001a0   Data           4  ui_onboard.o(.data)
    g_ulUIOnboardPotCount                    0x200001a4   Data           4  ui_onboard.o(.data)
    .data                                    0x200001a8   Section       24  ui_serial.o(.data)
    g_bEnableRealTimeData                    0x200001a8   Data           1  ui_serial.o(.data)
    g_ulUISerialReceiveRead                  0x200001ac   Data           4  ui_serial.o(.data)
    g_ulUISerialReceiveWrite                 0x200001b0   Data           4  ui_serial.o(.data)
    g_ulUISerialTransmitRead                 0x200001b4   Data           4  ui_serial.o(.data)
    g_ulUISerialTransmitWrite                0x200001b8   Data           4  ui_serial.o(.data)
    g_pulUIRealTimeData                      0x200001bc   Data           4  ui_serial.o(.data)
    .bss                                     0x200001c0   Section       10  adc_ctrl.o(.bss)
    g_pusFilteredData                        0x200001c0   Data          10  adc_ctrl.o(.bss)
    .bss                                     0x200001ca   Section      256  ui_serial.o(.bss)
    g_pucUISerialReceive                     0x200001ca   Data          64  ui_serial.o(.bss)
    g_pucUISerialTransmit                    0x2000020a   Data          64  ui_serial.o(.bss)
    g_pucUISerialResponse                    0x2000024a   Data          64  ui_serial.o(.bss)
    g_pucUISerialData                        0x2000028a   Data          64  ui_serial.o(.bss)
    STACK                                    0x200002d0   Section      768  startup_rvmdk.o(STACK)
    StackMem                                 0x200002d0   Data           0  startup_rvmdk.o(STACK)

    Global Symbols

    Symbol Name                              Value     Ov Type        Size  Object(Section)

    BuildAttributes$$THM_ISAv4$P$D$K$B$S$PE$A:L22UL41UL21$X:L11$S22US41US21$IEEE1$IW$USESV6$~STKCKD$USESV7$~SHL$OTIME$EBA8$MICROLIB$REQ8$PRES8$EABIv2 0x00000000   Number         0  anon$$obj.o ABSOLUTE
    __ARM_use_no_argv                        0x00000000   Number         0  main.o ABSOLUTE
    __Vectors                                0x00000800   Data           0  startup_rvmdk.o(RESET)
    Reset_Handler                            0x000008b9   Thumb Code     0  startup_rvmdk.o(RESET)
    __main                                   0x000008bd   Thumb Code     0  entry.o(.ARM.Collect$$$$00000000)
    _main_stk                                0x000008bd   Thumb Code     0  entry2.o(.ARM.Collect$$$$00000001)
    _main_scatterload                        0x000008c1   Thumb Code     0  entry5.o(.ARM.Collect$$$$00000004)
    __main_after_scatterload                 0x000008c5   Thumb Code     0  entry5.o(.ARM.Collect$$$$00000004)
    _main_init                               0x000008c5   Thumb Code     0  entry7.o(.ARM.Collect$$$$00000007)
    MainLongMul                              0x000008d1   Thumb Code    12  main.o(.emb_text)
    SysCtlDelay                              0x000008dd   Thumb Code     6  sysctl.o(.emb_text)
    CPUcpsid                                 0x000008e5   Thumb Code     8  cpu.o(.emb_text)
    CPUprimask                               0x000008ed   Thumb Code     6  cpu.o(.emb_text)
    CPUcpsie                                 0x000008f3   Thumb Code     8  cpu.o(.emb_text)
    CPUwfi                                   0x000008fb   Thumb Code     4  cpu.o(.emb_text)
    CPUbasepriSet                            0x000008ff   Thumb Code     6  cpu.o(.emb_text)
    CPUbasepriGet                            0x00000905   Thumb Code     6  cpu.o(.emb_text)
    __scatterload                            0x0000090d   Thumb Code    28  init.o(.text)
    __scatterload_rt2                        0x0000090d   Thumb Code     0  init.o(.text)
    __decompress                             0x00000931   Thumb Code     0  __dczerorl2.o(.text)
    __decompress1                            0x00000931   Thumb Code    92  __dczerorl2.o(.text)
    ADC0IntHandler                           0x0000098d   Thumb Code   330  adc_ctrl.o(i.ADC0IntHandler)
    ADCInit                                  0x00000af1   Thumb Code   110  adc_ctrl.o(i.ADCInit)
    ADCIntClear                              0x00000b65   Thumb Code    10  adc.o(i.ADCIntClear)
    ADCIntEnable                             0x00000b6f   Thumb Code    16  adc.o(i.ADCIntEnable)
    ADCSequenceConfigure                     0x00000b7f   Thumb Code    50  adc.o(i.ADCSequenceConfigure)
    ADCSequenceEnable                        0x00000bb1   Thumb Code    14  adc.o(i.ADCSequenceEnable)
    ADCSequenceStepConfigure                 0x00000bbf   Thumb Code   110  adc.o(i.ADCSequenceStepConfigure)
    BrakeInit                                0x00000c2d   Thumb Code    34  brake.o(i.BrakeInit)
    BrakeTick                                0x00000c59   Thumb Code   216  brake.o(i.BrakeTick)
    CPUUsageInit                             0x00000d45   Thumb Code    84  cpu_usage.o(i.CPUUsageInit)
    CPUUsageTick                             0x00000d9d   Thumb Code    44  cpu_usage.o(i.CPUUsageTick)
    FaultISR                                 0x00000dcd   Thumb Code    18  main.o(i.FaultISR)
    FlashErase                               0x00000de1   Thumb Code    34  flash.o(i.FlashErase)
    FlashPBGet                               0x00000e0d   Thumb Code     6  flash_pb.o(i.FlashPBGet)
    FlashPBInit                              0x00000e19   Thumb Code   114  flash_pb.o(i.FlashPBInit)
    FlashPBSave                              0x00000e95   Thumb Code   150  flash_pb.o(i.FlashPBSave)
    FlashProgram                             0x00000f31   Thumb Code   142  flash.o(i.FlashProgram)
    FlashUsecSet                             0x00000fcd   Thumb Code     8  flash.o(i.FlashUsecSet)
    GPIOBIntHandler                          0x00000fd9   Thumb Code    24  pwm_ctrl.o(i.GPIOBIntHandler)
    GPIOCIntHandler                          0x00000ff5   Thumb Code   114  speed_sense.o(i.GPIOCIntHandler)
    GPIODIntHandler                          0x00001081   Thumb Code    38  ui.o(i.GPIODIntHandler)
    GPIODirModeSet                           0x000010b1   Thumb Code    40  gpio.o(i.GPIODirModeSet)
    GPIOIntTypeSet                           0x000010d9   Thumb Code    58  gpio.o(i.GPIOIntTypeSet)
    GPIOPadConfigSet                         0x00001113   Thumb Code   176  gpio.o(i.GPIOPadConfigSet)
    GPIOPinIntClear                          0x000011c3   Thumb Code     6  gpio.o(i.GPIOPinIntClear)
    GPIOPinIntEnable                         0x000011c9   Thumb Code    12  gpio.o(i.GPIOPinIntEnable)
    GPIOPinRead                              0x000011d5   Thumb Code     6  gpio.o(i.GPIOPinRead)
    GPIOPinTypePWM                           0x000011db   Thumb Code    28  gpio.o(i.GPIOPinTypePWM)
    GPIOPinTypeQEI                           0x000011f7   Thumb Code    28  gpio.o(i.GPIOPinTypeQEI)
    GPIOPinTypeUART                          0x00001213   Thumb Code    28  gpio.o(i.GPIOPinTypeUART)
    GPIOPinWrite                             0x0000122f   Thumb Code     6  gpio.o(i.GPIOPinWrite)
    InRushDelay                              0x00001235   Thumb Code   128  inrush.o(i.InRushDelay)
    InRushRelayAdjust                        0x000012c9   Thumb Code    48  inrush.o(i.InRushRelayAdjust)
    IntDefaultHandler                        0x000012fd   Thumb Code    18  main.o(i.IntDefaultHandler)
    IntDisable                               0x0000130f   Thumb Code   104  interrupt.o(i.IntDisable)
    IntEnable                                0x00001377   Thumb Code   104  interrupt.o(i.IntEnable)
    IntMasterDisable                         0x000013df   Thumb Code    10  interrupt.o(i.IntMasterDisable)
    IntPrioritySet                           0x000013e9   Thumb Code    36  interrupt.o(i.IntPrioritySet)
    MainClearFaults                          0x000014b9   Thumb Code    12  main.o(i.MainClearFaults)
    MainEmergencyStop                        0x000014c9   Thumb Code    54  main.o(i.MainEmergencyStop)
    MainFrequencyController                  0x00001509   Thumb Code    92  main.o(i.MainFrequencyController)
    MainIsFaulted                            0x00001765   Thumb Code    12  main.o(i.MainIsFaulted)
    MainIsRunning                            0x00001775   Thumb Code    12  main.o(i.MainIsRunning)
    MainMillisecondTick                      0x00001785   Thumb Code   130  main.o(i.MainMillisecondTick)
    MainRun                                  0x00001851   Thumb Code   114  main.o(i.MainRun)
    MainSetDirection                         0x000018d1   Thumb Code    88  main.o(i.MainSetDirection)
    MainSetFault                             0x00001931   Thumb Code    16  main.o(i.MainSetFault)
    MainSetFrequency                         0x00001945   Thumb Code    40  main.o(i.MainSetFrequency)
    MainSetLoopMode                          0x00001979   Thumb Code    72  main.o(i.MainSetLoopMode)
    MainSetPWMFrequency                      0x000019cd   Thumb Code    52  main.o(i.MainSetPWMFrequency)
    MainStop                                 0x00001a09   Thumb Code    66  main.o(i.MainStop)
    MainUpdateFAdjI                          0x00001a55   Thumb Code    64  main.o(i.MainUpdateFAdjI)
    MainWaveformTick                         0x00001a9d   Thumb Code   220  main.o(i.MainWaveformTick)
    NmiSR                                    0x00001b89   Thumb Code    18  main.o(i.NmiSR)
    PWM0IntHandler                           0x00001b9d   Thumb Code   180  pwm_ctrl.o(i.PWM0IntHandler)
    PWMDeadBandEnable                        0x00001c61   Thumb Code    16  pwm.o(i.PWMDeadBandEnable)
    PWMGenConfigure                          0x00001c71   Thumb Code    38  pwm.o(i.PWMGenConfigure)
    PWMGenEnable                             0x00001c97   Thumb Code    10  pwm.o(i.PWMGenEnable)
    PWMGenIntClear                           0x00001ca1   Thumb Code     6  pwm.o(i.PWMGenIntClear)
    PWMGenIntTrigEnable                      0x00001ca7   Thumb Code    10  pwm.o(i.PWMGenIntTrigEnable)
    PWMGenPeriodSet                          0x00001cb1   Thumb Code    18  pwm.o(i.PWMGenPeriodSet)
    PWMGetPeriodCount                        0x00001cc5   Thumb Code     6  pwm_ctrl.o(i.PWMGetPeriodCount)
    PWMInit                                  0x00001cd1   Thumb Code   274  pwm_ctrl.o(i.PWMInit)
    PWMOutputDCBrake                         0x00001df9   Thumb Code    60  pwm_ctrl.o(i.PWMOutputDCBrake)
    PWMOutputFault                           0x00001e3d   Thumb Code    16  pwm.o(i.PWMOutputFault)
    PWMOutputOff                             0x00001e4d   Thumb Code    68  pwm_ctrl.o(i.PWMOutputOff)
    PWMOutputOn                              0x00001e99   Thumb Code    10  pwm_ctrl.o(i.PWMOutputOn)
    PWMOutputPrecharge                       0x00001ea9   Thumb Code    74  pwm_ctrl.o(i.PWMOutputPrecharge)
    PWMOutputState                           0x00001efd   Thumb Code    16  pwm.o(i.PWMOutputState)
    PWMPulseWidthSet                         0x00001f0d   Thumb Code    32  pwm.o(i.PWMPulseWidthSet)
    PWMReducePeriodCount                     0x00001f2d   Thumb Code    28  pwm_ctrl.o(i.PWMReducePeriodCount)
    PWMSetDeadBand                           0x00001f4d   Thumb Code    50  pwm_ctrl.o(i.PWMSetDeadBand)
    PWMSetDutyCycle                          0x00001f89   Thumb Code    56  pwm_ctrl.o(i.PWMSetDutyCycle)
    PWMSetFrequency                          0x00001fc9   Thumb Code   108  pwm_ctrl.o(i.PWMSetFrequency)
    PWMSetMinPulseWidth                      0x0000203d   Thumb Code    48  pwm_ctrl.o(i.PWMSetMinPulseWidth)
    PWMSetUpdateRate                         0x00002075   Thumb Code    24  pwm_ctrl.o(i.PWMSetUpdateRate)
    PWMSyncTimeBase                          0x00002091   Thumb Code     4  pwm.o(i.PWMSyncTimeBase)
    PWMSyncUpdate                            0x00002095   Thumb Code     4  pwm.o(i.PWMSyncUpdate)
    QEIConfigure                             0x00002115   Thumb Code    14  qei.o(i.QEIConfigure)
    QEIEnable                                0x00002123   Thumb Code    10  qei.o(i.QEIEnable)
    QEIIntClear                              0x0000212d   Thumb Code     4  qei.o(i.QEIIntClear)
    QEIIntEnable                             0x00002131   Thumb Code     8  qei.o(i.QEIIntEnable)
    QEIIntHandler                            0x00002139   Thumb Code   148  speed_sense.o(i.QEIIntHandler)
    QEIVelocityConfigure                     0x000021e1   Thumb Code    16  qei.o(i.QEIVelocityConfigure)
    QEIVelocityEnable                        0x000021f1   Thumb Code    10  qei.o(i.QEIVelocityEnable)
    QEIVelocityGet                           0x000021fb   Thumb Code     4  qei.o(i.QEIVelocityGet)
    SineModulate                             0x00002201   Thumb Code   182  sinemod.o(i.SineModulate)
    SpaceVectorModulate                      0x000022c5   Thumb Code   152  svm.o(i.SpaceVectorModulate)
    SpeedSenseInit                           0x00002389   Thumb Code    88  speed_sense.o(i.SpeedSenseInit)
    SysCtlADCSpeedSet                        0x000023ed   Thumb Code    28  sysctl.o(i.SysCtlADCSpeedSet)
    SysCtlClockGet                           0x0000240d   Thumb Code   438  sysctl.o(i.SysCtlClockGet)
    SysCtlClockSet                           0x000025f1   Thumb Code   288  sysctl.o(i.SysCtlClockSet)
    SysCtlPeripheralClockGating              0x00002729   Thumb Code    20  sysctl.o(i.SysCtlPeripheralClockGating)
    SysCtlPeripheralEnable                   0x00002741   Thumb Code    26  sysctl.o(i.SysCtlPeripheralEnable)
    SysCtlPeripheralSleepDisable             0x00002761   Thumb Code    28  sysctl.o(i.SysCtlPeripheralSleepDisable)
    SysCtlPeripheralSleepEnable              0x00002781   Thumb Code    26  sysctl.o(i.SysCtlPeripheralSleepEnable)
    SysCtlSleep                              0x000027a1   Thumb Code     4  sysctl.o(i.SysCtlSleep)
    SysTickEnable                            0x000027a5   Thumb Code    14  systick.o(i.SysTickEnable)
    SysTickIntDisable                        0x000027b3   Thumb Code    14  systick.o(i.SysTickIntDisable)
    SysTickIntEnable                         0x000027c1   Thumb Code    14  systick.o(i.SysTickIntEnable)
    SysTickIntHandler                        0x000027d1   Thumb Code   194  ui.o(i.SysTickIntHandler)
    SysTickPeriodSet                         0x000028a1   Thumb Code    10  systick.o(i.SysTickPeriodSet)
    SysTickValueGet                          0x000028ab   Thumb Code     8  systick.o(i.SysTickValueGet)
    TimerConfigure                           0x000028b3   Thumb Code    28  timer.o(i.TimerConfigure)
    TimerDisable                             0x000028cf   Thumb Code    16  timer.o(i.TimerDisable)
    TimerEnable                              0x000028df   Thumb Code    14  timer.o(i.TimerEnable)
    TimerLoadSet                             0x000028ed   Thumb Code    18  timer.o(i.TimerLoadSet)
    TimerMatchSet                            0x000028ff   Thumb Code    18  timer.o(i.TimerMatchSet)
    TimerValueGet                            0x00002911   Thumb Code    10  timer.o(i.TimerValueGet)
    UART0IntHandler                          0x0000291d   Thumb Code   136  ui_serial.o(i.UART0IntHandler)
    UARTCharGet                              0x000029b1   Thumb Code    12  uart.o(i.UARTCharGet)
    UARTCharPut                              0x000029bd   Thumb Code    12  uart.o(i.UARTCharPut)
    UARTCharsAvail                           0x000029c9   Thumb Code    10  uart.o(i.UARTCharsAvail)
    UARTConfigSetExpClk                      0x000029d3   Thumb Code   110  uart.o(i.UARTConfigSetExpClk)
    UARTIntClear                             0x00002a41   Thumb Code     4  uart.o(i.UARTIntClear)
    UARTIntEnable                            0x00002a45   Thumb Code     8  uart.o(i.UARTIntEnable)
    UARTIntStatus                            0x00002a4d   Thumb Code    10  uart.o(i.UARTIntStatus)
    UARTSpaceAvail                           0x00002a57   Thumb Code    10  uart.o(i.UARTSpaceAvail)
    UIEmergencyStop                          0x00002b45   Thumb Code    16  ui.o(i.UIEmergencyStop)
    UIFaultLEDBlink                          0x00002b85   Thumb Code    10  ui.o(i.UIFaultLEDBlink)
    UIInit                                   0x00002b91   Thumb Code   180  ui.o(i.UIInit)
    UIOnboardInit                            0x00002d59   Thumb Code    24  ui_onboard.o(i.UIOnboardInit)
    UIOnboardPotentiometerFilter             0x00002d75   Thumb Code   116  ui_onboard.o(i.UIOnboardPotentiometerFilter)
    UIOnboardSwitchDebouncer                 0x00002ded   Thumb Code   208  ui_onboard.o(i.UIOnboardSwitchDebouncer)
    UIParamLoad                              0x00002efd   Thumb Code   198  ui.o(i.UIParamLoad)
    UIParamSave                              0x00002fd1   Thumb Code    22  ui.o(i.UIParamSave)
    UIRun                                    0x00002fed   Thumb Code     4  ui.o(i.UIRun)
    UIRunLEDBlink                            0x00002ff1   Thumb Code    10  ui.o(i.UIRunLEDBlink)
    UISerialInit                             0x0000302d   Thumb Code    62  ui_serial.o(i.UISerialInit)
    UISerialSendRealTimeData                 0x000034c1   Thumb Code   130  ui_serial.o(i.UISerialSendRealTimeData)
    UIStatus1LEDBlink                        0x000035d1   Thumb Code    10  ui.o(i.UIStatus1LEDBlink)
    UIStatus2LEDBlink                        0x000035db   Thumb Code    10  ui.o(i.UIStatus2LEDBlink)
    UIStop                                   0x000035e5   Thumb Code     4  ui.o(i.UIStop)
    UIUpgrade                                0x000035f5   Thumb Code    84  ui.o(i.UIUpgrade)
    VFGetAmplitude                           0x00003679   Thumb Code    84  vf.o(i.VFGetAmplitude)
    __scatterload_copy                       0x000036d5   Thumb Code    14  handlers.o(i.__scatterload_copy)
    __scatterload_null                       0x000036e3   Thumb Code     2  handlers.o(i.__scatterload_null)
    __scatterload_zeroinit                   0x000036e5   Thumb Code    14  handlers.o(i.__scatterload_zeroinit)
    main                                     0x000036f5   Thumb Code   334  main.o(i.main)
    sine                                     0x00003865   Thumb Code    36  sine.o(i.sine)
    g_sUIParameters                          0x000039a4   Data        1008  ui.o(.constdata)
    g_ulUITargetType                         0x00003d94   Data           4  ui.o(.constdata)
    g_usFirmwareVersion                      0x00003d98   Data           2  ui.o(.constdata)
    g_ulUINumParameters                      0x00003d9c   Data           4  ui.o(.constdata)
    g_sUIRealTimeData                        0x00003da0   Data          88  ui.o(.constdata)
    g_ulUINumRealTimeData                    0x00003df8   Data           4  ui.o(.constdata)
    g_sUISwitches                            0x00003dfc   Data          20  ui.o(.constdata)
    g_ulUINumButtons                         0x00003e10   Data           4  ui.o(.constdata)
    Region$$Table$$Base                      0x00003f18   Number         0  anon$$obj.o(Region$$Table)
    Region$$Table$$Limit                     0x00003f38   Number         0  anon$$obj.o(Region$$Table)
    g_usMotorCurrent                         0x20000000   Data           2  adc_ctrl.o(.data)
    g_usBusVoltage                           0x20000002   Data           2  adc_ctrl.o(.data)
    g_sAmbientTemp                           0x20000004   Data           2  adc_ctrl.o(.data)
    g_pusPhaseCurrentRMS                     0x20000012   Data           6  adc_ctrl.o(.data)
    g_ucMotorStatus                          0x2000005c   Data           1  main.o(.data)
    g_ulAngle                                0x20000070   Data           4  main.o(.data)
    g_ulFaultFlags                           0x20000080   Data           4  main.o(.data)
    g_ulPWMFrequency                         0x2000009c   Data           4  pwm_ctrl.o(.data)
    g_usRotorFrequency                       0x200000b8   Data           2  speed_sense.o(.data)
    g_ucCPUUsage                             0x200000c8   Data           1  ui.o(.data)
    g_usTargetFrequency                      0x200000d4   Data           2  ui.o(.data)
    g_sParameters                            0x200000fc   Data         128  ui.o(.data)
    g_usCurrentFrequency                     0x2000017c   Data           2  ui.o(.data)
    g_pulUIHoldCount                         0x20000180   Data           4  ui.o(.data)
    __initial_sp                             0x200005d0   Data           0  startup_rvmdk.o(STACK)



==============================================================================

Memory Map of the image

  Image Entry point : 0x000008b9

  Load Region LR_IROM (Base: 0x00000800, Size: 0x000038f8, Max: 0x0000e800, ABSOLUTE, COMPRESSED[0x000037b4])

    Execution Region ER_IROM (Base: 0x00000800, Size: 0x00003738, Max: 0x0000e800, ABSOLUTE)

    Base Addr    Size         Type   Attr      Idx    E Section Name        Object

    0x00000800   0x000000bc   Code   RO          536  * RESET               startup_rvmdk.o
    0x000008bc   0x00000000   Code   RO         2562  * .ARM.Collect$$$$00000000  mc_w.l(entry.o)
    0x000008bc   0x00000004   Code   RO         2565    .ARM.Collect$$$$00000001  mc_w.l(entry2.o)
    0x000008c0   0x00000004   Code   RO         2568    .ARM.Collect$$$$00000004  mc_w.l(entry5.o)
    0x000008c4   0x00000008   Code   RO         2569    .ARM.Collect$$$$00000007  mc_w.l(entry7.o)
    0x000008cc   0x00000004   Code   RO         2566    .ARM.Collect$$$$00002712  mc_w.l(entry2.o)
    0x000008d0   0x0000000c   Code   RO          182    .emb_text           main.o
    0x000008dc   0x00000006   Code   RO         1802    .emb_text           driverlib.lib(sysctl.o)
    0x000008e2   0x00000002   PAD
    0x000008e4   0x00000026   Code   RO         2552    .emb_text           driverlib.lib(cpu.o)
    0x0000090a   0x00000002   PAD
    0x0000090c   0x00000024   Code   RO         2570    .text               mc_w.l(init.o)
    0x00000930   0x0000005c   Code   RO         2580    .text               mc_w.l(__dczerorl2.o)
    0x0000098c   0x00000164   Code   RO            1    i.ADC0IntHandler    adc_ctrl.o
    0x00000af0   0x00000074   Code   RO            2    i.ADCInit           adc_ctrl.o
    0x00000b64   0x0000000a   Code   RO          843    i.ADCIntClear       driverlib.lib(adc.o)
    0x00000b6e   0x00000010   Code   RO          845    i.ADCIntEnable      driverlib.lib(adc.o)
    0x00000b7e   0x00000032   Code   RO          854    i.ADCSequenceConfigure  driverlib.lib(adc.o)
    0x00000bb0   0x0000000e   Code   RO          857    i.ADCSequenceEnable  driverlib.lib(adc.o)
    0x00000bbe   0x0000006e   Code   RO          860    i.ADCSequenceStepConfigure  driverlib.lib(adc.o)
    0x00000c2c   0x0000002c   Code   RO           63    i.BrakeInit         brake.o
    0x00000c58   0x000000ec   Code   RO           64    i.BrakeTick         brake.o
    0x00000d44   0x00000058   Code   RO           94    i.CPUUsageInit      cpu_usage.o
    0x00000d9c   0x00000030   Code   RO           95    i.CPUUsageTick      cpu_usage.o
    0x00000dcc   0x00000012   Code   RO          183    i.FaultISR          main.o
    0x00000dde   0x00000002   PAD
    0x00000de0   0x0000002c   Code   RO         1050    i.FlashErase        driverlib.lib(flash.o)
    0x00000e0c   0x0000000c   Code   RO          129    i.FlashPBGet        flash_pb.o
    0x00000e18   0x0000007c   Code   RO          130    i.FlashPBInit       flash_pb.o
    0x00000e94   0x0000009c   Code   RO          131    i.FlashPBSave       flash_pb.o
    0x00000f30   0x0000009c   Code   RO         1057    i.FlashProgram      driverlib.lib(flash.o)
    0x00000fcc   0x0000000c   Code   RO         1062    i.FlashUsecSet      driverlib.lib(flash.o)
    0x00000fd8   0x0000001c   Code   RO          348    i.GPIOBIntHandler   pwm_ctrl.o
    0x00000ff4   0x0000008c   Code   RO          493    i.GPIOCIntHandler   speed_sense.o
    0x00001080   0x00000030   Code   RO          554    i.GPIODIntHandler   ui.o
    0x000010b0   0x00000028   Code   RO         1164    i.GPIODirModeSet    driverlib.lib(gpio.o)
    0x000010d8   0x0000003a   Code   RO         1167    i.GPIOIntTypeSet    driverlib.lib(gpio.o)
    0x00001112   0x000000b0   Code   RO         1169    i.GPIOPadConfigSet  driverlib.lib(gpio.o)
    0x000011c2   0x00000006   Code   RO         1171    i.GPIOPinIntClear   driverlib.lib(gpio.o)
    0x000011c8   0x0000000c   Code   RO         1173    i.GPIOPinIntEnable  driverlib.lib(gpio.o)
    0x000011d4   0x00000006   Code   RO         1175    i.GPIOPinRead       driverlib.lib(gpio.o)
    0x000011da   0x0000001c   Code   RO         1186    i.GPIOPinTypePWM    driverlib.lib(gpio.o)
    0x000011f6   0x0000001c   Code   RO         1187    i.GPIOPinTypeQEI    driverlib.lib(gpio.o)
    0x00001212   0x0000001c   Code   RO         1190    i.GPIOPinTypeUART   driverlib.lib(gpio.o)
    0x0000122e   0x00000006   Code   RO         1193    i.GPIOPinWrite      driverlib.lib(gpio.o)
    0x00001234   0x00000094   Code   RO          164    i.InRushDelay       inrush.o
    0x000012c8   0x00000034   Code   RO          165    i.InRushRelayAdjust  inrush.o
    0x000012fc   0x00000012   Code   RO          184    i.IntDefaultHandler  main.o
    0x0000130e   0x00000068   Code   RO         1375    i.IntDisable        driverlib.lib(interrupt.o)
    0x00001376   0x00000068   Code   RO         1376    i.IntEnable         driverlib.lib(interrupt.o)
    0x000013de   0x0000000a   Code   RO         1377    i.IntMasterDisable  driverlib.lib(interrupt.o)
    0x000013e8   0x00000028   Code   RO         1386    i.IntPrioritySet    driverlib.lib(interrupt.o)
    0x00001410   0x000000a8   Code   RO          185    i.MainCheckFaults   main.o
    0x000014b8   0x00000010   Code   RO          186    i.MainClearFaults   main.o
    0x000014c8   0x00000040   Code   RO          187    i.MainEmergencyStop  main.o
    0x00001508   0x00000068   Code   RO          188    i.MainFrequencyController  main.o
    0x00001570   0x000001f4   Code   RO          189    i.MainFrequencyHandler  main.o
    0x00001764   0x00000010   Code   RO          190    i.MainIsFaulted     main.o
    0x00001774   0x00000010   Code   RO          191    i.MainIsRunning     main.o
    0x00001784   0x00000094   Code   RO          192    i.MainMillisecondTick  main.o
    0x00001818   0x00000038   Code   RO          193    i.MainPrechargeHandler  main.o
    0x00001850   0x00000080   Code   RO          194    i.MainRun           main.o
    0x000018d0   0x00000060   Code   RO          195    i.MainSetDirection  main.o
    0x00001930   0x00000014   Code   RO          196    i.MainSetFault      main.o
    0x00001944   0x00000034   Code   RO          197    i.MainSetFrequency  main.o
    0x00001978   0x00000054   Code   RO          198    i.MainSetLoopMode   main.o
    0x000019cc   0x0000003c   Code   RO          199    i.MainSetPWMFrequency  main.o
    0x00001a08   0x0000004c   Code   RO          200    i.MainStop          main.o
    0x00001a54   0x00000048   Code   RO          201    i.MainUpdateFAdjI   main.o
    0x00001a9c   0x000000ec   Code   RO          202    i.MainWaveformTick  main.o
    0x00001b88   0x00000012   Code   RO          203    i.NmiSR             main.o
    0x00001b9a   0x00000002   PAD
    0x00001b9c   0x000000c4   Code   RO          349    i.PWM0IntHandler    pwm_ctrl.o
    0x00001c60   0x00000010   Code   RO         1479    i.PWMDeadBandEnable  driverlib.lib(pwm.o)
    0x00001c70   0x00000026   Code   RO         1484    i.PWMGenConfigure   driverlib.lib(pwm.o)
    0x00001c96   0x0000000a   Code   RO         1486    i.PWMGenEnable      driverlib.lib(pwm.o)
    0x00001ca0   0x00000006   Code   RO         1492    i.PWMGenIntClear    driverlib.lib(pwm.o)
    0x00001ca6   0x0000000a   Code   RO         1496    i.PWMGenIntTrigEnable  driverlib.lib(pwm.o)
    0x00001cb0   0x00000012   Code   RO         1499    i.PWMGenPeriodSet   driverlib.lib(pwm.o)
    0x00001cc2   0x00000002   PAD
    0x00001cc4   0x0000000c   Code   RO          351    i.PWMGetPeriodCount  pwm_ctrl.o
    0x00001cd0   0x00000128   Code   RO          352    i.PWMInit           pwm_ctrl.o
    0x00001df8   0x00000044   Code   RO          353    i.PWMOutputDCBrake  pwm_ctrl.o
    0x00001e3c   0x00000010   Code   RO         1503    i.PWMOutputFault    driverlib.lib(pwm.o)
    0x00001e4c   0x0000004c   Code   RO          354    i.PWMOutputOff      pwm_ctrl.o
    0x00001e98   0x00000010   Code   RO          355    i.PWMOutputOn       pwm_ctrl.o
    0x00001ea8   0x00000054   Code   RO          356    i.PWMOutputPrecharge  pwm_ctrl.o
    0x00001efc   0x00000010   Code   RO         1506    i.PWMOutputState    driverlib.lib(pwm.o)
    0x00001f0c   0x00000020   Code   RO         1508    i.PWMPulseWidthSet  driverlib.lib(pwm.o)
    0x00001f2c   0x00000020   Code   RO          357    i.PWMReducePeriodCount  pwm_ctrl.o
    0x00001f4c   0x0000003c   Code   RO          358    i.PWMSetDeadBand    pwm_ctrl.o
    0x00001f88   0x00000040   Code   RO          359    i.PWMSetDutyCycle   pwm_ctrl.o
    0x00001fc8   0x00000074   Code   RO          360    i.PWMSetFrequency   pwm_ctrl.o
    0x0000203c   0x00000038   Code   RO          361    i.PWMSetMinPulseWidth  pwm_ctrl.o
    0x00002074   0x0000001c   Code   RO          362    i.PWMSetUpdateRate  pwm_ctrl.o
    0x00002090   0x00000004   Code   RO         1509    i.PWMSyncTimeBase   driverlib.lib(pwm.o)
    0x00002094   0x00000004   Code   RO         1510    i.PWMSyncUpdate     driverlib.lib(pwm.o)
    0x00002098   0x0000007c   Code   RO          363    i.PWMUpdateDutyCycle  pwm_ctrl.o
    0x00002114   0x0000000e   Code   RO         1688    i.QEIConfigure      driverlib.lib(qei.o)
    0x00002122   0x0000000a   Code   RO         1691    i.QEIEnable         driverlib.lib(qei.o)
    0x0000212c   0x00000004   Code   RO         1693    i.QEIIntClear       driverlib.lib(qei.o)
    0x00002130   0x00000008   Code   RO         1695    i.QEIIntEnable      driverlib.lib(qei.o)
    0x00002138   0x000000a8   Code   RO          494    i.QEIIntHandler     speed_sense.o
    0x000021e0   0x00000010   Code   RO         1701    i.QEIVelocityConfigure  driverlib.lib(qei.o)
    0x000021f0   0x0000000a   Code   RO         1703    i.QEIVelocityEnable  driverlib.lib(qei.o)
    0x000021fa   0x00000004   Code   RO         1704    i.QEIVelocityGet    driverlib.lib(qei.o)
    0x000021fe   0x00000002   PAD
    0x00002200   0x000000c4   Code   RO          481    i.SineModulate      sinemod.o
    0x000022c4   0x000000a0   Code   RO          542    i.SpaceVectorModulate  svm.o
    0x00002364   0x00000024   Code   RO          495    i.SpeedNewValue     speed_sense.o
    0x00002388   0x00000064   Code   RO          496    i.SpeedSenseInit    speed_sense.o
    0x000023ec   0x00000020   Code   RO         1804    i.SysCtlADCSpeedSet  driverlib.lib(sysctl.o)
    0x0000240c   0x000001e4   Code   RO         1807    i.SysCtlClockGet    driverlib.lib(sysctl.o)
    0x000025f0   0x00000138   Code   RO         1808    i.SysCtlClockSet    driverlib.lib(sysctl.o)
    0x00002728   0x00000018   Code   RO         1828    i.SysCtlPeripheralClockGating  driverlib.lib(sysctl.o)
    0x00002740   0x00000020   Code   RO         1832    i.SysCtlPeripheralEnable  driverlib.lib(sysctl.o)
    0x00002760   0x00000020   Code   RO         1835    i.SysCtlPeripheralSleepDisable  driverlib.lib(sysctl.o)
    0x00002780   0x00000020   Code   RO         1836    i.SysCtlPeripheralSleepEnable  driverlib.lib(sysctl.o)
    0x000027a0   0x00000004   Code   RO         1842    i.SysCtlSleep       driverlib.lib(sysctl.o)
    0x000027a4   0x0000000e   Code   RO         2071    i.SysTickEnable     driverlib.lib(systick.o)
    0x000027b2   0x0000000e   Code   RO         2072    i.SysTickIntDisable  driverlib.lib(systick.o)
    0x000027c0   0x0000000e   Code   RO         2073    i.SysTickIntEnable  driverlib.lib(systick.o)
    0x000027ce   0x00000002   PAD
    0x000027d0   0x000000d0   Code   RO          555    i.SysTickIntHandler  ui.o
    0x000028a0   0x0000000a   Code   RO         2077    i.SysTickPeriodSet  driverlib.lib(systick.o)
    0x000028aa   0x00000008   Code   RO         2078    i.SysTickValueGet   driverlib.lib(systick.o)
    0x000028b2   0x0000001c   Code   RO         2133    i.TimerConfigure    driverlib.lib(timer.o)
    0x000028ce   0x00000010   Code   RO         2139    i.TimerDisable      driverlib.lib(timer.o)
    0x000028de   0x0000000e   Code   RO         2140    i.TimerEnable       driverlib.lib(timer.o)
    0x000028ec   0x00000012   Code   RO         2148    i.TimerLoadSet      driverlib.lib(timer.o)
    0x000028fe   0x00000012   Code   RO         2150    i.TimerMatchSet     driverlib.lib(timer.o)
    0x00002910   0x0000000a   Code   RO         2158    i.TimerValueGet     driverlib.lib(timer.o)
    0x0000291a   0x00000002   PAD
    0x0000291c   0x00000094   Code   RO          772    i.UART0IntHandler   ui_serial.o
    0x000029b0   0x0000000c   Code   RO         2303    i.UARTCharGet       driverlib.lib(uart.o)
    0x000029bc   0x0000000c   Code   RO         2305    i.UARTCharPut       driverlib.lib(uart.o)
    0x000029c8   0x0000000a   Code   RO         2307    i.UARTCharsAvail    driverlib.lib(uart.o)
    0x000029d2   0x0000006e   Code   RO         2309    i.UARTConfigSetExpClk  driverlib.lib(uart.o)
    0x00002a40   0x00000004   Code   RO         2322    i.UARTIntClear      driverlib.lib(uart.o)
    0x00002a44   0x00000008   Code   RO         2324    i.UARTIntEnable     driverlib.lib(uart.o)
    0x00002a4c   0x0000000a   Code   RO         2326    i.UARTIntStatus     driverlib.lib(uart.o)
    0x00002a56   0x0000000a   Code   RO         2338    i.UARTSpaceAvail    driverlib.lib(uart.o)
    0x00002a60   0x00000024   Code   RO          556    i.UIBusComp         ui.o
    0x00002a84   0x00000014   Code   RO          557    i.UIButtonHold      ui.o
    0x00002a98   0x0000002c   Code   RO          558    i.UIButtonPress     ui.o
    0x00002ac4   0x00000024   Code   RO          559    i.UIDCBrake         ui.o
    0x00002ae8   0x00000038   Code   RO          560    i.UIDirectionSet    ui.o
    0x00002b20   0x00000024   Code   RO          561    i.UIDynamicBrake    ui.o
    0x00002b44   0x00000010   Code   RO          562    i.UIEmergencyStop   ui.o
    0x00002b54   0x00000024   Code   RO          563    i.UIEncoderPresent  ui.o
    0x00002b78   0x0000000c   Code   RO          564    i.UIFAdjI           ui.o
    0x00002b84   0x0000000a   Code   RO          565    i.UIFaultLEDBlink   ui.o
    0x00002b8e   0x00000002   PAD
    0x00002b90   0x000000c4   Code   RO          566    i.UIInit            ui.o
    0x00002c54   0x00000048   Code   RO          567    i.UILEDBlink        ui.o
    0x00002c9c   0x0000002c   Code   RO          568    i.UILoopMode        ui.o
    0x00002cc8   0x00000050   Code   RO          569    i.UIModulationType  ui.o
    0x00002d18   0x00000040   Code   RO          570    i.UIMotorType       ui.o
    0x00002d58   0x0000001c   Code   RO          742    i.UIOnboardInit     ui_onboard.o
    0x00002d74   0x00000078   Code   RO          743    i.UIOnboardPotentiometerFilter  ui_onboard.o
    0x00002dec   0x000000e0   Code   RO          744    i.UIOnboardSwitchDebouncer  ui_onboard.o
    0x00002ecc   0x00000030   Code   RO          571    i.UIPWMFrequencySet  ui.o
    0x00002efc   0x000000d4   Code   RO          572    i.UIParamLoad       ui.o
    0x00002fd0   0x0000001c   Code   RO          573    i.UIParamSave       ui.o
    0x00002fec   0x00000004   Code   RO          574    i.UIRun             ui.o
    0x00002ff0   0x0000000a   Code   RO          575    i.UIRunLEDBlink     ui.o
    0x00002ffa   0x00000002   PAD
    0x00002ffc   0x00000030   Code   RO          773    i.UISerialFindParameter  ui_serial.o
    0x0000302c   0x0000004c   Code   RO          774    i.UISerialInit      ui_serial.o
    0x00003078   0x000000c0   Code   RO          775    i.UISerialRangeCheck  ui_serial.o
    0x00003138   0x00000388   Code   RO          776    i.UISerialScanReceive  ui_serial.o
    0x000034c0   0x00000094   Code   RO          777    i.UISerialSendRealTimeData  ui_serial.o
    0x00003554   0x0000007c   Code   RO          778    i.UISerialTransmit  ui_serial.o
    0x000035d0   0x0000000a   Code   RO          576    i.UIStatus1LEDBlink  ui.o
    0x000035da   0x0000000a   Code   RO          577    i.UIStatus2LEDBlink  ui.o
    0x000035e4   0x00000004   Code   RO          578    i.UIStop            ui.o
    0x000035e8   0x0000000c   Code   RO          579    i.UIUpdateRate      ui.o
    0x000035f4   0x00000060   Code   RO          580    i.UIUpgrade         ui.o
    0x00003654   0x00000024   Code   RO          581    i.UIVfRange         ui.o
    0x00003678   0x0000005c   Code   RO          823    i.VFGetAmplitude    vf.o
    0x000036d4   0x0000000e   Code   RO         2574    i.__scatterload_copy  mc_w.l(handlers.o)
    0x000036e2   0x00000002   Code   RO         2575    i.__scatterload_null  mc_w.l(handlers.o)
    0x000036e4   0x0000000e   Code   RO         2576    i.__scatterload_zeroinit  mc_w.l(handlers.o)
    0x000036f2   0x00000002   PAD
    0x000036f4   0x00000170   Code   RO          204    i.main              main.o
    0x00003864   0x00000028   Code   RO          464    i.sine              sine.o
    0x0000388c   0x00000102   Data   RO          465    .constdata          sine.o
    0x0000398e   0x00000002   PAD
    0x00003990   0x00000404   Data   RO          582    .constdata          ui.o
    0x00003d94   0x00000004   Data   RO          583    .constdata          ui.o
    0x00003d98   0x00000002   Data   RO          584    .constdata          ui.o
    0x00003d9a   0x00000002   PAD
    0x00003d9c   0x00000004   Data   RO          585    .constdata          ui.o
    0x00003da0   0x00000058   Data   RO          586    .constdata          ui.o
    0x00003df8   0x00000004   Data   RO          587    .constdata          ui.o
    0x00003dfc   0x00000014   Data   RO          588    .constdata          ui.o
    0x00003e10   0x00000004   Data   RO          589    .constdata          ui.o
    0x00003e14   0x00000068   Data   RO         1389    .constdata          driverlib.lib(interrupt.o)
    0x00003e7c   0x0000009c   Data   RO         1845    .constdata          driverlib.lib(sysctl.o)
    0x00003f18   0x00000020   Data   RO         2572    Region$$Table       anon$$obj.o


    Execution Region RW_IRAM (Base: 0x20000000, Size: 0x000005d0, Max: 0x00002000, ABSOLUTE, COMPRESSED[0x0000007c])

    Base Addr    Size         Type   Attr      Idx    E Section Name        Object

    0x20000000   0x00000018   Data   RW            4    .data               adc_ctrl.o
    0x20000018   0x00000008   Data   RW           65    .data               brake.o
    0x20000020   0x0000002c   Data   RW           96    .data               cpu_usage.o
    0x2000004c   0x00000010   Data   RW          132    .data               flash_pb.o
    0x2000005c   0x00000038   Data   RW          205    .data               main.o
    0x20000094   0x00000024   Data   RW          364    .data               pwm_ctrl.o
    0x200000b8   0x00000010   Data   RW          497    .data               speed_sense.o
    0x200000c8   0x000000b4   Data   RW          590    .data               ui.o
    0x2000017c   0x00000002   Data   RW          591    .data               ui.o
    0x2000017e   0x00000002   PAD
    0x20000180   0x00000004   Data   RW          592    .data               ui.o
    0x20000184   0x00000024   Data   RW          745    .data               ui_onboard.o
    0x200001a8   0x00000018   Data   RW          780    .data               ui_serial.o
    0x200001c0   0x0000000a   Zero   RW            3    .bss                adc_ctrl.o
    0x200001ca   0x00000100   Zero   RW          779    .bss                ui_serial.o
    0x200002ca   0x00000006   PAD
    0x200002d0   0x00000300   Zero   RW          534    STACK               startup_rvmdk.o


==============================================================================

Image component sizes


      Code (inc. data)   RO Data    RW Data    ZI Data      Debug   Object Name

       472         32          0         24         10       6333   adc_ctrl.o
       280         30          0          8          0       1084   brake.o
       136          8          0         44          0       1814   cpu_usage.o
       292         22          0         16          0       2937   flash_pb.o
       200         24          0          0          0        978   inrush.o
      2346        238          0         56          0      12646   main.o
      1256        132          0         36          0       7178   pwm_ctrl.o
        40          4        258          0          0        927   sine.o
       196         14          0          0          0        867   sinemod.o
       444         62          0         16          0       2292   speed_sense.o
       188        184          0          0        768        180   startup_rvmdk.o
       160         14          0          0          0        754   svm.o
      1484        190       1154        186          0      15416   ui.o
       372         24          0         36          0       2162   ui_onboard.o
      1640        100          0         24        256       6400   ui_serial.o
        92          8          0          0          0        565   vf.o

    ----------------------------------------------------------------------
      9606       1086       1448        448       1040      62533   Object Totals
         0          0         32          0          0          0   (incl. Generated)
         8          0          4          2          6          1   (incl. Padding)

    ----------------------------------------------------------------------

      Code (inc. data)   RO Data    RW Data    ZI Data      Debug   Library Member Name

       200          0          0          0          0       5411   adc.o
        38          0          0          0          0        356   cpu.o
       212         28          0          0          0       1579   flash.o
       388          0          0          0          0       5875   gpio.o
       258          4        104          0          0       2705   interrupt.o
       170          0          0          0          0       5429   pwm.o
        66          0          0          0          0       3132   qei.o
       958         94        156          0          0       5904   sysctl.o
        60          0          0          0          0       1952   systick.o
       104          0          0          0          0       2853   timer.o
       176          0          0          0          0       4520   uart.o
        92          0          0          0          0          0   __dczerorl2.o
         0          0          0          0          0          0   entry.o
         8          4          0          0          0          0   entry2.o
         4          0          0          0          0          0   entry5.o
         8          4          0          0          0          0   entry7.o
        30          0          0          0          0          0   handlers.o
        36          8          0          0          0         68   init.o

    ----------------------------------------------------------------------
      2822        142        260          0          0      39784   Library Totals
        14          0          0          0          0          0   (incl. Padding)

    ----------------------------------------------------------------------

      Code (inc. data)   RO Data    RW Data    ZI Data      Debug   Library Name

      2630        126        260          0          0      39716   driverlib.lib
       178         16          0          0          0         68   mc_w.l

    ----------------------------------------------------------------------
      2822        142        260          0          0      39784   Library Totals

    ----------------------------------------------------------------------

==============================================================================


      Code (inc. data)   RO Data    RW Data    ZI Data      Debug   

     12428       1228       1708        448       1040      94436   Grand Totals
     12428       1228       1708        124       1040      94436   ELF Image Totals (compressed)
     12428       1228       1708        124          0          0   ROM Totals

==============================================================================

    Total RO  Size (Code + RO Data)                14136 (  13.80kB)
    Total RW  Size (RW Data + ZI Data)              1488 (   1.45kB)
    Total ROM Size (Code + RO Data + RW Data)      14260 (  13.93kB)

==============================================================================

