<html>
<body>
<pre>
<h1>µVision Build Log</h1>
<h2>Project:</h2>
C:\StellarisWare\boards\rdk-acim\qs-acim\qs-acim.uvproj
Project File Date:  07/02/2011

<h2>Output:</h2>
Build target 'qs-acim'
compiling adc_ctrl.c...
compiling brake.c...
compiling cpu_usage.c...
compiling flash_pb.c...
compiling inrush.c...
compiling main.c...
compiling pwm_ctrl.c...
compiling sine.c...
compiling sinemod.c...
compiling speed_sense.c...
assembling startup_rvmdk.S...
compiling svm.c...
compiling ui.c...
compiling ui_onboard.c...
compiling ui_serial.c...
compiling vf.c...
linking...
Program Size: Code=12428 RO-data=1708 RW-data=448 ZI-data=1040  
User command #1: fromelf --bin --output .\rvmdk\qs-acim.bin .\rvmdk\qs-acim.axf
".\rvmdk\qs-acim.axf" - 0 Error(s), 0 Warning(s).
