<!doctype html public "-//w3c//dtd html 4.0 transitional//en">
<html><head>
<title>Static Call Graph - [.\rvmdk\qs-acim.axf]</title></head>
<body><HR>
<H1>Static Call Graph for image .\rvmdk\qs-acim.axf</H1><HR>
<BR><P>#&#060CALLGRAPH&#062# ARM Linker, 4.1 [Build 644]: Last Updated: Sat Jul 02 23:53:11 2011
<BR><P>
<H3>Maximum Stack Usage =        112 bytes + Unknown(Functions without stacksize, Cycles, Untraceable Function Pointers)</H3><H3>
Call chain for Maximum Stack Depth:</H3>
UART0IntHandler &rArr; UISerialScanReceive &rArr; UIRun &rArr; MainRun &rArr; PWMOutputPrecharge &rArr; PWMUpdateDutyCycle
<P>
<H3>
Functions with no stack information
</H3><UL>
 <LI><a href="#[21]">Reset_Handler</a>
</UL>
</UL>
<P>
<H3>
Mutually Recursive functions
</H3> <LI><a href="#[90]">UARTCharPut</a>&nbsp;&nbsp;&nbsp;&rArr;&nbsp;&nbsp;&nbsp;<a href="#[90]">UARTCharPut</a><BR>
 <LI><a href="#[92]">UARTCharGet</a>&nbsp;&nbsp;&nbsp;&rArr;&nbsp;&nbsp;&nbsp;<a href="#[92]">UARTCharGet</a><BR>
 <LI><a href="#[25]">SysCtlDelay</a>&nbsp;&nbsp;&nbsp;&rArr;&nbsp;&nbsp;&nbsp;<a href="#[25]">SysCtlDelay</a><BR>
 <LI><a href="#[94]">UARTConfigSetExpClk</a>&nbsp;&nbsp;&nbsp;&rArr;&nbsp;&nbsp;&nbsp;<a href="#[94]">UARTConfigSetExpClk</a><BR>
</UL>
<P>
<H3>
Function Pointers
</H3><UL>
 <LI><a href="#[d]">ADC0IntHandler</a> from adc_ctrl.o(i.ADC0IntHandler) referenced from startup_rvmdk.o(RESET)
 <LI><a href="#[2]">FaultISR</a> from main.o(i.FaultISR) referenced from startup_rvmdk.o(RESET)
 <LI><a href="#[5]">GPIOBIntHandler</a> from pwm_ctrl.o(i.GPIOBIntHandler) referenced from startup_rvmdk.o(RESET)
 <LI><a href="#[6]">GPIOCIntHandler</a> from speed_sense.o(i.GPIOCIntHandler) referenced from startup_rvmdk.o(RESET)
 <LI><a href="#[7]">GPIODIntHandler</a> from ui.o(i.GPIODIntHandler) referenced from startup_rvmdk.o(RESET)
 <LI><a href="#[3]">IntDefaultHandler</a> from main.o(i.IntDefaultHandler) referenced 27 times from startup_rvmdk.o(RESET)
 <LI><a href="#[1d]">MainClearFaults</a> from main.o(i.MainClearFaults) referenced from ui.o(.constdata)
 <LI><a href="#[b]">MainMillisecondTick</a> from main.o(i.MainMillisecondTick) referenced from startup_rvmdk.o(RESET)
 <LI><a href="#[10]">MainSetFrequency</a> from main.o(i.MainSetFrequency) referenced from ui.o(.constdata)
 <LI><a href="#[a]">MainWaveformTick</a> from main.o(i.MainWaveformTick) referenced from startup_rvmdk.o(RESET)
 <LI><a href="#[1]">NmiSR</a> from main.o(i.NmiSR) referenced from startup_rvmdk.o(RESET)
 <LI><a href="#[9]">PWM0IntHandler</a> from pwm_ctrl.o(i.PWM0IntHandler) referenced from startup_rvmdk.o(RESET)
 <LI><a href="#[16]">PWMSetDeadBand</a> from pwm_ctrl.o(i.PWMSetDeadBand) referenced from ui.o(.constdata)
 <LI><a href="#[18]">PWMSetMinPulseWidth</a> from pwm_ctrl.o(i.PWMSetMinPulseWidth) referenced from ui.o(.constdata)
 <LI><a href="#[c]">QEIIntHandler</a> from speed_sense.o(i.QEIIntHandler) referenced from startup_rvmdk.o(RESET)
 <LI><a href="#[21]">Reset_Handler</a> from startup_rvmdk.o(RESET) referenced from startup_rvmdk.o(RESET)
 <LI><a href="#[4]">SysTickIntHandler</a> from ui.o(i.SysTickIntHandler) referenced from startup_rvmdk.o(RESET)
 <LI><a href="#[8]">UART0IntHandler</a> from ui_serial.o(i.UART0IntHandler) referenced from startup_rvmdk.o(RESET)
 <LI><a href="#[1a]">UIBusComp</a> from ui.o(i.UIBusComp) referenced from ui.o(.constdata)
 <LI><a href="#[20]">UIButtonHold</a> from ui.o(i.UIButtonHold) referenced from ui.o(.constdata)
 <LI><a href="#[1f]">UIButtonPress</a> from ui.o(i.UIButtonPress) referenced from ui.o(.constdata)
 <LI><a href="#[1e]">UIDCBrake</a> from ui.o(i.UIDCBrake) referenced from ui.o(.constdata)
 <LI><a href="#[14]">UIDirectionSet</a> from ui.o(i.UIDirectionSet) referenced from ui.o(.constdata)
 <LI><a href="#[1c]">UIDynamicBrake</a> from ui.o(i.UIDynamicBrake) referenced from ui.o(.constdata)
 <LI><a href="#[12]">UIEncoderPresent</a> from ui.o(i.UIEncoderPresent) referenced from ui.o(.constdata)
 <LI><a href="#[f]">UIFAdjI</a> from ui.o(i.UIFAdjI) referenced 2 times from ui.o(.constdata)
 <LI><a href="#[11]">UILoopMode</a> from ui.o(i.UILoopMode) referenced from ui.o(.constdata)
 <LI><a href="#[13]">UIModulationType</a> from ui.o(i.UIModulationType) referenced from ui.o(.constdata)
 <LI><a href="#[19]">UIMotorType</a> from ui.o(i.UIMotorType) referenced from ui.o(.constdata)
 <LI><a href="#[15]">UIPWMFrequencySet</a> from ui.o(i.UIPWMFrequencySet) referenced from ui.o(.constdata)
 <LI><a href="#[17]">UIUpdateRate</a> from ui.o(i.UIUpdateRate) referenced from ui.o(.constdata)
 <LI><a href="#[1b]">UIVfRange</a> from ui.o(i.UIVfRange) referenced from ui.o(.constdata)
 <LI><a href="#[e]">main</a> from main.o(i.main) referenced from entry7.o(.ARM.Collect$$$$00000007)
</UL>
<P>
<H3>
Global Symbols
</H3>
<P><STRONG><a name="[21]"></a>Reset_Handler</STRONG> (Thumb, 0 bytes, Stack size unknown bytes, startup_rvmdk.o(RESET))

<P><STRONG><a name="[22]"></a>__main</STRONG> (Thumb, 0 bytes, Stack size unknown bytes, entry.o(.ARM.Collect$$$$00000000))

<P><STRONG><a name="[ab]"></a>_main_stk</STRONG> (Thumb, 0 bytes, Stack size unknown bytes, entry2.o(.ARM.Collect$$$$00000001))

<P><STRONG><a name="[23]"></a>_main_scatterload</STRONG> (Thumb, 0 bytes, Stack size unknown bytes, entry5.o(.ARM.Collect$$$$00000004))
<BR><BR>[Calls]<UL><LI><a href="#[24]">&gt;&gt;</a>&nbsp;&nbsp;&nbsp;__scatterload
</UL>

<P><STRONG><a name="[26]"></a>__main_after_scatterload</STRONG> (Thumb, 0 bytes, Stack size unknown bytes, entry5.o(.ARM.Collect$$$$00000004))
<BR><BR>[Called By]<UL><LI><a href="#[24]">&gt;&gt;</a>&nbsp;&nbsp;&nbsp;__scatterload
</UL>

<P><STRONG><a name="[ac]"></a>_main_init</STRONG> (Thumb, 0 bytes, Stack size unknown bytes, entry7.o(.ARM.Collect$$$$00000007))

<P><STRONG><a name="[5a]"></a>MainLongMul</STRONG> (Thumb, 12 bytes, Stack size 0 bytes, main.o(.emb_text))
<BR><BR>[Called By]<UL><LI><a href="#[59]">&gt;&gt;</a>&nbsp;&nbsp;&nbsp;MainFrequencyController
</UL>

<P><STRONG><a name="[25]"></a>SysCtlDelay</STRONG> (Thumb, 6 bytes, Stack size 0 bytes, sysctl.o(.emb_text))
<BR><BR>[Calls]<UL><LI><a href="#[25]">&gt;&gt;</a>&nbsp;&nbsp;&nbsp;SysCtlDelay
</UL>
<BR>[Called By]<UL><LI><a href="#[87]">&gt;&gt;</a>&nbsp;&nbsp;&nbsp;SysCtlClockSet
<LI><a href="#[25]">&gt;&gt;</a>&nbsp;&nbsp;&nbsp;SysCtlDelay
</UL>

<P><STRONG><a name="[56]"></a>CPUcpsid</STRONG> (Thumb, 8 bytes, Stack size 0 bytes, cpu.o(.emb_text))
<BR><BR>[Called By]<UL><LI><a href="#[3e]">&gt;&gt;</a>&nbsp;&nbsp;&nbsp;IntMasterDisable
</UL>

<P><STRONG><a name="[ad]"></a>CPUprimask</STRONG> (Thumb, 6 bytes, Stack size 0 bytes, cpu.o(.emb_text), UNUSED)

<P><STRONG><a name="[ae]"></a>CPUcpsie</STRONG> (Thumb, 8 bytes, Stack size 0 bytes, cpu.o(.emb_text), UNUSED)

<P><STRONG><a name="[88]"></a>CPUwfi</STRONG> (Thumb, 4 bytes, Stack size 0 bytes, cpu.o(.emb_text))
<BR><BR>[Called By]<UL><LI><a href="#[53]">&gt;&gt;</a>&nbsp;&nbsp;&nbsp;SysCtlSleep
</UL>

<P><STRONG><a name="[af]"></a>CPUbasepriSet</STRONG> (Thumb, 6 bytes, Stack size 0 bytes, cpu.o(.emb_text), UNUSED)

<P><STRONG><a name="[b0]"></a>CPUbasepriGet</STRONG> (Thumb, 6 bytes, Stack size 0 bytes, cpu.o(.emb_text), UNUSED)

<P><STRONG><a name="[24]"></a>__scatterload</STRONG> (Thumb, 28 bytes, Stack size 0 bytes, init.o(.text))
<BR><BR>[Calls]<UL><LI><a href="#[26]">&gt;&gt;</a>&nbsp;&nbsp;&nbsp;__main_after_scatterload
</UL>
<BR>[Called By]<UL><LI><a href="#[23]">&gt;&gt;</a>&nbsp;&nbsp;&nbsp;_main_scatterload
</UL>

<P><STRONG><a name="[b1]"></a>__scatterload_rt2</STRONG> (Thumb, 0 bytes, Stack size 0 bytes, init.o(.text), UNUSED)

<P><STRONG><a name="[b2]"></a>__decompress</STRONG> (Thumb, 0 bytes, Stack size unknown bytes, __dczerorl2.o(.text), UNUSED)

<P><STRONG><a name="[b3]"></a>__decompress1</STRONG> (Thumb, 92 bytes, Stack size unknown bytes, __dczerorl2.o(.text), UNUSED)

<P><STRONG><a name="[d]"></a>ADC0IntHandler</STRONG> (Thumb, 330 bytes, Stack size 40 bytes, adc_ctrl.o(i.ADC0IntHandler))
<BR><BR>[Stack]<UL><LI>Max Depth = 40<LI>Call Chain = ADC0IntHandler
</UL>
<BR>[Calls]<UL><LI><a href="#[28]">&gt;&gt;</a>&nbsp;&nbsp;&nbsp;MainIsRunning
<LI><a href="#[27]">&gt;&gt;</a>&nbsp;&nbsp;&nbsp;ADCIntClear
</UL>
<BR>[Address Reference Count : 1]<UL><LI> startup_rvmdk.o(RESET)
</UL>
<P><STRONG><a name="[29]"></a>ADCInit</STRONG> (Thumb, 110 bytes, Stack size 8 bytes, adc_ctrl.o(i.ADCInit))
<BR><BR>[Stack]<UL><LI>Max Depth = 12<LI>Call Chain = ADCInit &rArr; ADCSequenceStepConfigure
</UL>
<BR>[Calls]<UL><LI><a href="#[2a]">&gt;&gt;</a>&nbsp;&nbsp;&nbsp;SysCtlADCSpeedSet
<LI><a href="#[2f]">&gt;&gt;</a>&nbsp;&nbsp;&nbsp;IntEnable
<LI><a href="#[2c]">&gt;&gt;</a>&nbsp;&nbsp;&nbsp;ADCSequenceStepConfigure
<LI><a href="#[2d]">&gt;&gt;</a>&nbsp;&nbsp;&nbsp;ADCSequenceEnable
<LI><a href="#[2b]">&gt;&gt;</a>&nbsp;&nbsp;&nbsp;ADCSequenceConfigure
<LI><a href="#[2e]">&gt;&gt;</a>&nbsp;&nbsp;&nbsp;ADCIntEnable
</UL>
<BR>[Called By]<UL><LI><a href="#[e]">&gt;&gt;</a>&nbsp;&nbsp;&nbsp;main
</UL>

<P><STRONG><a name="[27]"></a>ADCIntClear</STRONG> (Thumb, 10 bytes, Stack size 0 bytes, adc.o(i.ADCIntClear))
<BR><BR>[Called By]<UL><LI><a href="#[d]">&gt;&gt;</a>&nbsp;&nbsp;&nbsp;ADC0IntHandler
</UL>

<P><STRONG><a name="[2e]"></a>ADCIntEnable</STRONG> (Thumb, 16 bytes, Stack size 0 bytes, adc.o(i.ADCIntEnable))
<BR><BR>[Called By]<UL><LI><a href="#[29]">&gt;&gt;</a>&nbsp;&nbsp;&nbsp;ADCInit
</UL>

<P><STRONG><a name="[2b]"></a>ADCSequenceConfigure</STRONG> (Thumb, 50 bytes, Stack size 4 bytes, adc.o(i.ADCSequenceConfigure))
<BR><BR>[Stack]<UL><LI>Max Depth = 4<LI>Call Chain = ADCSequenceConfigure
</UL>
<BR>[Called By]<UL><LI><a href="#[29]">&gt;&gt;</a>&nbsp;&nbsp;&nbsp;ADCInit
</UL>

<P><STRONG><a name="[2d]"></a>ADCSequenceEnable</STRONG> (Thumb, 14 bytes, Stack size 0 bytes, adc.o(i.ADCSequenceEnable))
<BR><BR>[Called By]<UL><LI><a href="#[29]">&gt;&gt;</a>&nbsp;&nbsp;&nbsp;ADCInit
</UL>

<P><STRONG><a name="[2c]"></a>ADCSequenceStepConfigure</STRONG> (Thumb, 110 bytes, Stack size 4 bytes, adc.o(i.ADCSequenceStepConfigure))
<BR><BR>[Stack]<UL><LI>Max Depth = 4<LI>Call Chain = ADCSequenceStepConfigure
</UL>
<BR>[Called By]<UL><LI><a href="#[29]">&gt;&gt;</a>&nbsp;&nbsp;&nbsp;ADCInit
</UL>

<P><STRONG><a name="[30]"></a>BrakeInit</STRONG> (Thumb, 34 bytes, Stack size 8 bytes, brake.o(i.BrakeInit))
<BR><BR>[Stack]<UL><LI>Max Depth = 8<LI>Call Chain = BrakeInit
</UL>
<BR>[Calls]<UL><LI><a href="#[32]">&gt;&gt;</a>&nbsp;&nbsp;&nbsp;GPIOPinWrite
<LI><a href="#[31]">&gt;&gt;</a>&nbsp;&nbsp;&nbsp;GPIODirModeSet
</UL>
<BR>[Called By]<UL><LI><a href="#[e]">&gt;&gt;</a>&nbsp;&nbsp;&nbsp;main
</UL>

<P><STRONG><a name="[33]"></a>BrakeTick</STRONG> (Thumb, 216 bytes, Stack size 32 bytes, brake.o(i.BrakeTick))
<BR><BR>[Stack]<UL><LI>Max Depth = 40<LI>Call Chain = BrakeTick &rArr; UIStatus1LEDBlink &rArr; UILEDBlink
</UL>
<BR>[Calls]<UL><LI><a href="#[34]">&gt;&gt;</a>&nbsp;&nbsp;&nbsp;UIStatus1LEDBlink
<LI><a href="#[32]">&gt;&gt;</a>&nbsp;&nbsp;&nbsp;GPIOPinWrite
</UL>
<BR>[Called By]<UL><LI><a href="#[b]">&gt;&gt;</a>&nbsp;&nbsp;&nbsp;MainMillisecondTick
</UL>

<P><STRONG><a name="[35]"></a>CPUUsageInit</STRONG> (Thumb, 84 bytes, Stack size 16 bytes, cpu_usage.o(i.CPUUsageInit))
<BR><BR>[Stack]<UL><LI>Max Depth = 16<LI>Call Chain = CPUUsageInit
</UL>
<BR>[Calls]<UL><LI><a href="#[3a]">&gt;&gt;</a>&nbsp;&nbsp;&nbsp;TimerLoadSet
<LI><a href="#[3b]">&gt;&gt;</a>&nbsp;&nbsp;&nbsp;TimerEnable
<LI><a href="#[39]">&gt;&gt;</a>&nbsp;&nbsp;&nbsp;TimerConfigure
<LI><a href="#[38]">&gt;&gt;</a>&nbsp;&nbsp;&nbsp;SysCtlPeripheralSleepDisable
<LI><a href="#[37]">&gt;&gt;</a>&nbsp;&nbsp;&nbsp;SysCtlPeripheralEnable
<LI><a href="#[36]">&gt;&gt;</a>&nbsp;&nbsp;&nbsp;SysCtlPeripheralClockGating
</UL>
<BR>[Called By]<UL><LI><a href="#[97]">&gt;&gt;</a>&nbsp;&nbsp;&nbsp;UIInit
</UL>

<P><STRONG><a name="[3c]"></a>CPUUsageTick</STRONG> (Thumb, 44 bytes, Stack size 8 bytes, cpu_usage.o(i.CPUUsageTick))
<BR><BR>[Stack]<UL><LI>Max Depth = 8<LI>Call Chain = CPUUsageTick
</UL>
<BR>[Calls]<UL><LI><a href="#[3d]">&gt;&gt;</a>&nbsp;&nbsp;&nbsp;TimerValueGet
</UL>
<BR>[Called By]<UL><LI><a href="#[4]">&gt;&gt;</a>&nbsp;&nbsp;&nbsp;SysTickIntHandler
</UL>

<P><STRONG><a name="[2]"></a>FaultISR</STRONG> (Thumb, 18 bytes, Stack size 0 bytes, main.o(i.FaultISR))
<BR><BR>[Stack]<UL><LI>Max Depth = 32<LI>Call Chain = FaultISR &rArr; PWMOutputOff &rArr; PWMUpdateDutyCycle
</UL>
<BR>[Calls]<UL><LI><a href="#[3f]">&gt;&gt;</a>&nbsp;&nbsp;&nbsp;PWMOutputOff
<LI><a href="#[3e]">&gt;&gt;</a>&nbsp;&nbsp;&nbsp;IntMasterDisable
<LI><a href="#[40]">&gt;&gt;</a>&nbsp;&nbsp;&nbsp;UIFaultLEDBlink
</UL>
<BR>[Address Reference Count : 1]<UL><LI> startup_rvmdk.o(RESET)
</UL>
<P><STRONG><a name="[45]"></a>FlashErase</STRONG> (Thumb, 34 bytes, Stack size 0 bytes, flash.o(i.FlashErase))
<BR><BR>[Called By]<UL><LI><a href="#[44]">&gt;&gt;</a>&nbsp;&nbsp;&nbsp;FlashPBSave
</UL>

<P><STRONG><a name="[9f]"></a>FlashPBGet</STRONG> (Thumb, 6 bytes, Stack size 0 bytes, flash_pb.o(i.FlashPBGet))
<BR><BR>[Called By]<UL><LI><a href="#[9d]">&gt;&gt;</a>&nbsp;&nbsp;&nbsp;UIParamLoad
</UL>

<P><STRONG><a name="[41]"></a>FlashPBInit</STRONG> (Thumb, 114 bytes, Stack size 24 bytes, flash_pb.o(i.FlashPBInit))
<BR><BR>[Stack]<UL><LI>Max Depth = 32<LI>Call Chain = FlashPBInit &rArr; SysCtlClockGet
</UL>
<BR>[Calls]<UL><LI><a href="#[42]">&gt;&gt;</a>&nbsp;&nbsp;&nbsp;SysCtlClockGet
<LI><a href="#[43]">&gt;&gt;</a>&nbsp;&nbsp;&nbsp;FlashUsecSet
</UL>
<BR>[Called By]<UL><LI><a href="#[e]">&gt;&gt;</a>&nbsp;&nbsp;&nbsp;main
</UL>

<P><STRONG><a name="[44]"></a>FlashPBSave</STRONG> (Thumb, 150 bytes, Stack size 16 bytes, flash_pb.o(i.FlashPBSave))
<BR><BR>[Stack]<UL><LI>Max Depth = 24<LI>Call Chain = FlashPBSave &rArr; FlashProgram
</UL>
<BR>[Calls]<UL><LI><a href="#[46]">&gt;&gt;</a>&nbsp;&nbsp;&nbsp;FlashProgram
<LI><a href="#[45]">&gt;&gt;</a>&nbsp;&nbsp;&nbsp;FlashErase
</UL>
<BR>[Called By]<UL><LI><a href="#[a0]">&gt;&gt;</a>&nbsp;&nbsp;&nbsp;UIParamSave
</UL>

<P><STRONG><a name="[46]"></a>FlashProgram</STRONG> (Thumb, 142 bytes, Stack size 8 bytes, flash.o(i.FlashProgram))
<BR><BR>[Stack]<UL><LI>Max Depth = 8<LI>Call Chain = FlashProgram
</UL>
<BR>[Called By]<UL><LI><a href="#[44]">&gt;&gt;</a>&nbsp;&nbsp;&nbsp;FlashPBSave
</UL>

<P><STRONG><a name="[43]"></a>FlashUsecSet</STRONG> (Thumb, 8 bytes, Stack size 0 bytes, flash.o(i.FlashUsecSet))
<BR><BR>[Called By]<UL><LI><a href="#[41]">&gt;&gt;</a>&nbsp;&nbsp;&nbsp;FlashPBInit
</UL>

<P><STRONG><a name="[5]"></a>GPIOBIntHandler</STRONG> (Thumb, 24 bytes, Stack size 8 bytes, pwm_ctrl.o(i.GPIOBIntHandler))
<BR><BR>[Stack]<UL><LI>Max Depth = 48<LI>Call Chain = GPIOBIntHandler &rArr; MainEmergencyStop &rArr; PWMOutputOff &rArr; PWMUpdateDutyCycle
</UL>
<BR>[Calls]<UL><LI><a href="#[47]">&gt;&gt;</a>&nbsp;&nbsp;&nbsp;GPIOPinIntClear
<LI><a href="#[49]">&gt;&gt;</a>&nbsp;&nbsp;&nbsp;MainSetFault
<LI><a href="#[48]">&gt;&gt;</a>&nbsp;&nbsp;&nbsp;MainEmergencyStop
</UL>
<BR>[Address Reference Count : 1]<UL><LI> startup_rvmdk.o(RESET)
</UL>
<P><STRONG><a name="[6]"></a>GPIOCIntHandler</STRONG> (Thumb, 114 bytes, Stack size 24 bytes, speed_sense.o(i.GPIOCIntHandler))
<BR><BR>[Stack]<UL><LI>Max Depth = 24<LI>Call Chain = GPIOCIntHandler
</UL>
<BR>[Calls]<UL><LI><a href="#[4a]">&gt;&gt;</a>&nbsp;&nbsp;&nbsp;SpeedNewValue
<LI><a href="#[47]">&gt;&gt;</a>&nbsp;&nbsp;&nbsp;GPIOPinIntClear
<LI><a href="#[4b]">&gt;&gt;</a>&nbsp;&nbsp;&nbsp;IntDisable
</UL>
<BR>[Address Reference Count : 1]<UL><LI> startup_rvmdk.o(RESET)
</UL>
<P><STRONG><a name="[7]"></a>GPIODIntHandler</STRONG> (Thumb, 38 bytes, Stack size 8 bytes, ui.o(i.GPIODIntHandler))
<BR><BR>[Stack]<UL><LI>Max Depth = 8<LI>Call Chain = GPIODIntHandler
</UL>
<BR>[Calls]<UL><LI><a href="#[47]">&gt;&gt;</a>&nbsp;&nbsp;&nbsp;GPIOPinIntClear
<LI><a href="#[4c]">&gt;&gt;</a>&nbsp;&nbsp;&nbsp;SysTickValueGet
</UL>
<BR>[Address Reference Count : 1]<UL><LI> startup_rvmdk.o(RESET)
</UL>
<P><STRONG><a name="[31]"></a>GPIODirModeSet</STRONG> (Thumb, 40 bytes, Stack size 0 bytes, gpio.o(i.GPIODirModeSet))
<BR><BR>[Called By]<UL><LI><a href="#[4f]">&gt;&gt;</a>&nbsp;&nbsp;&nbsp;GPIOPinTypeQEI
<LI><a href="#[4d]">&gt;&gt;</a>&nbsp;&nbsp;&nbsp;GPIOPinTypePWM
<LI><a href="#[97]">&gt;&gt;</a>&nbsp;&nbsp;&nbsp;UIInit
<LI><a href="#[71]">&gt;&gt;</a>&nbsp;&nbsp;&nbsp;PWMInit
<LI><a href="#[51]">&gt;&gt;</a>&nbsp;&nbsp;&nbsp;InRushDelay
<LI><a href="#[30]">&gt;&gt;</a>&nbsp;&nbsp;&nbsp;BrakeInit
<LI><a href="#[50]">&gt;&gt;</a>&nbsp;&nbsp;&nbsp;GPIOPinTypeUART
</UL>

<P><STRONG><a name="[78]"></a>GPIOIntTypeSet</STRONG> (Thumb, 58 bytes, Stack size 0 bytes, gpio.o(i.GPIOIntTypeSet))
<BR><BR>[Called By]<UL><LI><a href="#[97]">&gt;&gt;</a>&nbsp;&nbsp;&nbsp;UIInit
<LI><a href="#[81]">&gt;&gt;</a>&nbsp;&nbsp;&nbsp;SpeedSenseInit
<LI><a href="#[71]">&gt;&gt;</a>&nbsp;&nbsp;&nbsp;PWMInit
</UL>

<P><STRONG><a name="[4e]"></a>GPIOPadConfigSet</STRONG> (Thumb, 176 bytes, Stack size 0 bytes, gpio.o(i.GPIOPadConfigSet))
<BR><BR>[Called By]<UL><LI><a href="#[4f]">&gt;&gt;</a>&nbsp;&nbsp;&nbsp;GPIOPinTypeQEI
<LI><a href="#[4d]">&gt;&gt;</a>&nbsp;&nbsp;&nbsp;GPIOPinTypePWM
<LI><a href="#[e]">&gt;&gt;</a>&nbsp;&nbsp;&nbsp;main
<LI><a href="#[50]">&gt;&gt;</a>&nbsp;&nbsp;&nbsp;GPIOPinTypeUART
</UL>

<P><STRONG><a name="[47]"></a>GPIOPinIntClear</STRONG> (Thumb, 6 bytes, Stack size 0 bytes, gpio.o(i.GPIOPinIntClear))
<BR><BR>[Called By]<UL><LI><a href="#[7]">&gt;&gt;</a>&nbsp;&nbsp;&nbsp;GPIODIntHandler
<LI><a href="#[6]">&gt;&gt;</a>&nbsp;&nbsp;&nbsp;GPIOCIntHandler
<LI><a href="#[5]">&gt;&gt;</a>&nbsp;&nbsp;&nbsp;GPIOBIntHandler
<LI><a href="#[71]">&gt;&gt;</a>&nbsp;&nbsp;&nbsp;PWMInit
</UL>

<P><STRONG><a name="[79]"></a>GPIOPinIntEnable</STRONG> (Thumb, 12 bytes, Stack size 0 bytes, gpio.o(i.GPIOPinIntEnable))
<BR><BR>[Called By]<UL><LI><a href="#[97]">&gt;&gt;</a>&nbsp;&nbsp;&nbsp;UIInit
<LI><a href="#[81]">&gt;&gt;</a>&nbsp;&nbsp;&nbsp;SpeedSenseInit
<LI><a href="#[71]">&gt;&gt;</a>&nbsp;&nbsp;&nbsp;PWMInit
</UL>

<P><STRONG><a name="[8a]"></a>GPIOPinRead</STRONG> (Thumb, 6 bytes, Stack size 0 bytes, gpio.o(i.GPIOPinRead))
<BR><BR>[Called By]<UL><LI><a href="#[4]">&gt;&gt;</a>&nbsp;&nbsp;&nbsp;SysTickIntHandler
<LI><a href="#[97]">&gt;&gt;</a>&nbsp;&nbsp;&nbsp;UIInit
</UL>

<P><STRONG><a name="[4d]"></a>GPIOPinTypePWM</STRONG> (Thumb, 28 bytes, Stack size 12 bytes, gpio.o(i.GPIOPinTypePWM))
<BR><BR>[Stack]<UL><LI>Max Depth = 12<LI>Call Chain = GPIOPinTypePWM
</UL>
<BR>[Calls]<UL><LI><a href="#[4e]">&gt;&gt;</a>&nbsp;&nbsp;&nbsp;GPIOPadConfigSet
<LI><a href="#[31]">&gt;&gt;</a>&nbsp;&nbsp;&nbsp;GPIODirModeSet
</UL>
<BR>[Called By]<UL><LI><a href="#[71]">&gt;&gt;</a>&nbsp;&nbsp;&nbsp;PWMInit
</UL>

<P><STRONG><a name="[4f]"></a>GPIOPinTypeQEI</STRONG> (Thumb, 28 bytes, Stack size 12 bytes, gpio.o(i.GPIOPinTypeQEI))
<BR><BR>[Stack]<UL><LI>Max Depth = 12<LI>Call Chain = GPIOPinTypeQEI
</UL>
<BR>[Calls]<UL><LI><a href="#[4e]">&gt;&gt;</a>&nbsp;&nbsp;&nbsp;GPIOPadConfigSet
<LI><a href="#[31]">&gt;&gt;</a>&nbsp;&nbsp;&nbsp;GPIODirModeSet
</UL>
<BR>[Called By]<UL><LI><a href="#[81]">&gt;&gt;</a>&nbsp;&nbsp;&nbsp;SpeedSenseInit
</UL>

<P><STRONG><a name="[50]"></a>GPIOPinTypeUART</STRONG> (Thumb, 28 bytes, Stack size 12 bytes, gpio.o(i.GPIOPinTypeUART))
<BR><BR>[Stack]<UL><LI>Max Depth = 12<LI>Call Chain = GPIOPinTypeUART
</UL>
<BR>[Calls]<UL><LI><a href="#[4e]">&gt;&gt;</a>&nbsp;&nbsp;&nbsp;GPIOPadConfigSet
<LI><a href="#[31]">&gt;&gt;</a>&nbsp;&nbsp;&nbsp;GPIODirModeSet
</UL>
<BR>[Called By]<UL><LI><a href="#[98]">&gt;&gt;</a>&nbsp;&nbsp;&nbsp;UISerialInit
</UL>

<P><STRONG><a name="[32]"></a>GPIOPinWrite</STRONG> (Thumb, 6 bytes, Stack size 0 bytes, gpio.o(i.GPIOPinWrite))
<BR><BR>[Called By]<UL><LI><a href="#[96]">&gt;&gt;</a>&nbsp;&nbsp;&nbsp;UILEDBlink
<LI><a href="#[4]">&gt;&gt;</a>&nbsp;&nbsp;&nbsp;SysTickIntHandler
<LI><a href="#[97]">&gt;&gt;</a>&nbsp;&nbsp;&nbsp;UIInit
<LI><a href="#[51]">&gt;&gt;</a>&nbsp;&nbsp;&nbsp;InRushDelay
<LI><a href="#[33]">&gt;&gt;</a>&nbsp;&nbsp;&nbsp;BrakeTick
<LI><a href="#[30]">&gt;&gt;</a>&nbsp;&nbsp;&nbsp;BrakeInit
</UL>

<P><STRONG><a name="[51]"></a>InRushDelay</STRONG> (Thumb, 128 bytes, Stack size 16 bytes, inrush.o(i.InRushDelay))
<BR><BR>[Stack]<UL><LI>Max Depth = 24<LI>Call Chain = InRushDelay &rArr; UIFaultLEDBlink &rArr; UILEDBlink
</UL>
<BR>[Calls]<UL><LI><a href="#[40]">&gt;&gt;</a>&nbsp;&nbsp;&nbsp;UIFaultLEDBlink
<LI><a href="#[52]">&gt;&gt;</a>&nbsp;&nbsp;&nbsp;TimerMatchSet
<LI><a href="#[53]">&gt;&gt;</a>&nbsp;&nbsp;&nbsp;SysCtlSleep
<LI><a href="#[3a]">&gt;&gt;</a>&nbsp;&nbsp;&nbsp;TimerLoadSet
<LI><a href="#[3b]">&gt;&gt;</a>&nbsp;&nbsp;&nbsp;TimerEnable
<LI><a href="#[39]">&gt;&gt;</a>&nbsp;&nbsp;&nbsp;TimerConfigure
<LI><a href="#[32]">&gt;&gt;</a>&nbsp;&nbsp;&nbsp;GPIOPinWrite
<LI><a href="#[31]">&gt;&gt;</a>&nbsp;&nbsp;&nbsp;GPIODirModeSet
</UL>
<BR>[Called By]<UL><LI><a href="#[e]">&gt;&gt;</a>&nbsp;&nbsp;&nbsp;main
</UL>

<P><STRONG><a name="[54]"></a>InRushRelayAdjust</STRONG> (Thumb, 48 bytes, Stack size 16 bytes, inrush.o(i.InRushRelayAdjust))
<BR><BR>[Stack]<UL><LI>Max Depth = 16<LI>Call Chain = InRushRelayAdjust
</UL>
<BR>[Calls]<UL><LI><a href="#[52]">&gt;&gt;</a>&nbsp;&nbsp;&nbsp;TimerMatchSet
<LI><a href="#[55]">&gt;&gt;</a>&nbsp;&nbsp;&nbsp;TimerDisable
<LI><a href="#[3a]">&gt;&gt;</a>&nbsp;&nbsp;&nbsp;TimerLoadSet
<LI><a href="#[3b]">&gt;&gt;</a>&nbsp;&nbsp;&nbsp;TimerEnable
</UL>
<BR>[Called By]<UL><LI><a href="#[a3]">&gt;&gt;</a>&nbsp;&nbsp;&nbsp;UIUpgrade
</UL>

<P><STRONG><a name="[3]"></a>IntDefaultHandler</STRONG> (Thumb, 18 bytes, Stack size 0 bytes, main.o(i.IntDefaultHandler))
<BR><BR>[Stack]<UL><LI>Max Depth = 32<LI>Call Chain = IntDefaultHandler &rArr; PWMOutputOff &rArr; PWMUpdateDutyCycle
</UL>
<BR>[Calls]<UL><LI><a href="#[3f]">&gt;&gt;</a>&nbsp;&nbsp;&nbsp;PWMOutputOff
<LI><a href="#[3e]">&gt;&gt;</a>&nbsp;&nbsp;&nbsp;IntMasterDisable
<LI><a href="#[40]">&gt;&gt;</a>&nbsp;&nbsp;&nbsp;UIFaultLEDBlink
</UL>
<BR>[Address Reference Count : 1]<UL><LI> startup_rvmdk.o(RESET)
</UL>
<P><STRONG><a name="[4b]"></a>IntDisable</STRONG> (Thumb, 104 bytes, Stack size 0 bytes, interrupt.o(i.IntDisable))
<BR><BR>[Called By]<UL><LI><a href="#[6]">&gt;&gt;</a>&nbsp;&nbsp;&nbsp;GPIOCIntHandler
<LI><a href="#[7b]">&gt;&gt;</a>&nbsp;&nbsp;&nbsp;PWMSetUpdateRate
<LI><a href="#[65]">&gt;&gt;</a>&nbsp;&nbsp;&nbsp;PWMSetFrequency
<LI><a href="#[6c]">&gt;&gt;</a>&nbsp;&nbsp;&nbsp;PWMSetDutyCycle
<LI><a href="#[69]">&gt;&gt;</a>&nbsp;&nbsp;&nbsp;PWMReducePeriodCount
<LI><a href="#[67]">&gt;&gt;</a>&nbsp;&nbsp;&nbsp;MainUpdateFAdjI
<LI><a href="#[66]">&gt;&gt;</a>&nbsp;&nbsp;&nbsp;MainStop
<LI><a href="#[64]">&gt;&gt;</a>&nbsp;&nbsp;&nbsp;MainSetPWMFrequency
<LI><a href="#[63]">&gt;&gt;</a>&nbsp;&nbsp;&nbsp;MainSetLoopMode
<LI><a href="#[62]">&gt;&gt;</a>&nbsp;&nbsp;&nbsp;MainSetDirection
<LI><a href="#[5f]">&gt;&gt;</a>&nbsp;&nbsp;&nbsp;MainRun
<LI><a href="#[48]">&gt;&gt;</a>&nbsp;&nbsp;&nbsp;MainEmergencyStop
<LI><a href="#[8c]">&gt;&gt;</a>&nbsp;&nbsp;&nbsp;UISerialSendRealTimeData
</UL>

<P><STRONG><a name="[2f]"></a>IntEnable</STRONG> (Thumb, 104 bytes, Stack size 0 bytes, interrupt.o(i.IntEnable))
<BR><BR>[Called By]<UL><LI><a href="#[c]">&gt;&gt;</a>&nbsp;&nbsp;&nbsp;QEIIntHandler
<LI><a href="#[7b]">&gt;&gt;</a>&nbsp;&nbsp;&nbsp;PWMSetUpdateRate
<LI><a href="#[97]">&gt;&gt;</a>&nbsp;&nbsp;&nbsp;UIInit
<LI><a href="#[81]">&gt;&gt;</a>&nbsp;&nbsp;&nbsp;SpeedSenseInit
<LI><a href="#[65]">&gt;&gt;</a>&nbsp;&nbsp;&nbsp;PWMSetFrequency
<LI><a href="#[6c]">&gt;&gt;</a>&nbsp;&nbsp;&nbsp;PWMSetDutyCycle
<LI><a href="#[69]">&gt;&gt;</a>&nbsp;&nbsp;&nbsp;PWMReducePeriodCount
<LI><a href="#[71]">&gt;&gt;</a>&nbsp;&nbsp;&nbsp;PWMInit
<LI><a href="#[67]">&gt;&gt;</a>&nbsp;&nbsp;&nbsp;MainUpdateFAdjI
<LI><a href="#[66]">&gt;&gt;</a>&nbsp;&nbsp;&nbsp;MainStop
<LI><a href="#[64]">&gt;&gt;</a>&nbsp;&nbsp;&nbsp;MainSetPWMFrequency
<LI><a href="#[63]">&gt;&gt;</a>&nbsp;&nbsp;&nbsp;MainSetLoopMode
<LI><a href="#[62]">&gt;&gt;</a>&nbsp;&nbsp;&nbsp;MainSetDirection
<LI><a href="#[5f]">&gt;&gt;</a>&nbsp;&nbsp;&nbsp;MainRun
<LI><a href="#[48]">&gt;&gt;</a>&nbsp;&nbsp;&nbsp;MainEmergencyStop
<LI><a href="#[29]">&gt;&gt;</a>&nbsp;&nbsp;&nbsp;ADCInit
<LI><a href="#[8c]">&gt;&gt;</a>&nbsp;&nbsp;&nbsp;UISerialSendRealTimeData
<LI><a href="#[98]">&gt;&gt;</a>&nbsp;&nbsp;&nbsp;UISerialInit
</UL>

<P><STRONG><a name="[3e]"></a>IntMasterDisable</STRONG> (Thumb, 10 bytes, Stack size 8 bytes, interrupt.o(i.IntMasterDisable))
<BR><BR>[Stack]<UL><LI>Max Depth = 8<LI>Call Chain = IntMasterDisable
</UL>
<BR>[Calls]<UL><LI><a href="#[56]">&gt;&gt;</a>&nbsp;&nbsp;&nbsp;CPUcpsid
</UL>
<BR>[Called By]<UL><LI><a href="#[1]">&gt;&gt;</a>&nbsp;&nbsp;&nbsp;NmiSR
<LI><a href="#[3]">&gt;&gt;</a>&nbsp;&nbsp;&nbsp;IntDefaultHandler
<LI><a href="#[2]">&gt;&gt;</a>&nbsp;&nbsp;&nbsp;FaultISR
</UL>

<P><STRONG><a name="[aa]"></a>IntPrioritySet</STRONG> (Thumb, 36 bytes, Stack size 0 bytes, interrupt.o(i.IntPrioritySet))
<BR><BR>[Called By]<UL><LI><a href="#[e]">&gt;&gt;</a>&nbsp;&nbsp;&nbsp;main
</UL>

<P><STRONG><a name="[1d]"></a>MainClearFaults</STRONG> (Thumb, 12 bytes, Stack size 0 bytes, main.o(i.MainClearFaults))
<BR><BR>[Stack]<UL><LI>Max Depth = 8<LI>Call Chain = MainClearFaults &rArr; UIFaultLEDBlink &rArr; UILEDBlink
</UL>
<BR>[Calls]<UL><LI><a href="#[40]">&gt;&gt;</a>&nbsp;&nbsp;&nbsp;UIFaultLEDBlink
</UL>
<BR>[Called By]<UL><LI><a href="#[e]">&gt;&gt;</a>&nbsp;&nbsp;&nbsp;main
</UL>
<BR>[Address Reference Count : 1]<UL><LI> ui.o(.constdata)
</UL>
<P><STRONG><a name="[48]"></a>MainEmergencyStop</STRONG> (Thumb, 54 bytes, Stack size 8 bytes, main.o(i.MainEmergencyStop))
<BR><BR>[Stack]<UL><LI>Max Depth = 40<LI>Call Chain = MainEmergencyStop &rArr; PWMOutputOff &rArr; PWMUpdateDutyCycle
</UL>
<BR>[Calls]<UL><LI><a href="#[58]">&gt;&gt;</a>&nbsp;&nbsp;&nbsp;UIRunLEDBlink
<LI><a href="#[3f]">&gt;&gt;</a>&nbsp;&nbsp;&nbsp;PWMOutputOff
<LI><a href="#[4b]">&gt;&gt;</a>&nbsp;&nbsp;&nbsp;IntDisable
<LI><a href="#[2f]">&gt;&gt;</a>&nbsp;&nbsp;&nbsp;IntEnable
</UL>
<BR>[Called By]<UL><LI><a href="#[5]">&gt;&gt;</a>&nbsp;&nbsp;&nbsp;GPIOBIntHandler
<LI><a href="#[57]">&gt;&gt;</a>&nbsp;&nbsp;&nbsp;MainCheckFaults
<LI><a href="#[a3]">&gt;&gt;</a>&nbsp;&nbsp;&nbsp;UIUpgrade
<LI><a href="#[95]">&gt;&gt;</a>&nbsp;&nbsp;&nbsp;UIEmergencyStop
</UL>

<P><STRONG><a name="[59]"></a>MainFrequencyController</STRONG> (Thumb, 92 bytes, Stack size 24 bytes, main.o(i.MainFrequencyController))
<BR><BR>[Stack]<UL><LI>Max Depth = 24<LI>Call Chain = MainFrequencyController
</UL>
<BR>[Calls]<UL><LI><a href="#[5a]">&gt;&gt;</a>&nbsp;&nbsp;&nbsp;MainLongMul
</UL>
<BR>[Called By]<UL><LI><a href="#[b]">&gt;&gt;</a>&nbsp;&nbsp;&nbsp;MainMillisecondTick
</UL>

<P><STRONG><a name="[60]"></a>MainIsFaulted</STRONG> (Thumb, 12 bytes, Stack size 0 bytes, main.o(i.MainIsFaulted))
<BR><BR>[Called By]<UL><LI><a href="#[5f]">&gt;&gt;</a>&nbsp;&nbsp;&nbsp;MainRun
</UL>

<P><STRONG><a name="[28]"></a>MainIsRunning</STRONG> (Thumb, 12 bytes, Stack size 0 bytes, main.o(i.MainIsRunning))
<BR><BR>[Called By]<UL><LI><a href="#[19]">&gt;&gt;</a>&nbsp;&nbsp;&nbsp;UIMotorType
<LI><a href="#[13]">&gt;&gt;</a>&nbsp;&nbsp;&nbsp;UIModulationType
<LI><a href="#[1f]">&gt;&gt;</a>&nbsp;&nbsp;&nbsp;UIButtonPress
<LI><a href="#[d]">&gt;&gt;</a>&nbsp;&nbsp;&nbsp;ADC0IntHandler
<LI><a href="#[a0]">&gt;&gt;</a>&nbsp;&nbsp;&nbsp;UIParamSave
<LI><a href="#[9d]">&gt;&gt;</a>&nbsp;&nbsp;&nbsp;UIParamLoad
</UL>

<P><STRONG><a name="[b]"></a>MainMillisecondTick</STRONG> (Thumb, 130 bytes, Stack size 8 bytes, main.o(i.MainMillisecondTick))
<BR><BR>[Stack]<UL><LI>Max Depth = 80<LI>Call Chain = MainMillisecondTick &rArr; MainFrequencyHandler &rArr; PWMOutputOff &rArr; PWMUpdateDutyCycle
</UL>
<BR>[Calls]<UL><LI><a href="#[58]">&gt;&gt;</a>&nbsp;&nbsp;&nbsp;UIRunLEDBlink
<LI><a href="#[3f]">&gt;&gt;</a>&nbsp;&nbsp;&nbsp;PWMOutputOff
<LI><a href="#[59]">&gt;&gt;</a>&nbsp;&nbsp;&nbsp;MainFrequencyController
<LI><a href="#[5d]">&gt;&gt;</a>&nbsp;&nbsp;&nbsp;MainPrechargeHandler
<LI><a href="#[5b]">&gt;&gt;</a>&nbsp;&nbsp;&nbsp;MainFrequencyHandler
<LI><a href="#[57]">&gt;&gt;</a>&nbsp;&nbsp;&nbsp;MainCheckFaults
<LI><a href="#[33]">&gt;&gt;</a>&nbsp;&nbsp;&nbsp;BrakeTick
</UL>
<BR>[Address Reference Count : 1]<UL><LI> startup_rvmdk.o(RESET)
</UL>
<P><STRONG><a name="[5f]"></a>MainRun</STRONG> (Thumb, 114 bytes, Stack size 16 bytes, main.o(i.MainRun))
<BR><BR>[Stack]<UL><LI>Max Depth = 48<LI>Call Chain = MainRun &rArr; PWMOutputPrecharge &rArr; PWMUpdateDutyCycle
</UL>
<BR>[Calls]<UL><LI><a href="#[58]">&gt;&gt;</a>&nbsp;&nbsp;&nbsp;UIRunLEDBlink
<LI><a href="#[61]">&gt;&gt;</a>&nbsp;&nbsp;&nbsp;PWMOutputPrecharge
<LI><a href="#[4b]">&gt;&gt;</a>&nbsp;&nbsp;&nbsp;IntDisable
<LI><a href="#[60]">&gt;&gt;</a>&nbsp;&nbsp;&nbsp;MainIsFaulted
<LI><a href="#[2f]">&gt;&gt;</a>&nbsp;&nbsp;&nbsp;IntEnable
</UL>
<BR>[Called By]<UL><LI><a href="#[1f]">&gt;&gt;</a>&nbsp;&nbsp;&nbsp;UIButtonPress
<LI><a href="#[a1]">&gt;&gt;</a>&nbsp;&nbsp;&nbsp;UIRun
</UL>

<P><STRONG><a name="[62]"></a>MainSetDirection</STRONG> (Thumb, 88 bytes, Stack size 8 bytes, main.o(i.MainSetDirection))
<BR><BR>[Stack]<UL><LI>Max Depth = 8<LI>Call Chain = MainSetDirection
</UL>
<BR>[Calls]<UL><LI><a href="#[4b]">&gt;&gt;</a>&nbsp;&nbsp;&nbsp;IntDisable
<LI><a href="#[2f]">&gt;&gt;</a>&nbsp;&nbsp;&nbsp;IntEnable
</UL>
<BR>[Called By]<UL><LI><a href="#[14]">&gt;&gt;</a>&nbsp;&nbsp;&nbsp;UIDirectionSet
</UL>

<P><STRONG><a name="[49]"></a>MainSetFault</STRONG> (Thumb, 16 bytes, Stack size 0 bytes, main.o(i.MainSetFault))
<BR><BR>[Stack]<UL><LI>Max Depth = 8<LI>Call Chain = MainSetFault &rArr; UIFaultLEDBlink &rArr; UILEDBlink
</UL>
<BR>[Calls]<UL><LI><a href="#[40]">&gt;&gt;</a>&nbsp;&nbsp;&nbsp;UIFaultLEDBlink
</UL>
<BR>[Called By]<UL><LI><a href="#[5]">&gt;&gt;</a>&nbsp;&nbsp;&nbsp;GPIOBIntHandler
<LI><a href="#[57]">&gt;&gt;</a>&nbsp;&nbsp;&nbsp;MainCheckFaults
<LI><a href="#[95]">&gt;&gt;</a>&nbsp;&nbsp;&nbsp;UIEmergencyStop
</UL>

<P><STRONG><a name="[10]"></a>MainSetFrequency</STRONG> (Thumb, 40 bytes, Stack size 0 bytes, main.o(i.MainSetFrequency))
<BR><BR>[Called By]<UL><LI><a href="#[4]">&gt;&gt;</a>&nbsp;&nbsp;&nbsp;SysTickIntHandler
</UL>
<BR>[Address Reference Count : 1]<UL><LI> ui.o(.constdata)
</UL>
<P><STRONG><a name="[63]"></a>MainSetLoopMode</STRONG> (Thumb, 72 bytes, Stack size 8 bytes, main.o(i.MainSetLoopMode))
<BR><BR>[Stack]<UL><LI>Max Depth = 8<LI>Call Chain = MainSetLoopMode
</UL>
<BR>[Calls]<UL><LI><a href="#[4b]">&gt;&gt;</a>&nbsp;&nbsp;&nbsp;IntDisable
<LI><a href="#[2f]">&gt;&gt;</a>&nbsp;&nbsp;&nbsp;IntEnable
</UL>
<BR>[Called By]<UL><LI><a href="#[11]">&gt;&gt;</a>&nbsp;&nbsp;&nbsp;UILoopMode
</UL>

<P><STRONG><a name="[64]"></a>MainSetPWMFrequency</STRONG> (Thumb, 52 bytes, Stack size 8 bytes, main.o(i.MainSetPWMFrequency))
<BR><BR>[Stack]<UL><LI>Max Depth = 16<LI>Call Chain = MainSetPWMFrequency &rArr; PWMSetFrequency
</UL>
<BR>[Calls]<UL><LI><a href="#[65]">&gt;&gt;</a>&nbsp;&nbsp;&nbsp;PWMSetFrequency
<LI><a href="#[4b]">&gt;&gt;</a>&nbsp;&nbsp;&nbsp;IntDisable
<LI><a href="#[2f]">&gt;&gt;</a>&nbsp;&nbsp;&nbsp;IntEnable
</UL>
<BR>[Called By]<UL><LI><a href="#[15]">&gt;&gt;</a>&nbsp;&nbsp;&nbsp;UIPWMFrequencySet
</UL>

<P><STRONG><a name="[66]"></a>MainStop</STRONG> (Thumb, 66 bytes, Stack size 8 bytes, main.o(i.MainStop))
<BR><BR>[Stack]<UL><LI>Max Depth = 8<LI>Call Chain = MainStop
</UL>
<BR>[Calls]<UL><LI><a href="#[4b]">&gt;&gt;</a>&nbsp;&nbsp;&nbsp;IntDisable
<LI><a href="#[2f]">&gt;&gt;</a>&nbsp;&nbsp;&nbsp;IntEnable
</UL>
<BR>[Called By]<UL><LI><a href="#[1f]">&gt;&gt;</a>&nbsp;&nbsp;&nbsp;UIButtonPress
<LI><a href="#[a7]">&gt;&gt;</a>&nbsp;&nbsp;&nbsp;UIStop
</UL>

<P><STRONG><a name="[67]"></a>MainUpdateFAdjI</STRONG> (Thumb, 64 bytes, Stack size 8 bytes, main.o(i.MainUpdateFAdjI))
<BR><BR>[Stack]<UL><LI>Max Depth = 8<LI>Call Chain = MainUpdateFAdjI
</UL>
<BR>[Calls]<UL><LI><a href="#[4b]">&gt;&gt;</a>&nbsp;&nbsp;&nbsp;IntDisable
<LI><a href="#[2f]">&gt;&gt;</a>&nbsp;&nbsp;&nbsp;IntEnable
</UL>
<BR>[Called By]<UL><LI><a href="#[f]">&gt;&gt;</a>&nbsp;&nbsp;&nbsp;UIFAdjI
</UL>

<P><STRONG><a name="[a]"></a>MainWaveformTick</STRONG> (Thumb, 220 bytes, Stack size 40 bytes, main.o(i.MainWaveformTick))
<BR><BR>[Stack]<UL><LI>Max Depth = 80<LI>Call Chain = MainWaveformTick &rArr; SineModulate
</UL>
<BR>[Calls]<UL><LI><a href="#[6a]">&gt;&gt;</a>&nbsp;&nbsp;&nbsp;VFGetAmplitude
<LI><a href="#[6b]">&gt;&gt;</a>&nbsp;&nbsp;&nbsp;SpaceVectorModulate
<LI><a href="#[6d]">&gt;&gt;</a>&nbsp;&nbsp;&nbsp;SineModulate
<LI><a href="#[6c]">&gt;&gt;</a>&nbsp;&nbsp;&nbsp;PWMSetDutyCycle
<LI><a href="#[69]">&gt;&gt;</a>&nbsp;&nbsp;&nbsp;PWMReducePeriodCount
<LI><a href="#[68]">&gt;&gt;</a>&nbsp;&nbsp;&nbsp;PWMGetPeriodCount
</UL>
<BR>[Address Reference Count : 1]<UL><LI> startup_rvmdk.o(RESET)
</UL>
<P><STRONG><a name="[1]"></a>NmiSR</STRONG> (Thumb, 18 bytes, Stack size 0 bytes, main.o(i.NmiSR))
<BR><BR>[Stack]<UL><LI>Max Depth = 32<LI>Call Chain = NmiSR &rArr; PWMOutputOff &rArr; PWMUpdateDutyCycle
</UL>
<BR>[Calls]<UL><LI><a href="#[3f]">&gt;&gt;</a>&nbsp;&nbsp;&nbsp;PWMOutputOff
<LI><a href="#[3e]">&gt;&gt;</a>&nbsp;&nbsp;&nbsp;IntMasterDisable
<LI><a href="#[40]">&gt;&gt;</a>&nbsp;&nbsp;&nbsp;UIFaultLEDBlink
</UL>
<BR>[Address Reference Count : 1]<UL><LI> startup_rvmdk.o(RESET)
</UL>
<P><STRONG><a name="[9]"></a>PWM0IntHandler</STRONG> (Thumb, 180 bytes, Stack size 32 bytes, pwm_ctrl.o(i.PWM0IntHandler))
<BR><BR>[Stack]<UL><LI>Max Depth = 48<LI>Call Chain = PWM0IntHandler &rArr; PWMUpdateDutyCycle
</UL>
<BR>[Calls]<UL><LI><a href="#[6f]">&gt;&gt;</a>&nbsp;&nbsp;&nbsp;PWMGenPeriodSet
<LI><a href="#[6e]">&gt;&gt;</a>&nbsp;&nbsp;&nbsp;PWMGenIntClear
<LI><a href="#[70]">&gt;&gt;</a>&nbsp;&nbsp;&nbsp;PWMUpdateDutyCycle
</UL>
<BR>[Address Reference Count : 1]<UL><LI> startup_rvmdk.o(RESET)
</UL>
<P><STRONG><a name="[7a]"></a>PWMDeadBandEnable</STRONG> (Thumb, 16 bytes, Stack size 0 bytes, pwm.o(i.PWMDeadBandEnable))
<BR><BR>[Called By]<UL><LI><a href="#[16]">&gt;&gt;</a>&nbsp;&nbsp;&nbsp;PWMSetDeadBand
</UL>

<P><STRONG><a name="[72]"></a>PWMGenConfigure</STRONG> (Thumb, 38 bytes, Stack size 0 bytes, pwm.o(i.PWMGenConfigure))
<BR><BR>[Called By]<UL><LI><a href="#[71]">&gt;&gt;</a>&nbsp;&nbsp;&nbsp;PWMInit
</UL>

<P><STRONG><a name="[73]"></a>PWMGenEnable</STRONG> (Thumb, 10 bytes, Stack size 0 bytes, pwm.o(i.PWMGenEnable))
<BR><BR>[Called By]<UL><LI><a href="#[71]">&gt;&gt;</a>&nbsp;&nbsp;&nbsp;PWMInit
</UL>

<P><STRONG><a name="[6e]"></a>PWMGenIntClear</STRONG> (Thumb, 6 bytes, Stack size 0 bytes, pwm.o(i.PWMGenIntClear))
<BR><BR>[Called By]<UL><LI><a href="#[9]">&gt;&gt;</a>&nbsp;&nbsp;&nbsp;PWM0IntHandler
<LI><a href="#[71]">&gt;&gt;</a>&nbsp;&nbsp;&nbsp;PWMInit
</UL>

<P><STRONG><a name="[75]"></a>PWMGenIntTrigEnable</STRONG> (Thumb, 10 bytes, Stack size 0 bytes, pwm.o(i.PWMGenIntTrigEnable))
<BR><BR>[Called By]<UL><LI><a href="#[71]">&gt;&gt;</a>&nbsp;&nbsp;&nbsp;PWMInit
</UL>

<P><STRONG><a name="[6f]"></a>PWMGenPeriodSet</STRONG> (Thumb, 18 bytes, Stack size 0 bytes, pwm.o(i.PWMGenPeriodSet))
<BR><BR>[Called By]<UL><LI><a href="#[9]">&gt;&gt;</a>&nbsp;&nbsp;&nbsp;PWM0IntHandler
<LI><a href="#[61]">&gt;&gt;</a>&nbsp;&nbsp;&nbsp;PWMOutputPrecharge
<LI><a href="#[3f]">&gt;&gt;</a>&nbsp;&nbsp;&nbsp;PWMOutputOff
<LI><a href="#[71]">&gt;&gt;</a>&nbsp;&nbsp;&nbsp;PWMInit
</UL>

<P><STRONG><a name="[68]"></a>PWMGetPeriodCount</STRONG> (Thumb, 6 bytes, Stack size 0 bytes, pwm_ctrl.o(i.PWMGetPeriodCount))
<BR><BR>[Called By]<UL><LI><a href="#[a]">&gt;&gt;</a>&nbsp;&nbsp;&nbsp;MainWaveformTick
</UL>

<P><STRONG><a name="[71]"></a>PWMInit</STRONG> (Thumb, 274 bytes, Stack size 16 bytes, pwm_ctrl.o(i.PWMInit))
<BR><BR>[Stack]<UL><LI>Max Depth = 32<LI>Call Chain = PWMInit &rArr; PWMSetDeadBand
</UL>
<BR>[Calls]<UL><LI><a href="#[74]">&gt;&gt;</a>&nbsp;&nbsp;&nbsp;PWMSyncTimeBase
<LI><a href="#[77]">&gt;&gt;</a>&nbsp;&nbsp;&nbsp;PWMOutputState
<LI><a href="#[76]">&gt;&gt;</a>&nbsp;&nbsp;&nbsp;PWMOutputFault
<LI><a href="#[6f]">&gt;&gt;</a>&nbsp;&nbsp;&nbsp;PWMGenPeriodSet
<LI><a href="#[75]">&gt;&gt;</a>&nbsp;&nbsp;&nbsp;PWMGenIntTrigEnable
<LI><a href="#[6e]">&gt;&gt;</a>&nbsp;&nbsp;&nbsp;PWMGenIntClear
<LI><a href="#[73]">&gt;&gt;</a>&nbsp;&nbsp;&nbsp;PWMGenEnable
<LI><a href="#[72]">&gt;&gt;</a>&nbsp;&nbsp;&nbsp;PWMGenConfigure
<LI><a href="#[4d]">&gt;&gt;</a>&nbsp;&nbsp;&nbsp;GPIOPinTypePWM
<LI><a href="#[79]">&gt;&gt;</a>&nbsp;&nbsp;&nbsp;GPIOPinIntEnable
<LI><a href="#[47]">&gt;&gt;</a>&nbsp;&nbsp;&nbsp;GPIOPinIntClear
<LI><a href="#[78]">&gt;&gt;</a>&nbsp;&nbsp;&nbsp;GPIOIntTypeSet
<LI><a href="#[16]">&gt;&gt;</a>&nbsp;&nbsp;&nbsp;PWMSetDeadBand
<LI><a href="#[70]">&gt;&gt;</a>&nbsp;&nbsp;&nbsp;PWMUpdateDutyCycle
<LI><a href="#[65]">&gt;&gt;</a>&nbsp;&nbsp;&nbsp;PWMSetFrequency
<LI><a href="#[31]">&gt;&gt;</a>&nbsp;&nbsp;&nbsp;GPIODirModeSet
<LI><a href="#[2f]">&gt;&gt;</a>&nbsp;&nbsp;&nbsp;IntEnable
</UL>
<BR>[Called By]<UL><LI><a href="#[e]">&gt;&gt;</a>&nbsp;&nbsp;&nbsp;main
</UL>

<P><STRONG><a name="[5c]"></a>PWMOutputDCBrake</STRONG> (Thumb, 60 bytes, Stack size 16 bytes, pwm_ctrl.o(i.PWMOutputDCBrake))
<BR><BR>[Stack]<UL><LI>Max Depth = 32<LI>Call Chain = PWMOutputDCBrake &rArr; PWMUpdateDutyCycle
</UL>
<BR>[Calls]<UL><LI><a href="#[77]">&gt;&gt;</a>&nbsp;&nbsp;&nbsp;PWMOutputState
<LI><a href="#[70]">&gt;&gt;</a>&nbsp;&nbsp;&nbsp;PWMUpdateDutyCycle
</UL>
<BR>[Called By]<UL><LI><a href="#[5b]">&gt;&gt;</a>&nbsp;&nbsp;&nbsp;MainFrequencyHandler
</UL>

<P><STRONG><a name="[76]"></a>PWMOutputFault</STRONG> (Thumb, 16 bytes, Stack size 0 bytes, pwm.o(i.PWMOutputFault))
<BR><BR>[Called By]<UL><LI><a href="#[71]">&gt;&gt;</a>&nbsp;&nbsp;&nbsp;PWMInit
</UL>

<P><STRONG><a name="[3f]"></a>PWMOutputOff</STRONG> (Thumb, 68 bytes, Stack size 16 bytes, pwm_ctrl.o(i.PWMOutputOff))
<BR><BR>[Stack]<UL><LI>Max Depth = 32<LI>Call Chain = PWMOutputOff &rArr; PWMUpdateDutyCycle
</UL>
<BR>[Calls]<UL><LI><a href="#[77]">&gt;&gt;</a>&nbsp;&nbsp;&nbsp;PWMOutputState
<LI><a href="#[6f]">&gt;&gt;</a>&nbsp;&nbsp;&nbsp;PWMGenPeriodSet
<LI><a href="#[70]">&gt;&gt;</a>&nbsp;&nbsp;&nbsp;PWMUpdateDutyCycle
</UL>
<BR>[Called By]<UL><LI><a href="#[1]">&gt;&gt;</a>&nbsp;&nbsp;&nbsp;NmiSR
<LI><a href="#[b]">&gt;&gt;</a>&nbsp;&nbsp;&nbsp;MainMillisecondTick
<LI><a href="#[48]">&gt;&gt;</a>&nbsp;&nbsp;&nbsp;MainEmergencyStop
<LI><a href="#[3]">&gt;&gt;</a>&nbsp;&nbsp;&nbsp;IntDefaultHandler
<LI><a href="#[2]">&gt;&gt;</a>&nbsp;&nbsp;&nbsp;FaultISR
<LI><a href="#[5b]">&gt;&gt;</a>&nbsp;&nbsp;&nbsp;MainFrequencyHandler
</UL>

<P><STRONG><a name="[5e]"></a>PWMOutputOn</STRONG> (Thumb, 10 bytes, Stack size 0 bytes, pwm_ctrl.o(i.PWMOutputOn))
<BR><BR>[Calls]<UL><LI><a href="#[77]">&gt;&gt;</a>&nbsp;&nbsp;&nbsp;PWMOutputState
</UL>
<BR>[Called By]<UL><LI><a href="#[5d]">&gt;&gt;</a>&nbsp;&nbsp;&nbsp;MainPrechargeHandler
</UL>

<P><STRONG><a name="[61]"></a>PWMOutputPrecharge</STRONG> (Thumb, 74 bytes, Stack size 16 bytes, pwm_ctrl.o(i.PWMOutputPrecharge))
<BR><BR>[Stack]<UL><LI>Max Depth = 32<LI>Call Chain = PWMOutputPrecharge &rArr; PWMUpdateDutyCycle
</UL>
<BR>[Calls]<UL><LI><a href="#[77]">&gt;&gt;</a>&nbsp;&nbsp;&nbsp;PWMOutputState
<LI><a href="#[6f]">&gt;&gt;</a>&nbsp;&nbsp;&nbsp;PWMGenPeriodSet
<LI><a href="#[70]">&gt;&gt;</a>&nbsp;&nbsp;&nbsp;PWMUpdateDutyCycle
</UL>
<BR>[Called By]<UL><LI><a href="#[5f]">&gt;&gt;</a>&nbsp;&nbsp;&nbsp;MainRun
</UL>

<P><STRONG><a name="[77]"></a>PWMOutputState</STRONG> (Thumb, 16 bytes, Stack size 0 bytes, pwm.o(i.PWMOutputState))
<BR><BR>[Called By]<UL><LI><a href="#[61]">&gt;&gt;</a>&nbsp;&nbsp;&nbsp;PWMOutputPrecharge
<LI><a href="#[5e]">&gt;&gt;</a>&nbsp;&nbsp;&nbsp;PWMOutputOn
<LI><a href="#[3f]">&gt;&gt;</a>&nbsp;&nbsp;&nbsp;PWMOutputOff
<LI><a href="#[5c]">&gt;&gt;</a>&nbsp;&nbsp;&nbsp;PWMOutputDCBrake
<LI><a href="#[71]">&gt;&gt;</a>&nbsp;&nbsp;&nbsp;PWMInit
</UL>

<P><STRONG><a name="[7c]"></a>PWMPulseWidthSet</STRONG> (Thumb, 32 bytes, Stack size 0 bytes, pwm.o(i.PWMPulseWidthSet))
<BR><BR>[Called By]<UL><LI><a href="#[70]">&gt;&gt;</a>&nbsp;&nbsp;&nbsp;PWMUpdateDutyCycle
</UL>

<P><STRONG><a name="[69]"></a>PWMReducePeriodCount</STRONG> (Thumb, 28 bytes, Stack size 8 bytes, pwm_ctrl.o(i.PWMReducePeriodCount))
<BR><BR>[Stack]<UL><LI>Max Depth = 8<LI>Call Chain = PWMReducePeriodCount
</UL>
<BR>[Calls]<UL><LI><a href="#[4b]">&gt;&gt;</a>&nbsp;&nbsp;&nbsp;IntDisable
<LI><a href="#[2f]">&gt;&gt;</a>&nbsp;&nbsp;&nbsp;IntEnable
</UL>
<BR>[Called By]<UL><LI><a href="#[a]">&gt;&gt;</a>&nbsp;&nbsp;&nbsp;MainWaveformTick
</UL>

<P><STRONG><a name="[16]"></a>PWMSetDeadBand</STRONG> (Thumb, 50 bytes, Stack size 16 bytes, pwm_ctrl.o(i.PWMSetDeadBand))
<BR><BR>[Stack]<UL><LI>Max Depth = 16<LI>Call Chain = PWMSetDeadBand
</UL>
<BR>[Calls]<UL><LI><a href="#[7a]">&gt;&gt;</a>&nbsp;&nbsp;&nbsp;PWMDeadBandEnable
<LI><a href="#[18]">&gt;&gt;</a>&nbsp;&nbsp;&nbsp;PWMSetMinPulseWidth
</UL>
<BR>[Called By]<UL><LI><a href="#[71]">&gt;&gt;</a>&nbsp;&nbsp;&nbsp;PWMInit
</UL>
<BR>[Address Reference Count : 1]<UL><LI> ui.o(.constdata)
</UL>
<P><STRONG><a name="[6c]"></a>PWMSetDutyCycle</STRONG> (Thumb, 56 bytes, Stack size 16 bytes, pwm_ctrl.o(i.PWMSetDutyCycle))
<BR><BR>[Stack]<UL><LI>Max Depth = 16<LI>Call Chain = PWMSetDutyCycle
</UL>
<BR>[Calls]<UL><LI><a href="#[4b]">&gt;&gt;</a>&nbsp;&nbsp;&nbsp;IntDisable
<LI><a href="#[2f]">&gt;&gt;</a>&nbsp;&nbsp;&nbsp;IntEnable
</UL>
<BR>[Called By]<UL><LI><a href="#[a]">&gt;&gt;</a>&nbsp;&nbsp;&nbsp;MainWaveformTick
</UL>

<P><STRONG><a name="[65]"></a>PWMSetFrequency</STRONG> (Thumb, 108 bytes, Stack size 8 bytes, pwm_ctrl.o(i.PWMSetFrequency))
<BR><BR>[Stack]<UL><LI>Max Depth = 8<LI>Call Chain = PWMSetFrequency
</UL>
<BR>[Calls]<UL><LI><a href="#[4b]">&gt;&gt;</a>&nbsp;&nbsp;&nbsp;IntDisable
<LI><a href="#[2f]">&gt;&gt;</a>&nbsp;&nbsp;&nbsp;IntEnable
</UL>
<BR>[Called By]<UL><LI><a href="#[71]">&gt;&gt;</a>&nbsp;&nbsp;&nbsp;PWMInit
<LI><a href="#[64]">&gt;&gt;</a>&nbsp;&nbsp;&nbsp;MainSetPWMFrequency
</UL>

<P><STRONG><a name="[18]"></a>PWMSetMinPulseWidth</STRONG> (Thumb, 48 bytes, Stack size 0 bytes, pwm_ctrl.o(i.PWMSetMinPulseWidth))
<BR><BR>[Called By]<UL><LI><a href="#[16]">&gt;&gt;</a>&nbsp;&nbsp;&nbsp;PWMSetDeadBand
</UL>
<BR>[Address Reference Count : 1]<UL><LI> ui.o(.constdata)
</UL>
<P><STRONG><a name="[7b]"></a>PWMSetUpdateRate</STRONG> (Thumb, 24 bytes, Stack size 8 bytes, pwm_ctrl.o(i.PWMSetUpdateRate))
<BR><BR>[Stack]<UL><LI>Max Depth = 8<LI>Call Chain = PWMSetUpdateRate
</UL>
<BR>[Calls]<UL><LI><a href="#[4b]">&gt;&gt;</a>&nbsp;&nbsp;&nbsp;IntDisable
<LI><a href="#[2f]">&gt;&gt;</a>&nbsp;&nbsp;&nbsp;IntEnable
</UL>
<BR>[Called By]<UL><LI><a href="#[17]">&gt;&gt;</a>&nbsp;&nbsp;&nbsp;UIUpdateRate
</UL>

<P><STRONG><a name="[74]"></a>PWMSyncTimeBase</STRONG> (Thumb, 4 bytes, Stack size 0 bytes, pwm.o(i.PWMSyncTimeBase))
<BR><BR>[Called By]<UL><LI><a href="#[71]">&gt;&gt;</a>&nbsp;&nbsp;&nbsp;PWMInit
</UL>

<P><STRONG><a name="[7d]"></a>PWMSyncUpdate</STRONG> (Thumb, 4 bytes, Stack size 0 bytes, pwm.o(i.PWMSyncUpdate))
<BR><BR>[Called By]<UL><LI><a href="#[70]">&gt;&gt;</a>&nbsp;&nbsp;&nbsp;PWMUpdateDutyCycle
</UL>

<P><STRONG><a name="[82]"></a>QEIConfigure</STRONG> (Thumb, 14 bytes, Stack size 0 bytes, qei.o(i.QEIConfigure))
<BR><BR>[Called By]<UL><LI><a href="#[81]">&gt;&gt;</a>&nbsp;&nbsp;&nbsp;SpeedSenseInit
</UL>

<P><STRONG><a name="[84]"></a>QEIEnable</STRONG> (Thumb, 10 bytes, Stack size 0 bytes, qei.o(i.QEIEnable))
<BR><BR>[Called By]<UL><LI><a href="#[81]">&gt;&gt;</a>&nbsp;&nbsp;&nbsp;SpeedSenseInit
</UL>

<P><STRONG><a name="[7e]"></a>QEIIntClear</STRONG> (Thumb, 4 bytes, Stack size 0 bytes, qei.o(i.QEIIntClear))
<BR><BR>[Called By]<UL><LI><a href="#[c]">&gt;&gt;</a>&nbsp;&nbsp;&nbsp;QEIIntHandler
</UL>

<P><STRONG><a name="[86]"></a>QEIIntEnable</STRONG> (Thumb, 8 bytes, Stack size 0 bytes, qei.o(i.QEIIntEnable))
<BR><BR>[Called By]<UL><LI><a href="#[81]">&gt;&gt;</a>&nbsp;&nbsp;&nbsp;SpeedSenseInit
</UL>

<P><STRONG><a name="[c]"></a>QEIIntHandler</STRONG> (Thumb, 148 bytes, Stack size 32 bytes, speed_sense.o(i.QEIIntHandler))
<BR><BR>[Stack]<UL><LI>Max Depth = 32<LI>Call Chain = QEIIntHandler
</UL>
<BR>[Calls]<UL><LI><a href="#[7f]">&gt;&gt;</a>&nbsp;&nbsp;&nbsp;QEIVelocityGet
<LI><a href="#[7e]">&gt;&gt;</a>&nbsp;&nbsp;&nbsp;QEIIntClear
<LI><a href="#[4a]">&gt;&gt;</a>&nbsp;&nbsp;&nbsp;SpeedNewValue
<LI><a href="#[2f]">&gt;&gt;</a>&nbsp;&nbsp;&nbsp;IntEnable
</UL>
<BR>[Address Reference Count : 1]<UL><LI> startup_rvmdk.o(RESET)
</UL>
<P><STRONG><a name="[83]"></a>QEIVelocityConfigure</STRONG> (Thumb, 16 bytes, Stack size 0 bytes, qei.o(i.QEIVelocityConfigure))
<BR><BR>[Called By]<UL><LI><a href="#[81]">&gt;&gt;</a>&nbsp;&nbsp;&nbsp;SpeedSenseInit
</UL>

<P><STRONG><a name="[85]"></a>QEIVelocityEnable</STRONG> (Thumb, 10 bytes, Stack size 0 bytes, qei.o(i.QEIVelocityEnable))
<BR><BR>[Called By]<UL><LI><a href="#[81]">&gt;&gt;</a>&nbsp;&nbsp;&nbsp;SpeedSenseInit
</UL>

<P><STRONG><a name="[7f]"></a>QEIVelocityGet</STRONG> (Thumb, 4 bytes, Stack size 0 bytes, qei.o(i.QEIVelocityGet))
<BR><BR>[Called By]<UL><LI><a href="#[c]">&gt;&gt;</a>&nbsp;&nbsp;&nbsp;QEIIntHandler
</UL>

<P><STRONG><a name="[6d]"></a>SineModulate</STRONG> (Thumb, 182 bytes, Stack size 40 bytes, sinemod.o(i.SineModulate))
<BR><BR>[Stack]<UL><LI>Max Depth = 40<LI>Call Chain = SineModulate
</UL>
<BR>[Calls]<UL><LI><a href="#[80]">&gt;&gt;</a>&nbsp;&nbsp;&nbsp;sine
</UL>
<BR>[Called By]<UL><LI><a href="#[a]">&gt;&gt;</a>&nbsp;&nbsp;&nbsp;MainWaveformTick
</UL>

<P><STRONG><a name="[6b]"></a>SpaceVectorModulate</STRONG> (Thumb, 152 bytes, Stack size 32 bytes, svm.o(i.SpaceVectorModulate))
<BR><BR>[Stack]<UL><LI>Max Depth = 32<LI>Call Chain = SpaceVectorModulate
</UL>
<BR>[Calls]<UL><LI><a href="#[80]">&gt;&gt;</a>&nbsp;&nbsp;&nbsp;sine
</UL>
<BR>[Called By]<UL><LI><a href="#[a]">&gt;&gt;</a>&nbsp;&nbsp;&nbsp;MainWaveformTick
</UL>

<P><STRONG><a name="[81]"></a>SpeedSenseInit</STRONG> (Thumb, 88 bytes, Stack size 8 bytes, speed_sense.o(i.SpeedSenseInit))
<BR><BR>[Stack]<UL><LI>Max Depth = 20<LI>Call Chain = SpeedSenseInit &rArr; GPIOPinTypeQEI
</UL>
<BR>[Calls]<UL><LI><a href="#[85]">&gt;&gt;</a>&nbsp;&nbsp;&nbsp;QEIVelocityEnable
<LI><a href="#[83]">&gt;&gt;</a>&nbsp;&nbsp;&nbsp;QEIVelocityConfigure
<LI><a href="#[86]">&gt;&gt;</a>&nbsp;&nbsp;&nbsp;QEIIntEnable
<LI><a href="#[84]">&gt;&gt;</a>&nbsp;&nbsp;&nbsp;QEIEnable
<LI><a href="#[82]">&gt;&gt;</a>&nbsp;&nbsp;&nbsp;QEIConfigure
<LI><a href="#[4f]">&gt;&gt;</a>&nbsp;&nbsp;&nbsp;GPIOPinTypeQEI
<LI><a href="#[79]">&gt;&gt;</a>&nbsp;&nbsp;&nbsp;GPIOPinIntEnable
<LI><a href="#[78]">&gt;&gt;</a>&nbsp;&nbsp;&nbsp;GPIOIntTypeSet
<LI><a href="#[2f]">&gt;&gt;</a>&nbsp;&nbsp;&nbsp;IntEnable
</UL>
<BR>[Called By]<UL><LI><a href="#[e]">&gt;&gt;</a>&nbsp;&nbsp;&nbsp;main
</UL>

<P><STRONG><a name="[2a]"></a>SysCtlADCSpeedSet</STRONG> (Thumb, 28 bytes, Stack size 0 bytes, sysctl.o(i.SysCtlADCSpeedSet))
<BR><BR>[Called By]<UL><LI><a href="#[29]">&gt;&gt;</a>&nbsp;&nbsp;&nbsp;ADCInit
</UL>

<P><STRONG><a name="[42]"></a>SysCtlClockGet</STRONG> (Thumb, 438 bytes, Stack size 8 bytes, sysctl.o(i.SysCtlClockGet))
<BR><BR>[Stack]<UL><LI>Max Depth = 8<LI>Call Chain = SysCtlClockGet
</UL>
<BR>[Called By]<UL><LI><a href="#[41]">&gt;&gt;</a>&nbsp;&nbsp;&nbsp;FlashPBInit
<LI><a href="#[98]">&gt;&gt;</a>&nbsp;&nbsp;&nbsp;UISerialInit
<LI><a href="#[a3]">&gt;&gt;</a>&nbsp;&nbsp;&nbsp;UIUpgrade
</UL>

<P><STRONG><a name="[87]"></a>SysCtlClockSet</STRONG> (Thumb, 288 bytes, Stack size 24 bytes, sysctl.o(i.SysCtlClockSet))
<BR><BR>[Stack]<UL><LI>Max Depth = 24<LI>Call Chain = SysCtlClockSet
</UL>
<BR>[Calls]<UL><LI><a href="#[25]">&gt;&gt;</a>&nbsp;&nbsp;&nbsp;SysCtlDelay
</UL>
<BR>[Called By]<UL><LI><a href="#[e]">&gt;&gt;</a>&nbsp;&nbsp;&nbsp;main
<LI><a href="#[a3]">&gt;&gt;</a>&nbsp;&nbsp;&nbsp;UIUpgrade
</UL>

<P><STRONG><a name="[36]"></a>SysCtlPeripheralClockGating</STRONG> (Thumb, 20 bytes, Stack size 0 bytes, sysctl.o(i.SysCtlPeripheralClockGating))
<BR><BR>[Called By]<UL><LI><a href="#[e]">&gt;&gt;</a>&nbsp;&nbsp;&nbsp;main
<LI><a href="#[35]">&gt;&gt;</a>&nbsp;&nbsp;&nbsp;CPUUsageInit
</UL>

<P><STRONG><a name="[37]"></a>SysCtlPeripheralEnable</STRONG> (Thumb, 26 bytes, Stack size 0 bytes, sysctl.o(i.SysCtlPeripheralEnable))
<BR><BR>[Called By]<UL><LI><a href="#[e]">&gt;&gt;</a>&nbsp;&nbsp;&nbsp;main
<LI><a href="#[35]">&gt;&gt;</a>&nbsp;&nbsp;&nbsp;CPUUsageInit
<LI><a href="#[98]">&gt;&gt;</a>&nbsp;&nbsp;&nbsp;UISerialInit
</UL>

<P><STRONG><a name="[38]"></a>SysCtlPeripheralSleepDisable</STRONG> (Thumb, 28 bytes, Stack size 0 bytes, sysctl.o(i.SysCtlPeripheralSleepDisable))
<BR><BR>[Called By]<UL><LI><a href="#[35]">&gt;&gt;</a>&nbsp;&nbsp;&nbsp;CPUUsageInit
</UL>

<P><STRONG><a name="[a9]"></a>SysCtlPeripheralSleepEnable</STRONG> (Thumb, 26 bytes, Stack size 0 bytes, sysctl.o(i.SysCtlPeripheralSleepEnable))
<BR><BR>[Called By]<UL><LI><a href="#[e]">&gt;&gt;</a>&nbsp;&nbsp;&nbsp;main
</UL>

<P><STRONG><a name="[53]"></a>SysCtlSleep</STRONG> (Thumb, 4 bytes, Stack size 0 bytes, sysctl.o(i.SysCtlSleep))
<BR><BR>[Calls]<UL><LI><a href="#[88]">&gt;&gt;</a>&nbsp;&nbsp;&nbsp;CPUwfi
</UL>
<BR>[Called By]<UL><LI><a href="#[e]">&gt;&gt;</a>&nbsp;&nbsp;&nbsp;main
<LI><a href="#[51]">&gt;&gt;</a>&nbsp;&nbsp;&nbsp;InRushDelay
</UL>

<P><STRONG><a name="[9c]"></a>SysTickEnable</STRONG> (Thumb, 14 bytes, Stack size 0 bytes, systick.o(i.SysTickEnable))
<BR><BR>[Called By]<UL><LI><a href="#[97]">&gt;&gt;</a>&nbsp;&nbsp;&nbsp;UIInit
</UL>

<P><STRONG><a name="[a8]"></a>SysTickIntDisable</STRONG> (Thumb, 14 bytes, Stack size 0 bytes, systick.o(i.SysTickIntDisable))
<BR><BR>[Called By]<UL><LI><a href="#[a3]">&gt;&gt;</a>&nbsp;&nbsp;&nbsp;UIUpgrade
</UL>

<P><STRONG><a name="[9b]"></a>SysTickIntEnable</STRONG> (Thumb, 14 bytes, Stack size 0 bytes, systick.o(i.SysTickIntEnable))
<BR><BR>[Called By]<UL><LI><a href="#[97]">&gt;&gt;</a>&nbsp;&nbsp;&nbsp;UIInit
</UL>

<P><STRONG><a name="[4]"></a>SysTickIntHandler</STRONG> (Thumb, 194 bytes, Stack size 32 bytes, ui.o(i.SysTickIntHandler))
<BR><BR>[Stack]<UL><LI>Max Depth = 88<LI>Call Chain = SysTickIntHandler &rArr; UISerialSendRealTimeData &rArr; UISerialTransmit
</UL>
<BR>[Calls]<UL><LI><a href="#[10]">&gt;&gt;</a>&nbsp;&nbsp;&nbsp;MainSetFrequency
<LI><a href="#[3c]">&gt;&gt;</a>&nbsp;&nbsp;&nbsp;CPUUsageTick
<LI><a href="#[32]">&gt;&gt;</a>&nbsp;&nbsp;&nbsp;GPIOPinWrite
<LI><a href="#[8c]">&gt;&gt;</a>&nbsp;&nbsp;&nbsp;UISerialSendRealTimeData
<LI><a href="#[8b]">&gt;&gt;</a>&nbsp;&nbsp;&nbsp;UIOnboardSwitchDebouncer
<LI><a href="#[89]">&gt;&gt;</a>&nbsp;&nbsp;&nbsp;UIOnboardPotentiometerFilter
<LI><a href="#[8a]">&gt;&gt;</a>&nbsp;&nbsp;&nbsp;GPIOPinRead
</UL>
<BR>[Address Reference Count : 1]<UL><LI> startup_rvmdk.o(RESET)
</UL>
<P><STRONG><a name="[9a]"></a>SysTickPeriodSet</STRONG> (Thumb, 10 bytes, Stack size 0 bytes, systick.o(i.SysTickPeriodSet))
<BR><BR>[Called By]<UL><LI><a href="#[97]">&gt;&gt;</a>&nbsp;&nbsp;&nbsp;UIInit
</UL>

<P><STRONG><a name="[4c]"></a>SysTickValueGet</STRONG> (Thumb, 8 bytes, Stack size 0 bytes, systick.o(i.SysTickValueGet))
<BR><BR>[Called By]<UL><LI><a href="#[7]">&gt;&gt;</a>&nbsp;&nbsp;&nbsp;GPIODIntHandler
</UL>

<P><STRONG><a name="[39]"></a>TimerConfigure</STRONG> (Thumb, 28 bytes, Stack size 0 bytes, timer.o(i.TimerConfigure))
<BR><BR>[Called By]<UL><LI><a href="#[51]">&gt;&gt;</a>&nbsp;&nbsp;&nbsp;InRushDelay
<LI><a href="#[35]">&gt;&gt;</a>&nbsp;&nbsp;&nbsp;CPUUsageInit
</UL>

<P><STRONG><a name="[55]"></a>TimerDisable</STRONG> (Thumb, 16 bytes, Stack size 0 bytes, timer.o(i.TimerDisable))
<BR><BR>[Called By]<UL><LI><a href="#[54]">&gt;&gt;</a>&nbsp;&nbsp;&nbsp;InRushRelayAdjust
</UL>

<P><STRONG><a name="[3b]"></a>TimerEnable</STRONG> (Thumb, 14 bytes, Stack size 0 bytes, timer.o(i.TimerEnable))
<BR><BR>[Called By]<UL><LI><a href="#[54]">&gt;&gt;</a>&nbsp;&nbsp;&nbsp;InRushRelayAdjust
<LI><a href="#[51]">&gt;&gt;</a>&nbsp;&nbsp;&nbsp;InRushDelay
<LI><a href="#[35]">&gt;&gt;</a>&nbsp;&nbsp;&nbsp;CPUUsageInit
</UL>

<P><STRONG><a name="[3a]"></a>TimerLoadSet</STRONG> (Thumb, 18 bytes, Stack size 0 bytes, timer.o(i.TimerLoadSet))
<BR><BR>[Called By]<UL><LI><a href="#[54]">&gt;&gt;</a>&nbsp;&nbsp;&nbsp;InRushRelayAdjust
<LI><a href="#[51]">&gt;&gt;</a>&nbsp;&nbsp;&nbsp;InRushDelay
<LI><a href="#[35]">&gt;&gt;</a>&nbsp;&nbsp;&nbsp;CPUUsageInit
</UL>

<P><STRONG><a name="[52]"></a>TimerMatchSet</STRONG> (Thumb, 18 bytes, Stack size 0 bytes, timer.o(i.TimerMatchSet))
<BR><BR>[Called By]<UL><LI><a href="#[54]">&gt;&gt;</a>&nbsp;&nbsp;&nbsp;InRushRelayAdjust
<LI><a href="#[51]">&gt;&gt;</a>&nbsp;&nbsp;&nbsp;InRushDelay
</UL>

<P><STRONG><a name="[3d]"></a>TimerValueGet</STRONG> (Thumb, 10 bytes, Stack size 0 bytes, timer.o(i.TimerValueGet))
<BR><BR>[Called By]<UL><LI><a href="#[3c]">&gt;&gt;</a>&nbsp;&nbsp;&nbsp;CPUUsageTick
</UL>

<P><STRONG><a name="[8]"></a>UART0IntHandler</STRONG> (Thumb, 136 bytes, Stack size 24 bytes, ui_serial.o(i.UART0IntHandler))
<BR><BR>[Stack]<UL><LI>Max Depth = 112<LI>Call Chain = UART0IntHandler &rArr; UISerialScanReceive &rArr; UIRun &rArr; MainRun &rArr; PWMOutputPrecharge &rArr; PWMUpdateDutyCycle
</UL>
<BR>[Calls]<UL><LI><a href="#[8f]">&gt;&gt;</a>&nbsp;&nbsp;&nbsp;UARTSpaceAvail
<LI><a href="#[8d]">&gt;&gt;</a>&nbsp;&nbsp;&nbsp;UARTIntStatus
<LI><a href="#[8e]">&gt;&gt;</a>&nbsp;&nbsp;&nbsp;UARTIntClear
<LI><a href="#[91]">&gt;&gt;</a>&nbsp;&nbsp;&nbsp;UARTCharsAvail
<LI><a href="#[90]">&gt;&gt;</a>&nbsp;&nbsp;&nbsp;UARTCharPut
<LI><a href="#[92]">&gt;&gt;</a>&nbsp;&nbsp;&nbsp;UARTCharGet
<LI><a href="#[93]">&gt;&gt;</a>&nbsp;&nbsp;&nbsp;UISerialScanReceive
</UL>
<BR>[Address Reference Count : 1]<UL><LI> startup_rvmdk.o(RESET)
</UL>
<P><STRONG><a name="[92]"></a>UARTCharGet</STRONG> (Thumb, 12 bytes, Stack size 0 bytes, uart.o(i.UARTCharGet))
<BR><BR>[Calls]<UL><LI><a href="#[92]">&gt;&gt;</a>&nbsp;&nbsp;&nbsp;UARTCharGet
</UL>
<BR>[Called By]<UL><LI><a href="#[8]">&gt;&gt;</a>&nbsp;&nbsp;&nbsp;UART0IntHandler
<LI><a href="#[92]">&gt;&gt;</a>&nbsp;&nbsp;&nbsp;UARTCharGet
</UL>

<P><STRONG><a name="[90]"></a>UARTCharPut</STRONG> (Thumb, 12 bytes, Stack size 0 bytes, uart.o(i.UARTCharPut))
<BR><BR>[Calls]<UL><LI><a href="#[90]">&gt;&gt;</a>&nbsp;&nbsp;&nbsp;UARTCharPut
</UL>
<BR>[Called By]<UL><LI><a href="#[8]">&gt;&gt;</a>&nbsp;&nbsp;&nbsp;UART0IntHandler
<LI><a href="#[90]">&gt;&gt;</a>&nbsp;&nbsp;&nbsp;UARTCharPut
<LI><a href="#[a4]">&gt;&gt;</a>&nbsp;&nbsp;&nbsp;UISerialTransmit
</UL>

<P><STRONG><a name="[91]"></a>UARTCharsAvail</STRONG> (Thumb, 10 bytes, Stack size 0 bytes, uart.o(i.UARTCharsAvail))
<BR><BR>[Called By]<UL><LI><a href="#[8]">&gt;&gt;</a>&nbsp;&nbsp;&nbsp;UART0IntHandler
</UL>

<P><STRONG><a name="[94]"></a>UARTConfigSetExpClk</STRONG> (Thumb, 110 bytes, Stack size 0 bytes, uart.o(i.UARTConfigSetExpClk))
<BR><BR>[Calls]<UL><LI><a href="#[94]">&gt;&gt;</a>&nbsp;&nbsp;&nbsp;UARTConfigSetExpClk
</UL>
<BR>[Called By]<UL><LI><a href="#[98]">&gt;&gt;</a>&nbsp;&nbsp;&nbsp;UISerialInit
<LI><a href="#[94]">&gt;&gt;</a>&nbsp;&nbsp;&nbsp;UARTConfigSetExpClk
<LI><a href="#[a3]">&gt;&gt;</a>&nbsp;&nbsp;&nbsp;UIUpgrade
</UL>

<P><STRONG><a name="[8e]"></a>UARTIntClear</STRONG> (Thumb, 4 bytes, Stack size 0 bytes, uart.o(i.UARTIntClear))
<BR><BR>[Called By]<UL><LI><a href="#[8]">&gt;&gt;</a>&nbsp;&nbsp;&nbsp;UART0IntHandler
</UL>

<P><STRONG><a name="[a2]"></a>UARTIntEnable</STRONG> (Thumb, 8 bytes, Stack size 0 bytes, uart.o(i.UARTIntEnable))
<BR><BR>[Called By]<UL><LI><a href="#[98]">&gt;&gt;</a>&nbsp;&nbsp;&nbsp;UISerialInit
</UL>

<P><STRONG><a name="[8d]"></a>UARTIntStatus</STRONG> (Thumb, 10 bytes, Stack size 0 bytes, uart.o(i.UARTIntStatus))
<BR><BR>[Called By]<UL><LI><a href="#[8]">&gt;&gt;</a>&nbsp;&nbsp;&nbsp;UART0IntHandler
</UL>

<P><STRONG><a name="[8f]"></a>UARTSpaceAvail</STRONG> (Thumb, 10 bytes, Stack size 0 bytes, uart.o(i.UARTSpaceAvail))
<BR><BR>[Called By]<UL><LI><a href="#[8]">&gt;&gt;</a>&nbsp;&nbsp;&nbsp;UART0IntHandler
<LI><a href="#[a4]">&gt;&gt;</a>&nbsp;&nbsp;&nbsp;UISerialTransmit
</UL>

<P><STRONG><a name="[95]"></a>UIEmergencyStop</STRONG> (Thumb, 16 bytes, Stack size 8 bytes, ui.o(i.UIEmergencyStop))
<BR><BR>[Stack]<UL><LI>Max Depth = 48<LI>Call Chain = UIEmergencyStop &rArr; MainEmergencyStop &rArr; PWMOutputOff &rArr; PWMUpdateDutyCycle
</UL>
<BR>[Calls]<UL><LI><a href="#[49]">&gt;&gt;</a>&nbsp;&nbsp;&nbsp;MainSetFault
<LI><a href="#[48]">&gt;&gt;</a>&nbsp;&nbsp;&nbsp;MainEmergencyStop
</UL>
<BR>[Called By]<UL><LI><a href="#[93]">&gt;&gt;</a>&nbsp;&nbsp;&nbsp;UISerialScanReceive
</UL>

<P><STRONG><a name="[40]"></a>UIFaultLEDBlink</STRONG> (Thumb, 10 bytes, Stack size 0 bytes, ui.o(i.UIFaultLEDBlink))
<BR><BR>[Stack]<UL><LI>Max Depth = 8<LI>Call Chain = UIFaultLEDBlink &rArr; UILEDBlink
</UL>
<BR>[Calls]<UL><LI><a href="#[96]">&gt;&gt;</a>&nbsp;&nbsp;&nbsp;UILEDBlink
</UL>
<BR>[Called By]<UL><LI><a href="#[1]">&gt;&gt;</a>&nbsp;&nbsp;&nbsp;NmiSR
<LI><a href="#[49]">&gt;&gt;</a>&nbsp;&nbsp;&nbsp;MainSetFault
<LI><a href="#[1d]">&gt;&gt;</a>&nbsp;&nbsp;&nbsp;MainClearFaults
<LI><a href="#[3]">&gt;&gt;</a>&nbsp;&nbsp;&nbsp;IntDefaultHandler
<LI><a href="#[2]">&gt;&gt;</a>&nbsp;&nbsp;&nbsp;FaultISR
<LI><a href="#[51]">&gt;&gt;</a>&nbsp;&nbsp;&nbsp;InRushDelay
<LI><a href="#[a3]">&gt;&gt;</a>&nbsp;&nbsp;&nbsp;UIUpgrade
</UL>

<P><STRONG><a name="[97]"></a>UIInit</STRONG> (Thumb, 180 bytes, Stack size 16 bytes, ui.o(i.UIInit))
<BR><BR>[Stack]<UL><LI>Max Depth = 36<LI>Call Chain = UIInit &rArr; UISerialInit &rArr; GPIOPinTypeUART
</UL>
<BR>[Calls]<UL><LI><a href="#[79]">&gt;&gt;</a>&nbsp;&nbsp;&nbsp;GPIOPinIntEnable
<LI><a href="#[78]">&gt;&gt;</a>&nbsp;&nbsp;&nbsp;GPIOIntTypeSet
<LI><a href="#[35]">&gt;&gt;</a>&nbsp;&nbsp;&nbsp;CPUUsageInit
<LI><a href="#[32]">&gt;&gt;</a>&nbsp;&nbsp;&nbsp;GPIOPinWrite
<LI><a href="#[31]">&gt;&gt;</a>&nbsp;&nbsp;&nbsp;GPIODirModeSet
<LI><a href="#[2f]">&gt;&gt;</a>&nbsp;&nbsp;&nbsp;IntEnable
<LI><a href="#[98]">&gt;&gt;</a>&nbsp;&nbsp;&nbsp;UISerialInit
<LI><a href="#[99]">&gt;&gt;</a>&nbsp;&nbsp;&nbsp;UIOnboardInit
<LI><a href="#[9a]">&gt;&gt;</a>&nbsp;&nbsp;&nbsp;SysTickPeriodSet
<LI><a href="#[9b]">&gt;&gt;</a>&nbsp;&nbsp;&nbsp;SysTickIntEnable
<LI><a href="#[9c]">&gt;&gt;</a>&nbsp;&nbsp;&nbsp;SysTickEnable
<LI><a href="#[8a]">&gt;&gt;</a>&nbsp;&nbsp;&nbsp;GPIOPinRead
<LI><a href="#[9d]">&gt;&gt;</a>&nbsp;&nbsp;&nbsp;UIParamLoad
</UL>
<BR>[Called By]<UL><LI><a href="#[e]">&gt;&gt;</a>&nbsp;&nbsp;&nbsp;main
</UL>

<P><STRONG><a name="[99]"></a>UIOnboardInit</STRONG> (Thumb, 24 bytes, Stack size 0 bytes, ui_onboard.o(i.UIOnboardInit))
<BR><BR>[Called By]<UL><LI><a href="#[97]">&gt;&gt;</a>&nbsp;&nbsp;&nbsp;UIInit
</UL>

<P><STRONG><a name="[89]"></a>UIOnboardPotentiometerFilter</STRONG> (Thumb, 116 bytes, Stack size 12 bytes, ui_onboard.o(i.UIOnboardPotentiometerFilter))
<BR><BR>[Stack]<UL><LI>Max Depth = 12<LI>Call Chain = UIOnboardPotentiometerFilter
</UL>
<BR>[Called By]<UL><LI><a href="#[4]">&gt;&gt;</a>&nbsp;&nbsp;&nbsp;SysTickIntHandler
</UL>

<P><STRONG><a name="[8b]"></a>UIOnboardSwitchDebouncer</STRONG> (Thumb, 208 bytes, Stack size 40 bytes, ui_onboard.o(i.UIOnboardSwitchDebouncer))
<BR><BR>[Stack]<UL><LI>Max Depth = 40<LI>Call Chain = UIOnboardSwitchDebouncer
</UL>
<BR>[Called By]<UL><LI><a href="#[4]">&gt;&gt;</a>&nbsp;&nbsp;&nbsp;SysTickIntHandler
</UL>

<P><STRONG><a name="[9d]"></a>UIParamLoad</STRONG> (Thumb, 198 bytes, Stack size 16 bytes, ui.o(i.UIParamLoad))
<BR><BR>[Stack]<UL><LI>Max Depth = 16<LI>Call Chain = UIParamLoad
</UL>
<BR>[Calls]<UL><LI><a href="#[9f]">&gt;&gt;</a>&nbsp;&nbsp;&nbsp;FlashPBGet
<LI><a href="#[28]">&gt;&gt;</a>&nbsp;&nbsp;&nbsp;MainIsRunning
</UL>
<BR>[Called By]<UL><LI><a href="#[97]">&gt;&gt;</a>&nbsp;&nbsp;&nbsp;UIInit
<LI><a href="#[93]">&gt;&gt;</a>&nbsp;&nbsp;&nbsp;UISerialScanReceive
</UL>

<P><STRONG><a name="[a0]"></a>UIParamSave</STRONG> (Thumb, 22 bytes, Stack size 8 bytes, ui.o(i.UIParamSave))
<BR><BR>[Stack]<UL><LI>Max Depth = 32<LI>Call Chain = UIParamSave &rArr; FlashPBSave &rArr; FlashProgram
</UL>
<BR>[Calls]<UL><LI><a href="#[44]">&gt;&gt;</a>&nbsp;&nbsp;&nbsp;FlashPBSave
<LI><a href="#[28]">&gt;&gt;</a>&nbsp;&nbsp;&nbsp;MainIsRunning
</UL>
<BR>[Called By]<UL><LI><a href="#[93]">&gt;&gt;</a>&nbsp;&nbsp;&nbsp;UISerialScanReceive
</UL>

<P><STRONG><a name="[a1]"></a>UIRun</STRONG> (Thumb, 4 bytes, Stack size 0 bytes, ui.o(i.UIRun))
<BR><BR>[Stack]<UL><LI>Max Depth = 48<LI>Call Chain = UIRun &rArr; MainRun &rArr; PWMOutputPrecharge &rArr; PWMUpdateDutyCycle
</UL>
<BR>[Calls]<UL><LI><a href="#[5f]">&gt;&gt;</a>&nbsp;&nbsp;&nbsp;MainRun
</UL>
<BR>[Called By]<UL><LI><a href="#[93]">&gt;&gt;</a>&nbsp;&nbsp;&nbsp;UISerialScanReceive
</UL>

<P><STRONG><a name="[58]"></a>UIRunLEDBlink</STRONG> (Thumb, 10 bytes, Stack size 0 bytes, ui.o(i.UIRunLEDBlink))
<BR><BR>[Stack]<UL><LI>Max Depth = 8<LI>Call Chain = UIRunLEDBlink &rArr; UILEDBlink
</UL>
<BR>[Calls]<UL><LI><a href="#[96]">&gt;&gt;</a>&nbsp;&nbsp;&nbsp;UILEDBlink
</UL>
<BR>[Called By]<UL><LI><a href="#[e]">&gt;&gt;</a>&nbsp;&nbsp;&nbsp;main
<LI><a href="#[5f]">&gt;&gt;</a>&nbsp;&nbsp;&nbsp;MainRun
<LI><a href="#[b]">&gt;&gt;</a>&nbsp;&nbsp;&nbsp;MainMillisecondTick
<LI><a href="#[48]">&gt;&gt;</a>&nbsp;&nbsp;&nbsp;MainEmergencyStop
<LI><a href="#[5b]">&gt;&gt;</a>&nbsp;&nbsp;&nbsp;MainFrequencyHandler
<LI><a href="#[a3]">&gt;&gt;</a>&nbsp;&nbsp;&nbsp;UIUpgrade
</UL>

<P><STRONG><a name="[98]"></a>UISerialInit</STRONG> (Thumb, 62 bytes, Stack size 8 bytes, ui_serial.o(i.UISerialInit))
<BR><BR>[Stack]<UL><LI>Max Depth = 20<LI>Call Chain = UISerialInit &rArr; GPIOPinTypeUART
</UL>
<BR>[Calls]<UL><LI><a href="#[42]">&gt;&gt;</a>&nbsp;&nbsp;&nbsp;SysCtlClockGet
<LI><a href="#[37]">&gt;&gt;</a>&nbsp;&nbsp;&nbsp;SysCtlPeripheralEnable
<LI><a href="#[2f]">&gt;&gt;</a>&nbsp;&nbsp;&nbsp;IntEnable
<LI><a href="#[a2]">&gt;&gt;</a>&nbsp;&nbsp;&nbsp;UARTIntEnable
<LI><a href="#[50]">&gt;&gt;</a>&nbsp;&nbsp;&nbsp;GPIOPinTypeUART
<LI><a href="#[94]">&gt;&gt;</a>&nbsp;&nbsp;&nbsp;UARTConfigSetExpClk
</UL>
<BR>[Called By]<UL><LI><a href="#[97]">&gt;&gt;</a>&nbsp;&nbsp;&nbsp;UIInit
</UL>

<P><STRONG><a name="[8c]"></a>UISerialSendRealTimeData</STRONG> (Thumb, 130 bytes, Stack size 32 bytes, ui_serial.o(i.UISerialSendRealTimeData))
<BR><BR>[Stack]<UL><LI>Max Depth = 56<LI>Call Chain = UISerialSendRealTimeData &rArr; UISerialTransmit
</UL>
<BR>[Calls]<UL><LI><a href="#[4b]">&gt;&gt;</a>&nbsp;&nbsp;&nbsp;IntDisable
<LI><a href="#[2f]">&gt;&gt;</a>&nbsp;&nbsp;&nbsp;IntEnable
<LI><a href="#[a4]">&gt;&gt;</a>&nbsp;&nbsp;&nbsp;UISerialTransmit
</UL>
<BR>[Called By]<UL><LI><a href="#[4]">&gt;&gt;</a>&nbsp;&nbsp;&nbsp;SysTickIntHandler
</UL>

<P><STRONG><a name="[34]"></a>UIStatus1LEDBlink</STRONG> (Thumb, 10 bytes, Stack size 0 bytes, ui.o(i.UIStatus1LEDBlink))
<BR><BR>[Stack]<UL><LI>Max Depth = 8<LI>Call Chain = UIStatus1LEDBlink &rArr; UILEDBlink
</UL>
<BR>[Calls]<UL><LI><a href="#[96]">&gt;&gt;</a>&nbsp;&nbsp;&nbsp;UILEDBlink
</UL>
<BR>[Called By]<UL><LI><a href="#[33]">&gt;&gt;</a>&nbsp;&nbsp;&nbsp;BrakeTick
<LI><a href="#[a3]">&gt;&gt;</a>&nbsp;&nbsp;&nbsp;UIUpgrade
</UL>

<P><STRONG><a name="[9e]"></a>UIStatus2LEDBlink</STRONG> (Thumb, 10 bytes, Stack size 0 bytes, ui.o(i.UIStatus2LEDBlink))
<BR><BR>[Stack]<UL><LI>Max Depth = 8<LI>Call Chain = UIStatus2LEDBlink &rArr; UILEDBlink
</UL>
<BR>[Calls]<UL><LI><a href="#[96]">&gt;&gt;</a>&nbsp;&nbsp;&nbsp;UILEDBlink
</UL>
<BR>[Called By]<UL><LI><a href="#[13]">&gt;&gt;</a>&nbsp;&nbsp;&nbsp;UIModulationType
<LI><a href="#[a3]">&gt;&gt;</a>&nbsp;&nbsp;&nbsp;UIUpgrade
</UL>

<P><STRONG><a name="[a7]"></a>UIStop</STRONG> (Thumb, 4 bytes, Stack size 0 bytes, ui.o(i.UIStop))
<BR><BR>[Stack]<UL><LI>Max Depth = 8<LI>Call Chain = UIStop &rArr; MainStop
</UL>
<BR>[Calls]<UL><LI><a href="#[66]">&gt;&gt;</a>&nbsp;&nbsp;&nbsp;MainStop
</UL>
<BR>[Called By]<UL><LI><a href="#[93]">&gt;&gt;</a>&nbsp;&nbsp;&nbsp;UISerialScanReceive
</UL>

<P><STRONG><a name="[a3]"></a>UIUpgrade</STRONG> (Thumb, 84 bytes, Stack size 0 bytes, ui.o(i.UIUpgrade))
<BR><BR>[Stack]<UL><LI>Max Depth = 40<LI>Call Chain = UIUpgrade &rArr; MainEmergencyStop &rArr; PWMOutputOff &rArr; PWMUpdateDutyCycle
</UL>
<BR>[Calls]<UL><LI><a href="#[58]">&gt;&gt;</a>&nbsp;&nbsp;&nbsp;UIRunLEDBlink
<LI><a href="#[87]">&gt;&gt;</a>&nbsp;&nbsp;&nbsp;SysCtlClockSet
<LI><a href="#[48]">&gt;&gt;</a>&nbsp;&nbsp;&nbsp;MainEmergencyStop
<LI><a href="#[40]">&gt;&gt;</a>&nbsp;&nbsp;&nbsp;UIFaultLEDBlink
<LI><a href="#[54]">&gt;&gt;</a>&nbsp;&nbsp;&nbsp;InRushRelayAdjust
<LI><a href="#[42]">&gt;&gt;</a>&nbsp;&nbsp;&nbsp;SysCtlClockGet
<LI><a href="#[34]">&gt;&gt;</a>&nbsp;&nbsp;&nbsp;UIStatus1LEDBlink
<LI><a href="#[94]">&gt;&gt;</a>&nbsp;&nbsp;&nbsp;UARTConfigSetExpClk
<LI><a href="#[a8]">&gt;&gt;</a>&nbsp;&nbsp;&nbsp;SysTickIntDisable
<LI><a href="#[9e]">&gt;&gt;</a>&nbsp;&nbsp;&nbsp;UIStatus2LEDBlink
</UL>
<BR>[Called By]<UL><LI><a href="#[93]">&gt;&gt;</a>&nbsp;&nbsp;&nbsp;UISerialScanReceive
</UL>

<P><STRONG><a name="[6a]"></a>VFGetAmplitude</STRONG> (Thumb, 84 bytes, Stack size 0 bytes, vf.o(i.VFGetAmplitude))
<BR><BR>[Called By]<UL><LI><a href="#[a]">&gt;&gt;</a>&nbsp;&nbsp;&nbsp;MainWaveformTick
</UL>

<P><STRONG><a name="[b4]"></a>__scatterload_copy</STRONG> (Thumb, 14 bytes, Stack size unknown bytes, handlers.o(i.__scatterload_copy), UNUSED)

<P><STRONG><a name="[b5]"></a>__scatterload_null</STRONG> (Thumb, 2 bytes, Stack size unknown bytes, handlers.o(i.__scatterload_null), UNUSED)

<P><STRONG><a name="[b6]"></a>__scatterload_zeroinit</STRONG> (Thumb, 14 bytes, Stack size unknown bytes, handlers.o(i.__scatterload_zeroinit), UNUSED)

<P><STRONG><a name="[e]"></a>main</STRONG> (Thumb, 334 bytes, Stack size 0 bytes, main.o(i.main))
<BR><BR>[Stack]<UL><LI>Max Depth = 36<LI>Call Chain = main &rArr; UIInit &rArr; UISerialInit &rArr; GPIOPinTypeUART
</UL>
<BR>[Calls]<UL><LI><a href="#[58]">&gt;&gt;</a>&nbsp;&nbsp;&nbsp;UIRunLEDBlink
<LI><a href="#[97]">&gt;&gt;</a>&nbsp;&nbsp;&nbsp;UIInit
<LI><a href="#[a9]">&gt;&gt;</a>&nbsp;&nbsp;&nbsp;SysCtlPeripheralSleepEnable
<LI><a href="#[87]">&gt;&gt;</a>&nbsp;&nbsp;&nbsp;SysCtlClockSet
<LI><a href="#[81]">&gt;&gt;</a>&nbsp;&nbsp;&nbsp;SpeedSenseInit
<LI><a href="#[71]">&gt;&gt;</a>&nbsp;&nbsp;&nbsp;PWMInit
<LI><a href="#[aa]">&gt;&gt;</a>&nbsp;&nbsp;&nbsp;IntPrioritySet
<LI><a href="#[4e]">&gt;&gt;</a>&nbsp;&nbsp;&nbsp;GPIOPadConfigSet
<LI><a href="#[1d]">&gt;&gt;</a>&nbsp;&nbsp;&nbsp;MainClearFaults
<LI><a href="#[53]">&gt;&gt;</a>&nbsp;&nbsp;&nbsp;SysCtlSleep
<LI><a href="#[51]">&gt;&gt;</a>&nbsp;&nbsp;&nbsp;InRushDelay
<LI><a href="#[41]">&gt;&gt;</a>&nbsp;&nbsp;&nbsp;FlashPBInit
<LI><a href="#[37]">&gt;&gt;</a>&nbsp;&nbsp;&nbsp;SysCtlPeripheralEnable
<LI><a href="#[36]">&gt;&gt;</a>&nbsp;&nbsp;&nbsp;SysCtlPeripheralClockGating
<LI><a href="#[30]">&gt;&gt;</a>&nbsp;&nbsp;&nbsp;BrakeInit
<LI><a href="#[29]">&gt;&gt;</a>&nbsp;&nbsp;&nbsp;ADCInit
</UL>
<BR>[Address Reference Count : 1]<UL><LI> entry7.o(.ARM.Collect$$$$00000007)
</UL>
<P><STRONG><a name="[80]"></a>sine</STRONG> (Thumb, 36 bytes, Stack size 0 bytes, sine.o(i.sine))
<BR><BR>[Called By]<UL><LI><a href="#[6b]">&gt;&gt;</a>&nbsp;&nbsp;&nbsp;SpaceVectorModulate
<LI><a href="#[6d]">&gt;&gt;</a>&nbsp;&nbsp;&nbsp;SineModulate
</UL>
<P>
<H3>
Local Symbols
</H3>
<P><STRONG><a name="[57]"></a>MainCheckFaults</STRONG> (Thumb, 142 bytes, Stack size 16 bytes, main.o(i.MainCheckFaults))
<BR><BR>[Stack]<UL><LI>Max Depth = 56<LI>Call Chain = MainCheckFaults &rArr; MainEmergencyStop &rArr; PWMOutputOff &rArr; PWMUpdateDutyCycle
</UL>
<BR>[Calls]<UL><LI><a href="#[49]">&gt;&gt;</a>&nbsp;&nbsp;&nbsp;MainSetFault
<LI><a href="#[48]">&gt;&gt;</a>&nbsp;&nbsp;&nbsp;MainEmergencyStop
</UL>
<BR>[Called By]<UL><LI><a href="#[b]">&gt;&gt;</a>&nbsp;&nbsp;&nbsp;MainMillisecondTick
</UL>

<P><STRONG><a name="[5b]"></a>MainFrequencyHandler</STRONG> (Thumb, 474 bytes, Stack size 40 bytes, main.o(i.MainFrequencyHandler))
<BR><BR>[Stack]<UL><LI>Max Depth = 72<LI>Call Chain = MainFrequencyHandler &rArr; PWMOutputOff &rArr; PWMUpdateDutyCycle
</UL>
<BR>[Calls]<UL><LI><a href="#[58]">&gt;&gt;</a>&nbsp;&nbsp;&nbsp;UIRunLEDBlink
<LI><a href="#[3f]">&gt;&gt;</a>&nbsp;&nbsp;&nbsp;PWMOutputOff
<LI><a href="#[5c]">&gt;&gt;</a>&nbsp;&nbsp;&nbsp;PWMOutputDCBrake
</UL>
<BR>[Called By]<UL><LI><a href="#[b]">&gt;&gt;</a>&nbsp;&nbsp;&nbsp;MainMillisecondTick
</UL>

<P><STRONG><a name="[5d]"></a>MainPrechargeHandler</STRONG> (Thumb, 48 bytes, Stack size 8 bytes, main.o(i.MainPrechargeHandler))
<BR><BR>[Stack]<UL><LI>Max Depth = 8<LI>Call Chain = MainPrechargeHandler
</UL>
<BR>[Calls]<UL><LI><a href="#[5e]">&gt;&gt;</a>&nbsp;&nbsp;&nbsp;PWMOutputOn
</UL>
<BR>[Called By]<UL><LI><a href="#[b]">&gt;&gt;</a>&nbsp;&nbsp;&nbsp;MainMillisecondTick
</UL>

<P><STRONG><a name="[70]"></a>PWMUpdateDutyCycle</STRONG> (Thumb, 114 bytes, Stack size 16 bytes, pwm_ctrl.o(i.PWMUpdateDutyCycle))
<BR><BR>[Stack]<UL><LI>Max Depth = 16<LI>Call Chain = PWMUpdateDutyCycle
</UL>
<BR>[Calls]<UL><LI><a href="#[7d]">&gt;&gt;</a>&nbsp;&nbsp;&nbsp;PWMSyncUpdate
<LI><a href="#[7c]">&gt;&gt;</a>&nbsp;&nbsp;&nbsp;PWMPulseWidthSet
</UL>
<BR>[Called By]<UL><LI><a href="#[9]">&gt;&gt;</a>&nbsp;&nbsp;&nbsp;PWM0IntHandler
<LI><a href="#[61]">&gt;&gt;</a>&nbsp;&nbsp;&nbsp;PWMOutputPrecharge
<LI><a href="#[3f]">&gt;&gt;</a>&nbsp;&nbsp;&nbsp;PWMOutputOff
<LI><a href="#[5c]">&gt;&gt;</a>&nbsp;&nbsp;&nbsp;PWMOutputDCBrake
<LI><a href="#[71]">&gt;&gt;</a>&nbsp;&nbsp;&nbsp;PWMInit
</UL>

<P><STRONG><a name="[4a]"></a>SpeedNewValue</STRONG> (Thumb, 32 bytes, Stack size 0 bytes, speed_sense.o(i.SpeedNewValue))
<BR><BR>[Called By]<UL><LI><a href="#[c]">&gt;&gt;</a>&nbsp;&nbsp;&nbsp;QEIIntHandler
<LI><a href="#[6]">&gt;&gt;</a>&nbsp;&nbsp;&nbsp;GPIOCIntHandler
</UL>

<P><STRONG><a name="[1a]"></a>UIBusComp</STRONG> (Thumb, 26 bytes, Stack size 0 bytes, ui.o(i.UIBusComp))
<BR>[Address Reference Count : 1]<UL><LI> ui.o(.constdata)
</UL>
<P><STRONG><a name="[20]"></a>UIButtonHold</STRONG> (Thumb, 14 bytes, Stack size 0 bytes, ui.o(i.UIButtonHold))
<BR><BR>[Stack]<UL><LI>Max Depth = 16<LI>Call Chain = UIButtonHold &rArr; UIModulationType &rArr; UIStatus2LEDBlink &rArr; UILEDBlink
</UL>
<BR>[Calls]<UL><LI><a href="#[13]">&gt;&gt;</a>&nbsp;&nbsp;&nbsp;UIModulationType
</UL>
<BR>[Address Reference Count : 1]<UL><LI> ui.o(.constdata)
</UL>
<P><STRONG><a name="[1f]"></a>UIButtonPress</STRONG> (Thumb, 38 bytes, Stack size 8 bytes, ui.o(i.UIButtonPress))
<BR><BR>[Stack]<UL><LI>Max Depth = 56<LI>Call Chain = UIButtonPress &rArr; MainRun &rArr; PWMOutputPrecharge &rArr; PWMUpdateDutyCycle
</UL>
<BR>[Calls]<UL><LI><a href="#[14]">&gt;&gt;</a>&nbsp;&nbsp;&nbsp;UIDirectionSet
<LI><a href="#[66]">&gt;&gt;</a>&nbsp;&nbsp;&nbsp;MainStop
<LI><a href="#[5f]">&gt;&gt;</a>&nbsp;&nbsp;&nbsp;MainRun
<LI><a href="#[28]">&gt;&gt;</a>&nbsp;&nbsp;&nbsp;MainIsRunning
</UL>
<BR>[Address Reference Count : 1]<UL><LI> ui.o(.constdata)
</UL>
<P><STRONG><a name="[1e]"></a>UIDCBrake</STRONG> (Thumb, 26 bytes, Stack size 0 bytes, ui.o(i.UIDCBrake))
<BR>[Address Reference Count : 1]<UL><LI> ui.o(.constdata)
</UL>
<P><STRONG><a name="[14]"></a>UIDirectionSet</STRONG> (Thumb, 46 bytes, Stack size 0 bytes, ui.o(i.UIDirectionSet))
<BR><BR>[Stack]<UL><LI>Max Depth = 8<LI>Call Chain = UIDirectionSet &rArr; MainSetDirection
</UL>
<BR>[Calls]<UL><LI><a href="#[62]">&gt;&gt;</a>&nbsp;&nbsp;&nbsp;MainSetDirection
</UL>
<BR>[Called By]<UL><LI><a href="#[19]">&gt;&gt;</a>&nbsp;&nbsp;&nbsp;UIMotorType
<LI><a href="#[1f]">&gt;&gt;</a>&nbsp;&nbsp;&nbsp;UIButtonPress
</UL>
<BR>[Address Reference Count : 1]<UL><LI> ui.o(.constdata)
</UL>
<P><STRONG><a name="[1c]"></a>UIDynamicBrake</STRONG> (Thumb, 26 bytes, Stack size 0 bytes, ui.o(i.UIDynamicBrake))
<BR>[Address Reference Count : 1]<UL><LI> ui.o(.constdata)
</UL>
<P><STRONG><a name="[12]"></a>UIEncoderPresent</STRONG> (Thumb, 28 bytes, Stack size 0 bytes, ui.o(i.UIEncoderPresent))
<BR><BR>[Stack]<UL><LI>Max Depth = 8<LI>Call Chain = UIEncoderPresent &rArr; UILoopMode &rArr; MainSetLoopMode
</UL>
<BR>[Calls]<UL><LI><a href="#[11]">&gt;&gt;</a>&nbsp;&nbsp;&nbsp;UILoopMode
</UL>
<BR>[Address Reference Count : 1]<UL><LI> ui.o(.constdata)
</UL>
<P><STRONG><a name="[f]"></a>UIFAdjI</STRONG> (Thumb, 8 bytes, Stack size 0 bytes, ui.o(i.UIFAdjI))
<BR><BR>[Stack]<UL><LI>Max Depth = 8<LI>Call Chain = UIFAdjI &rArr; MainUpdateFAdjI
</UL>
<BR>[Calls]<UL><LI><a href="#[67]">&gt;&gt;</a>&nbsp;&nbsp;&nbsp;MainUpdateFAdjI
</UL>
<BR>[Address Reference Count : 1]<UL><LI> ui.o(.constdata)
</UL>
<P><STRONG><a name="[96]"></a>UILEDBlink</STRONG> (Thumb, 62 bytes, Stack size 8 bytes, ui.o(i.UILEDBlink))
<BR><BR>[Stack]<UL><LI>Max Depth = 8<LI>Call Chain = UILEDBlink
</UL>
<BR>[Calls]<UL><LI><a href="#[32]">&gt;&gt;</a>&nbsp;&nbsp;&nbsp;GPIOPinWrite
</UL>
<BR>[Called By]<UL><LI><a href="#[58]">&gt;&gt;</a>&nbsp;&nbsp;&nbsp;UIRunLEDBlink
<LI><a href="#[40]">&gt;&gt;</a>&nbsp;&nbsp;&nbsp;UIFaultLEDBlink
<LI><a href="#[34]">&gt;&gt;</a>&nbsp;&nbsp;&nbsp;UIStatus1LEDBlink
<LI><a href="#[9e]">&gt;&gt;</a>&nbsp;&nbsp;&nbsp;UIStatus2LEDBlink
</UL>

<P><STRONG><a name="[11]"></a>UILoopMode</STRONG> (Thumb, 36 bytes, Stack size 0 bytes, ui.o(i.UILoopMode))
<BR><BR>[Stack]<UL><LI>Max Depth = 8<LI>Call Chain = UILoopMode &rArr; MainSetLoopMode
</UL>
<BR>[Calls]<UL><LI><a href="#[63]">&gt;&gt;</a>&nbsp;&nbsp;&nbsp;MainSetLoopMode
</UL>
<BR>[Called By]<UL><LI><a href="#[12]">&gt;&gt;</a>&nbsp;&nbsp;&nbsp;UIEncoderPresent
</UL>
<BR>[Address Reference Count : 1]<UL><LI> ui.o(.constdata)
</UL>
<P><STRONG><a name="[13]"></a>UIModulationType</STRONG> (Thumb, 72 bytes, Stack size 8 bytes, ui.o(i.UIModulationType))
<BR><BR>[Stack]<UL><LI>Max Depth = 16<LI>Call Chain = UIModulationType &rArr; UIStatus2LEDBlink &rArr; UILEDBlink
</UL>
<BR>[Calls]<UL><LI><a href="#[28]">&gt;&gt;</a>&nbsp;&nbsp;&nbsp;MainIsRunning
<LI><a href="#[9e]">&gt;&gt;</a>&nbsp;&nbsp;&nbsp;UIStatus2LEDBlink
</UL>
<BR>[Called By]<UL><LI><a href="#[19]">&gt;&gt;</a>&nbsp;&nbsp;&nbsp;UIMotorType
<LI><a href="#[20]">&gt;&gt;</a>&nbsp;&nbsp;&nbsp;UIButtonHold
</UL>
<BR>[Address Reference Count : 1]<UL><LI> ui.o(.constdata)
</UL>
<P><STRONG><a name="[19]"></a>UIMotorType</STRONG> (Thumb, 56 bytes, Stack size 8 bytes, ui.o(i.UIMotorType))
<BR><BR>[Stack]<UL><LI>Max Depth = 24<LI>Call Chain = UIMotorType &rArr; UIModulationType &rArr; UIStatus2LEDBlink &rArr; UILEDBlink
</UL>
<BR>[Calls]<UL><LI><a href="#[13]">&gt;&gt;</a>&nbsp;&nbsp;&nbsp;UIModulationType
<LI><a href="#[14]">&gt;&gt;</a>&nbsp;&nbsp;&nbsp;UIDirectionSet
<LI><a href="#[28]">&gt;&gt;</a>&nbsp;&nbsp;&nbsp;MainIsRunning
</UL>
<BR>[Address Reference Count : 1]<UL><LI> ui.o(.constdata)
</UL>
<P><STRONG><a name="[15]"></a>UIPWMFrequencySet</STRONG> (Thumb, 42 bytes, Stack size 0 bytes, ui.o(i.UIPWMFrequencySet))
<BR><BR>[Stack]<UL><LI>Max Depth = 16<LI>Call Chain = UIPWMFrequencySet &rArr; MainSetPWMFrequency &rArr; PWMSetFrequency
</UL>
<BR>[Calls]<UL><LI><a href="#[64]">&gt;&gt;</a>&nbsp;&nbsp;&nbsp;MainSetPWMFrequency
</UL>
<BR>[Address Reference Count : 1]<UL><LI> ui.o(.constdata)
</UL>
<P><STRONG><a name="[17]"></a>UIUpdateRate</STRONG> (Thumb, 8 bytes, Stack size 0 bytes, ui.o(i.UIUpdateRate))
<BR><BR>[Stack]<UL><LI>Max Depth = 8<LI>Call Chain = UIUpdateRate &rArr; PWMSetUpdateRate
</UL>
<BR>[Calls]<UL><LI><a href="#[7b]">&gt;&gt;</a>&nbsp;&nbsp;&nbsp;PWMSetUpdateRate
</UL>
<BR>[Address Reference Count : 1]<UL><LI> ui.o(.constdata)
</UL>
<P><STRONG><a name="[1b]"></a>UIVfRange</STRONG> (Thumb, 26 bytes, Stack size 0 bytes, ui.o(i.UIVfRange))
<BR>[Address Reference Count : 1]<UL><LI> ui.o(.constdata)
</UL>
<P><STRONG><a name="[a5]"></a>UISerialFindParameter</STRONG> (Thumb, 38 bytes, Stack size 8 bytes, ui_serial.o(i.UISerialFindParameter))
<BR><BR>[Stack]<UL><LI>Max Depth = 8<LI>Call Chain = UISerialFindParameter
</UL>
<BR>[Called By]<UL><LI><a href="#[93]">&gt;&gt;</a>&nbsp;&nbsp;&nbsp;UISerialScanReceive
</UL>

<P><STRONG><a name="[a6]"></a>UISerialRangeCheck</STRONG> (Thumb, 188 bytes, Stack size 0 bytes, ui_serial.o(i.UISerialRangeCheck))
<BR><BR>[Called By]<UL><LI><a href="#[93]">&gt;&gt;</a>&nbsp;&nbsp;&nbsp;UISerialScanReceive
</UL>

<P><STRONG><a name="[93]"></a>UISerialScanReceive</STRONG> (Thumb, 876 bytes, Stack size 40 bytes, ui_serial.o(i.UISerialScanReceive))
<BR><BR>[Stack]<UL><LI>Max Depth = 88<LI>Call Chain = UISerialScanReceive &rArr; UIRun &rArr; MainRun &rArr; PWMOutputPrecharge &rArr; PWMUpdateDutyCycle
</UL>
<BR>[Calls]<UL><LI><a href="#[a4]">&gt;&gt;</a>&nbsp;&nbsp;&nbsp;UISerialTransmit
<LI><a href="#[a6]">&gt;&gt;</a>&nbsp;&nbsp;&nbsp;UISerialRangeCheck
<LI><a href="#[a5]">&gt;&gt;</a>&nbsp;&nbsp;&nbsp;UISerialFindParameter
<LI><a href="#[a3]">&gt;&gt;</a>&nbsp;&nbsp;&nbsp;UIUpgrade
<LI><a href="#[a7]">&gt;&gt;</a>&nbsp;&nbsp;&nbsp;UIStop
<LI><a href="#[a1]">&gt;&gt;</a>&nbsp;&nbsp;&nbsp;UIRun
<LI><a href="#[a0]">&gt;&gt;</a>&nbsp;&nbsp;&nbsp;UIParamSave
<LI><a href="#[9d]">&gt;&gt;</a>&nbsp;&nbsp;&nbsp;UIParamLoad
<LI><a href="#[95]">&gt;&gt;</a>&nbsp;&nbsp;&nbsp;UIEmergencyStop
</UL>
<BR>[Called By]<UL><LI><a href="#[8]">&gt;&gt;</a>&nbsp;&nbsp;&nbsp;UART0IntHandler
</UL>

<P><STRONG><a name="[a4]"></a>UISerialTransmit</STRONG> (Thumb, 110 bytes, Stack size 24 bytes, ui_serial.o(i.UISerialTransmit))
<BR><BR>[Stack]<UL><LI>Max Depth = 24<LI>Call Chain = UISerialTransmit
</UL>
<BR>[Calls]<UL><LI><a href="#[8f]">&gt;&gt;</a>&nbsp;&nbsp;&nbsp;UARTSpaceAvail
<LI><a href="#[90]">&gt;&gt;</a>&nbsp;&nbsp;&nbsp;UARTCharPut
</UL>
<BR>[Called By]<UL><LI><a href="#[93]">&gt;&gt;</a>&nbsp;&nbsp;&nbsp;UISerialScanReceive
<LI><a href="#[8c]">&gt;&gt;</a>&nbsp;&nbsp;&nbsp;UISerialSendRealTimeData
</UL>
<P>
<H3>
Undefined Global Symbols
</H3><HR></body></html>
