<html>
<body>
<pre>
<h1>µVision Build Log</h1>
<h2>Project:</h2>
C:\StellarisWare\boards\rdk-bldc\basic-bldc\basic-bldc.uvproj
Project File Date:  07/02/2011

<h2>Output:</h2>
Build target 'basic-bldc'
compiling adc_ctrl.c...
compiling brake.c...
compiling hall_ctrl.c...
compiling main.c...
compiling pwm_ctrl.c...
compiling sine.c...
compiling sinemod.c...
compiling speed_sense.c...
assembling startup_rvmdk.S...
compiling trapmod.c...
compiling ui.c...
compiling ui_onboard.c...
linking...
Program Size: Code=9568 RO-data=360 RW-data=380 ZI-data=4116  
User command #1: fromelf --bin --output .\rvmdk\basic-bldc.bin .\rvmdk\basic-bldc.axf
".\rvmdk\basic-bldc.axf" - 0 Error(s), 0 Warning(s).
